05-09 06:00:44.743  1485  2446 W AppOpService: Ignored setUidMode call for runtime permission app op: uid = 1001, code = SEND_SMS, mode = allow, callingUid = 1001, oldMode = allow
05-09 06:00:44.743  1485  2446 W AppOpService: Ignored setUidMode call for runtime permission app op: uid = 1001, code = READ_CELL_BROADCASTS, mode = allow, callingUid = 1001, oldMode = allow
05-09 06:00:44.749  2413  2413 D ActivityThread: Package [com.arbys.android.arbysapp] reported as REPLACED, but missing application info. Assuming REMOVED.
05-09 06:00:44.755  2413  2413 D ActivityThread: Package [com.arbys.android.arbysapp] reported as REPLACED, but missing application info. Assuming REMOVED.
05-09 06:00:44.765  1485  4283 I DevicePolicyManager: Found incompatible accounts on any user, not allowing bypassing
05-09 06:00:44.767  1485  4283 I DevicePolicyManager: Found incompatible accounts on any user, not allowing bypassing
05-09 06:00:44.819 29246 29246 D ActivityThread: Package [com.arbys.android.arbysapp] reported as REPLACED, but missing application info. Assuming REMOVED.
05-09 06:00:44.820 29246 29246 D ActivityThread: Package [com.arbys.android.arbysapp] reported as REPLACED, but missing application info. Assuming REMOVED.
05-09 06:00:44.848  1485  2981 V Configuration: Updating configuration, locales updated from [en_US] to [af]
05-09 06:00:44.849  1485  2981 V Configuration: Updating configuration, locales updated from [en_US] to [af_ZA]
05-09 06:00:44.849  1485  2981 V Configuration: Updating configuration, locales updated from [en_US] to [am]
05-09 06:00:44.850  1485  2981 V Configuration: Updating configuration, locales updated from [en_US] to [am_ET]
05-09 06:00:44.850  1485  2981 V Configuration: Updating configuration, locales updated from [en_US] to [ar]
05-09 06:00:44.858  1485  2981 V Configuration: Updating configuration, locales updated from [en_US] to [ar_EG]
05-09 06:00:44.862  1485  2981 V Configuration: Updating configuration, locales updated from [en_US] to [ar_XB]
05-09 06:00:44.864  1485  2981 V Configuration: Updating configuration, locales updated from [en_US] to [as]
05-09 06:00:44.865  1485  2981 V Configuration: Updating configuration, locales updated from [en_US] to [az]
05-09 06:00:44.865  1485  2981 V Configuration: Updating configuration, locales updated from [en_US] to [be]
05-09 06:00:44.866  1485  2981 V Configuration: Updating configuration, locales updated from [en_US] to [bg]
05-09 06:00:44.867  1485  2981 V Configuration: Updating configuration, locales updated from [en_US] to [bg_BG]
05-09 06:00:44.867  1485  2981 V Configuration: Updating configuration, locales updated from [en_US] to [bn]
05-09 06:00:44.868  1485  2981 V Configuration: Updating configuration, locales updated from [en_US] to [bs]
05-09 06:00:44.868  1485  2981 V Configuration: Updating configuration, locales updated from [en_US] to [ca]
05-09 06:00:44.868  1485  2981 V Configuration: Updating configuration, locales updated from [en_US] to [ca_ES]
05-09 06:00:44.869  1485  2981 V Configuration: Updating configuration, locales updated from [en_US] to [cs]
05-09 06:00:44.871  1485  2981 V Configuration: Updating configuration, locales updated from [en_US] to [cs_CZ]
05-09 06:00:44.872  1485  2981 V Configuration: Updating configuration, locales updated from [en_US] to [da]
05-09 06:00:44.872  1485  2981 V Configuration: Updating configuration, locales updated from [en_US] to [da_DK]
05-09 06:00:44.872  1485  2981 V Configuration: Updating configuration, locales updated from [en_US] to [de]
05-09 06:00:44.873  1485  2981 V Configuration: Updating configuration, locales updated from [en_US] to [de_DE]
05-09 06:00:44.873  1485  2981 V Configuration: Updating configuration, locales updated from [en_US] to [el]
05-09 06:00:44.873  1485  2981 V Configuration: Updating configuration, locales updated from [en_US] to [el_GR]
05-09 06:00:44.874  1485  2981 V Configuration: Updating configuration, locales updated from [en_US] to [en]
05-09 06:00:44.874  1485  2981 V Configuration: Updating configuration, locales updated from [en_US] to [en_AU]
05-09 06:00:44.874  1485  2981 V Configuration: Updating configuration, locales updated from [en_US] to [en_CA]
05-09 06:00:44.874  1485  2981 V Configuration: Updating configuration, locales updated from [en_US] to [en_GB]
05-09 06:00:44.875  1485  2981 V Configuration: Updating configuration, locales updated from [en_US] to [en_IN]
05-09 06:00:44.875  1485  2981 V Configuration: Updating configuration, locales updated from [en_US] to [en_SG]
05-09 06:00:44.875  1485  2981 V Configuration: Updating configuration, locales updated from [en_US] to [en_XA]
05-09 06:00:44.875  1485  2981 V Configuration: Updating configuration, locales updated from [en_US] to [en_XC]
05-09 06:00:44.876  1485  2981 V Configuration: Updating configuration, locales updated from [en_US] to [es]
05-09 06:00:44.876  1485  2981 V Configuration: Updating configuration, locales updated from [en_US] to [es_ES]
05-09 06:00:44.876  1485  2981 V Configuration: Updating configuration, locales updated from [en_US] to [es_US]
05-09 06:00:44.876  1485  2981 V Configuration: Updating configuration, locales updated from [en_US] to [et]
05-09 06:00:44.877  1485  2981 V Configuration: Updating configuration, locales updated from [en_US] to [et_EE]
05-09 06:00:44.877  1485  2981 V Configuration: Updating configuration, locales updated from [en_US] to [eu]
05-09 06:00:44.877  1485  2981 V Configuration: Updating configuration, locales updated from [en_US] to [fa]
05-09 06:00:44.877  1485  2981 V Configuration: Updating configuration, locales updated from [en_US] to [fa_IR]
05-09 06:00:44.878  1485  2981 V Configuration: Updating configuration, locales updated from [en_US] to [fi]
05-09 06:00:44.878  1485  2981 V Configuration: Updating configuration, locales updated from [en_US] to [fi_FI]
05-09 06:00:44.878  1485  2981 V Configuration: Updating configuration, locales updated from [en_US] to [fil]
05-09 06:00:44.879  1485  2981 V Configuration: Updating configuration, locales updated from [en_US] to [fil_PH]
05-09 06:00:44.880  1485  2981 V Configuration: Updating configuration, locales updated from [en_US] to [fr]
05-09 06:00:44.881  1485  2981 V Configuration: Updating configuration, locales updated from [en_US] to [fr_CA]
05-09 06:00:44.881  1485  2981 V Configuration: Updating configuration, locales updated from [en_US] to [fr_FR]
05-09 06:00:44.882  1485  2981 V Configuration: Updating configuration, locales updated from [en_US] to [gl]
05-09 06:00:44.882  1485  2981 V Configuration: Updating configuration, locales updated from [en_US] to [gu]
05-09 06:00:44.882  1485  2981 V Configuration: Updating configuration, locales updated from [en_US] to [hi]
05-09 06:00:44.883  1485  2981 V Configuration: Updating configuration, locales updated from [en_US] to [hi_IN]
05-09 06:00:44.883  1485  2981 V Configuration: Updating configuration, locales updated from [en_US] to [hr]
05-09 06:00:44.883  1485  2981 V Configuration: Updating configuration, locales updated from [en_US] to [hr_HR]
05-09 06:00:44.884  1485  2981 V Configuration: Updating configuration, locales updated from [en_US] to [hu]
05-09 06:00:44.884  1485  2981 V Configuration: Updating configuration, locales updated from [en_US] to [hu_HU]
05-09 06:00:44.884  1485  2981 V Configuration: Updating configuration, locales updated from [en_US] to [hy]
05-09 06:00:44.885  1485  2981 V Configuration: Updating configuration, locales updated from [en_US] to [id]
05-09 06:00:44.885  1485  2981 V Configuration: Updating configuration, locales updated from [en_US] to [id_ID]
05-09 06:00:44.886  1485  2981 V Configuration: Updating configuration, locales updated from [en_US] to [is]
05-09 06:00:44.886  1485  2981 V Configuration: Updating configuration, locales updated from [en_US] to [it]
05-09 06:00:44.886  1485  2981 V Configuration: Updating configuration, locales updated from [en_US] to [it_IT]
05-09 06:00:44.886  1485  2981 V Configuration: Updating configuration, locales updated from [en_US] to [he]
05-09 06:00:44.887  1485  2981 V Configuration: Updating configuration, locales updated from [en_US] to [he_IL]
05-09 06:00:44.888  1485  2981 V Configuration: Updating configuration, locales updated from [en_US] to [ja]
05-09 06:00:44.888  1485  2981 V Configuration: Updating configuration, locales updated from [en_US] to [ja_JP]
05-09 06:00:44.889  1485  2981 V Configuration: Updating configuration, locales updated from [en_US] to [ka]
05-09 06:00:44.889  1485  2981 V Configuration: Updating configuration, locales updated from [en_US] to [kk]
05-09 06:00:44.889  1485  2981 V Configuration: Updating configuration, locales updated from [en_US] to [km]
05-09 06:00:44.890  1485  2981 V Configuration: Updating configuration, locales updated from [en_US] to [kn]
05-09 06:00:44.890  1485  2981 V Configuration: Updating configuration, locales updated from [en_US] to [ko]
05-09 06:00:44.890  1485  2981 V Configuration: Updating configuration, locales updated from [en_US] to [ko_KR]
05-09 06:00:44.890  1485  2981 V Configuration: Updating configuration, locales updated from [en_US] to [ky]
05-09 06:00:44.891  1485  2981 V Configuration: Updating configuration, locales updated from [en_US] to [lo]
05-09 06:00:44.891  1485  2981 V Configuration: Updating configuration, locales updated from [en_US] to [lt]
05-09 06:00:44.891  1485  2981 V Configuration: Updating configuration, locales updated from [en_US] to [lt_LT]
05-09 06:00:44.892  1485  2981 V Configuration: Updating configuration, locales updated from [en_US] to [lv]
05-09 06:00:44.892  1485  2981 V Configuration: Updating configuration, locales updated from [en_US] to [lv_LV]
05-09 06:00:44.892  1485  2981 V Configuration: Updating configuration, locales updated from [en_US] to [mk]
05-09 06:00:44.893  1485  2981 V Configuration: Updating configuration, locales updated from [en_US] to [ml]
05-09 06:00:44.893  1485  2981 V Configuration: Updating configuration, locales updated from [en_US] to [mn]
05-09 06:00:44.893  1485  2981 V Configuration: Updating configuration, locales updated from [en_US] to [mr]
05-09 06:00:44.893  1485  2981 V Configuration: Updating configuration, locales updated from [en_US] to [ms]
05-09 06:00:44.896  1485  2981 V Configuration: Updating configuration, locales updated from [en_US] to [ms_MY]
05-09 06:00:44.897  1485  2981 V Configuration: Updating configuration, locales updated from [en_US] to [my]
05-09 06:00:44.897  1485  2981 V Configuration: Updating configuration, locales updated from [en_US] to [nb]
05-09 06:00:44.898  1485  2981 V Configuration: Updating configuration, locales updated from [en_US] to [nb_NO]
05-09 06:00:44.898  1485  2981 V Configuration: Updating configuration, locales updated from [en_US] to [ne]
05-09 06:00:44.898  1485  2981 V Configuration: Updating configuration, locales updated from [en_US] to [nl]
05-09 06:00:44.899  1485  2981 V Configuration: Updating configuration, locales updated from [en_US] to [nl_NL]
05-09 06:00:44.899  1485  2981 V Configuration: Updating configuration, locales updated from [en_US] to [or]
05-09 06:00:44.899  1485  2981 V Configuration: Updating configuration, locales updated from [en_US] to [pa]
05-09 06:00:44.899  1485  2981 V Configuration: Updating configuration, locales updated from [en_US] to [pl]
05-09 06:00:44.900  1485  2981 V Configuration: Updating configuration, locales updated from [en_US] to [pl_PL]
05-09 06:00:44.900  1485  2981 V Configuration: Updating configuration, locales updated from [en_US] to [pt]
05-09 06:00:44.901  1485  2981 V Configuration: Updating configuration, locales updated from [en_US] to [pt_BR]
05-09 06:00:44.902  1485  2981 V Configuration: Updating configuration, locales updated from [en_US] to [pt_PT]
05-09 06:00:44.902  1485  2981 V Configuration: Updating configuration, locales updated from [en_US] to [ro]
05-09 06:00:44.903  1485  2981 V Configuration: Updating configuration, locales updated from [en_US] to [ro_RO]
05-09 06:00:44.903  1485  2981 V Configuration: Updating configuration, locales updated from [en_US] to [ru]
05-09 06:00:44.903  1485  2981 V Configuration: Updating configuration, locales updated from [en_US] to [ru_RU]
05-09 06:00:44.904  1485  2981 V Configuration: Updating configuration, locales updated from [en_US] to [si]
05-09 06:00:44.904  1485  2981 V Configuration: Updating configuration, locales updated from [en_US] to [sk]
05-09 06:00:44.904  1485  2981 V Configuration: Updating configuration, locales updated from [en_US] to [sk_SK]
05-09 06:00:44.904  1485  2981 V Configuration: Updating configuration, locales updated from [en_US] to [sl]
05-09 06:00:44.905  1485  2981 V Configuration: Updating configuration, locales updated from [en_US] to [sl_SI]
05-09 06:00:44.905  1485  2981 V Configuration: Updating configuration, locales updated from [en_US] to [sq]
05-09 06:00:44.905  1485  2981 V Configuration: Updating configuration, locales updated from [en_US] to [sr]
05-09 06:00:44.906  1485  2981 V Configuration: Updating configuration, locales updated from [en_US] to [sr__#Latn]
05-09 06:00:44.906  1485  2981 V Configuration: Updating configuration, locales updated from [en_US] to [sr_RS]
05-09 06:00:44.907  1485  2981 V Configuration: Updating configuration, locales updated from [en_US] to [sv]
05-09 06:00:44.907  1485  2981 V Configuration: Updating configuration, locales updated from [en_US] to [sv_SE]
05-09 06:00:44.908  1485  2981 V Configuration: Updating configuration, locales updated from [en_US] to [sw]
05-09 06:00:44.908  1485  2981 V Configuration: Updating configuration, locales updated from [en_US] to [sw_TZ]
05-09 06:00:44.908  1485  2981 V Configuration: Updating configuration, locales updated from [en_US] to [ta]
05-09 06:00:44.909  1485  2981 V Configuration: Updating configuration, locales updated from [en_US] to [te]
05-09 06:00:44.909  1485  2981 V Configuration: Updating configuration, locales updated from [en_US] to [th]
05-09 06:00:44.909  1485  2981 V Configuration: Updating configuration, locales updated from [en_US] to [th_TH]
05-09 06:00:44.909  1485  2981 V Configuration: Updating configuration, locales updated from [en_US] to [tr]
05-09 06:00:44.910  1485  2981 V Configuration: Updating configuration, locales updated from [en_US] to [tr_TR]
05-09 06:00:44.910  1485  2981 V Configuration: Updating configuration, locales updated from [en_US] to [uk]
05-09 06:00:44.910  1485  2981 V Configuration: Updating configuration, locales updated from [en_US] to [uk_UA]
05-09 06:00:44.910  1485  2981 V Configuration: Updating configuration, locales updated from [en_US] to [ur]
05-09 06:00:44.911  1485  2981 V Configuration: Updating configuration, locales updated from [en_US] to [uz]
05-09 06:00:44.911  1485  2981 V Configuration: Updating configuration, locales updated from [en_US] to [vi]
05-09 06:00:44.911  1485  2981 V Configuration: Updating configuration, locales updated from [en_US] to [vi_VN]
05-09 06:00:44.912  1485  2981 V Configuration: Updating configuration, locales updated from [en_US] to [zh_CN]
05-09 06:00:44.912  1485  2981 V Configuration: Updating configuration, locales updated from [en_US] to [zh_HK]
05-09 06:00:44.912  1485  2981 V Configuration: Updating configuration, locales updated from [en_US] to [zh_TW]
05-09 06:00:44.912  1485  2981 V Configuration: Updating configuration, locales updated from [en_US] to [zu]
05-09 06:00:44.913  1485  2981 V Configuration: Updating configuration, locales updated from [en_US] to [zu_ZA]
05-09 06:00:44.965  1485  2446 D CompatChangeReporter: Compat change id reported: 297989574; UID 10054; state: ENABLED
05-09 06:00:44.987  1485  2481 V Configuration: Updating configuration, locales updated from [] to [en_US]
05-09 06:00:44.987  1485  2481 V Configuration: Updating configuration, locales updated from [] to [en_US]
05-09 06:00:44.987  1485  2481 V Configuration: Updating configuration, locales updated from [] to [en_US]
05-09 06:00:44.987  1485  2481 V Configuration: Updating configuration, locales updated from [] to [en_US]
05-09 06:00:44.987  1485  2481 V Configuration: Updating configuration, locales updated from [] to [en_US]
05-09 06:00:44.987  1485  2481 V Configuration: Updating configuration, locales updated from [] to [en_US]
05-09 06:00:44.987  1485  2481 V Configuration: Updating configuration, locales updated from [] to [en_US]
05-09 06:00:44.987  1485  2481 V Configuration: Updating configuration, locales updated from [] to [en_US]
05-09 06:00:44.987  1485  2481 V Configuration: Updating configuration, locales updated from [] to [en_US]
05-09 06:00:44.987  1485  2481 V Configuration: Updating configuration, locales updated from [] to [en_US]
05-09 06:00:44.987  1485  2481 V Configuration: Updating configuration, locales updated from [] to [en_US]
05-09 06:00:44.987  1485  2481 V Configuration: Updating configuration, locales updated from [] to [en_US]
05-09 06:00:44.988  1485  2481 D IntervalStats: Unable to parse usage stats packages: [28, 269, 287, 397, 435, 502, 620, 669, 680, 692, 699, 715, 763, 804, 816, 846, 858, 922, 1025, 1041, 1051, 1052, 1055, 1057, 1068, 1069, 1070, 1071, 1073, 1074, 1075, 1077, 1078, 1080, 1081, 1083, 1086, 1092, 1093, 1098, 1099, 1104, 1105, 1106, 1107, 1111, 1116, 1119, 1122, 1158, 1175, 1176, 1181, 1186, 1187, 1190, 1192, 1193, 1194, 1195, 1196, 1209, 1226, 1250, 1295, 1296, 1297, 1298, 1299, 1300]
05-09 06:00:44.991  1485  3259 V Configuration: Updating configuration, locales updated from [] to [en_US]
05-09 06:00:44.991  1485  3259 V Configuration: Updating configuration, locales updated from [] to [en_US]
05-09 06:00:44.991  1485  3259 V Configuration: Updating configuration, locales updated from [] to [en_US]
05-09 06:00:44.991  1485  3259 V Configuration: Updating configuration, locales updated from [] to [en_US]
05-09 06:00:44.991  1485  3259 V Configuration: Updating configuration, locales updated from [] to [en_US]
05-09 06:00:44.991  1485  3259 V Configuration: Updating configuration, locales updated from [] to [en_US]
05-09 06:00:44.991  1485  3259 V Configuration: Updating configuration, locales updated from [] to [en_US]
05-09 06:00:44.991  1485  3259 V Configuration: Updating configuration, locales updated from [] to [en_US]
05-09 06:00:44.991  1485  3259 V Configuration: Updating configuration, locales updated from [] to [en_US]
05-09 06:00:44.992  1485  3259 V Configuration: Updating configuration, locales updated from [] to [en_US]
05-09 06:00:44.992  1485  3259 V Configuration: Updating configuration, locales updated from [] to [en_US]
05-09 06:00:44.992  1485  3259 V Configuration: Updating configuration, locales updated from [] to [en_US]
05-09 06:00:44.993  1485  3259 D IntervalStats: Unable to parse usage stats packages: [28, 269, 287, 397, 435, 502, 620, 669, 680, 692, 699, 715, 763, 804, 816, 846, 858, 922, 1025, 1041, 1051, 1052, 1055, 1057, 1068, 1069, 1070, 1071, 1073, 1074, 1075, 1077, 1078, 1080, 1081, 1083, 1086, 1092, 1093, 1098, 1099, 1104, 1105, 1106, 1107, 1111, 1116, 1119, 1122, 1158, 1175, 1176, 1181, 1186, 1187, 1190, 1192, 1193, 1194, 1195, 1196, 1209, 1226, 1250, 1295, 1296, 1297, 1298, 1299, 1300]
05-09 06:00:44.995  1485  2481 I ActivityManager: Background started FGS: Allowed [callingPackage: com.google.android.odad; callingUid: 10111; uidState: IMPF; uidBFSL: n/a; intent: Intent { xflg=0x4 cmp=com.google.android.odad/com.google.android.apps.miphone.odad.backgroundwork.impl.WorkService (has extras) }; code:BACKGROUND_ACTIVITY_PERMISSION; tempAllowListReason:<null>; allowWiu:58; targetSdkVersion:36; callerTargetSdkVersion:36; startForegroundCount:0; bindFromPackage:null: isBindService:false]
05-09 06:00:45.001 29553 29553 V ResourcesManager: The following library key has been added: ResourcesKey{ mHash=7bb180d7 mResDir=null mSplitDirs=[] mOverlayDirs=[] mLibDirs=[/data/app/~~RUwrxS2sRjiU85oMd8o2qQ==/com.google.android.webview-Ay00ZuBVZrA2YErc9lrlig==/base.apk,/system/framework/android.test.base.jar,/system_ext/framework/androidx.window.extensions.jar] mDisplayId=0 mOverrideConfig=v36 mCompatInfo={420dpi always-compat} mLoaders=[]}
05-09 06:00:45.003  1485  2481 W ForegroundServiceTypeLoggerModule: Foreground service start for UID: 10111 does not have any types
05-09 06:00:45.004  1485  2110 D BackgroundInstallControlService: Package event received: 0
05-09 06:00:45.090  1485  2110 D BackgroundInstallControlService: Package event received: 0
05-09 06:00:45.177  1485  2018 V AccessibilityUserState: updateShortcutTargets: type:accessibility_shortcut_target_service, current:{}, new:{}
05-09 06:00:45.177  1485  2018 V AccessibilityUserState: updateShortcutTargets: type:accessibility_qs_targets, current:{com.android.server.accessibility/ColorInversion}, new:{com.android.server.accessibility/ColorInversion}
05-09 06:00:45.177  1485  2018 V AccessibilityUserState: updateShortcutTargets: type:accessibility_button_targets, current:{}, new:{}
05-09 06:00:45.177  1485  2018 V AccessibilityUserState: updateShortcutTargets: type:accessibility_gesture_targets, current:{}, new:{}
05-09 06:00:45.177  1485  2018 V AccessibilityUserState: updateShortcutTargets: type:accessibility_key_gesture_targets, current:{}, new:{}
05-09 06:00:45.177  1485  2018 V AccessibilityManagerService: onUserStateChangedLocked for userId: 0, forceUpdate: false
05-09 06:00:45.177  1485  2018 V AccessibilityUserState: updateShortcutTargets: type:accessibility_shortcut_target_service, current:{}, new:{}
05-09 06:00:45.177  1485  2018 V AccessibilityUserState: updateShortcutTargets: type:accessibility_button_targets, current:{}, new:{}
05-09 06:00:45.177  1485  2018 V AccessibilityUserState: updateShortcutTargets: type:accessibility_gesture_targets, current:{}, new:{}
05-09 06:00:45.177  1485  2018 V AccessibilityUserState: updateShortcutTargets: type:accessibility_qs_targets, current:{com.android.server.accessibility/ColorInversion}, new:{com.android.server.accessibility/ColorInversion}
05-09 06:00:45.177  1485  2018 V AccessibilityUserState: updateShortcutTargets: type:accessibility_key_gesture_targets, current:{}, new:{}
05-09 06:00:45.177  1485  2018 W MagnificationConnectionManager: requestConnection duplicated request: connect=false, mConnectionState=DISCONNECTED
05-09 06:00:45.177  1485  2018 V AccessibilityUserState: updateShortcutTargets: type:accessibility_button_targets, current:{}, new:{}
05-09 06:00:45.177  1485  2018 V AccessibilityUserState: updateShortcutTargets: type:accessibility_qs_targets, current:{com.android.server.accessibility/ColorInversion}, new:{com.android.server.accessibility/ColorInversion}
05-09 06:00:45.179  1485  2018 V AccessibilityUserState: updateShortcutTargets: type:accessibility_shortcut_target_service, current:{}, new:{}
05-09 06:00:45.180  1485  2018 V AccessibilityUserState: updateShortcutTargets: type:accessibility_qs_targets, current:{com.android.server.accessibility/ColorInversion}, new:{com.android.server.accessibility/ColorInversion}
05-09 06:00:45.180  1485  2018 V AccessibilityUserState: updateShortcutTargets: type:accessibility_button_targets, current:{}, new:{}
05-09 06:00:45.180  1485  2018 V AccessibilityUserState: updateShortcutTargets: type:accessibility_gesture_targets, current:{}, new:{}
05-09 06:00:45.180  1485  2018 V AccessibilityUserState: updateShortcutTargets: type:accessibility_key_gesture_targets, current:{}, new:{}
05-09 06:00:45.180  1485  2018 V AccessibilityManagerService: onUserStateChangedLocked for userId: 0, forceUpdate: false
05-09 06:00:45.180  1485  2018 V AccessibilityUserState: updateShortcutTargets: type:accessibility_shortcut_target_service, current:{}, new:{}
05-09 06:00:45.180  1485  2018 V AccessibilityUserState: updateShortcutTargets: type:accessibility_button_targets, current:{}, new:{}
05-09 06:00:45.180  1485  2018 V AccessibilityUserState: updateShortcutTargets: type:accessibility_gesture_targets, current:{}, new:{}
05-09 06:00:45.180  1485  2018 V AccessibilityUserState: updateShortcutTargets: type:accessibility_qs_targets, current:{com.android.server.accessibility/ColorInversion}, new:{com.android.server.accessibility/ColorInversion}
05-09 06:00:45.180  1485  2018 V AccessibilityUserState: updateShortcutTargets: type:accessibility_key_gesture_targets, current:{}, new:{}
05-09 06:00:45.180  1485  2018 W MagnificationConnectionManager: requestConnection duplicated request: connect=false, mConnectionState=DISCONNECTED
05-09 06:00:45.209  1485  2481 D ActivityManager: sync unfroze 22468 com.google.android.googlequicksearchbox:googleapp for 6
05-09 06:00:45.210  1485  2110 D BackgroundInstallControlService: Package event received: 0
05-09 06:00:45.211  1485  2481 D ActivityManager: sync unfroze 28049 com.google.android.webview:sandboxed_process0:org.chromium.content.app.SandboxedProcessService0:0 for 6
05-09 06:00:45.217  1485  1485 V NotificationHistory: Attempted to add notif for locked/gone/disabled user 0
05-09 06:00:45.225  1485  2110 D BackgroundInstallControlService: Package event received: 0
05-09 06:00:45.225  1485  2110 D BackgroundInstallControlService: Package event received: 0
05-09 06:00:45.227 28049 28049 D ActivityThread: Package [com.Slack] reported as REPLACED, but missing application info. Assuming REMOVED.
05-09 06:00:45.228 28049 28049 D ActivityThread: Package [com.Slack] reported as REPLACED, but missing application info. Assuming REMOVED.
05-09 06:00:45.230 28049 28049 D ActivityThread: Package [com.arbys.android.arbysapp] reported as REPLACED, but missing application info. Assuming REMOVED.
05-09 06:00:45.234 28049 28049 D ActivityThread: Package [com.arbys.android.arbysapp] reported as REPLACED, but missing application info. Assuming REMOVED.
05-09 06:00:45.562  1485  1807 D CompatChangeReporter: Compat change id reported: 311402873; UID 10054; state: ENABLED
05-09 06:00:45.562  1485  1807 D CompatChangeReporter: Compat change id reported: 323349338; UID 10054; state: ENABLED
05-09 06:00:45.587 22468 22468 D ActivityThread: Package [com.Slack] reported as REPLACED, but missing application info. Assuming REMOVED.
05-09 06:00:45.588 22468 22468 D ActivityThread: Package [com.Slack] reported as REPLACED, but missing application info. Assuming REMOVED.
05-09 06:00:45.588 22468 22468 D ActivityThread: Package [com.arbys.android.arbysapp] reported as REPLACED, but missing application info. Assuming REMOVED.
05-09 06:00:45.589 22468 22468 D ActivityThread: Package [com.arbys.android.arbysapp] reported as REPLACED, but missing application info. Assuming REMOVED.
05-09 06:00:45.599  1485  3259 E AppOps  : attributionTag VCN not declared in manifest of android
05-09 06:00:45.603  1485  2481 D CompatChangeReporter: Compat change id reported: 311208629; UID 10054; state: ENABLED
05-09 06:00:45.641  1485  2110 D BackgroundInstallControlService: Package event received: 0
05-09 06:00:47.363  1485  3037 W ForegroundServiceTypeLoggerModule: FGS stop call for: 10111 has no types!
05-09 06:00:47.365  1485  2110 D BackgroundInstallControlService: Package event received: 0
05-09 06:00:47.365  1485  2110 D BackgroundInstallControlService: Package event received: 0
05-09 06:00:47.722  1485  1485 I RemoteContentProtectionService: Connection status for: ComponentInfo{com.google.android.odad/com.google.android.apps.miphone.odad.contentprotection.ContentProtectionService} changed to: disconnected
05-09 06:00:52.137  1485  2481 W ContextImpl: Calling a method in the system process without a qualified user: android.app.ContextImpl.sendBroadcastMultiplePermissions:1402 android.content.Context.sendBroadcastMultiplePermissions:2746 android.content.Context.sendBroadcastMultiplePermissions:2734 com.android.server.TelephonyRegistry.broadcastDataConnectionStateChanged:4568 com.android.server.TelephonyRegistry.notifyDataConnectionForSubscriber:2384 
05-09 06:00:52.158  1485  2481 D ActivityManager: sync unfroze 20383 .ShannonImsService for 7
05-09 06:00:52.159  1485  2110 D BackgroundInstallControlService: Package event received: 0
05-09 06:00:52.165 20383 20383 D ActivityThread: Package [com.Slack] reported as REPLACED, but missing application info. Assuming REMOVED.
05-09 06:00:52.167 20383 20383 D ActivityThread: Package [com.Slack] reported as REPLACED, but missing application info. Assuming REMOVED.
05-09 06:00:52.169 20383 20383 D ActivityThread: Package [com.arbys.android.arbysapp] reported as REPLACED, but missing application info. Assuming REMOVED.
05-09 06:00:52.170 20383 20383 D ActivityThread: Package [com.arbys.android.arbysapp] reported as REPLACED, but missing application info. Assuming REMOVED.
05-09 06:00:52.665  1485  1992 D ActivityManager: freezing 3616 com.google.android.apps.messaging
05-09 06:00:53.711  1485  3037 W ProcessStats: Tracking association SourceState{74c281d com.android.vending:background/10156 ImpBg #354564} whose proc state 6 is better than process ProcessState{fea2128 com.android.vending/10156 pkg=com.android.vending} proc state 14 (100 skipped)
05-09 06:00:54.985   560 29597 I keystore2: system/security/keystore2/watchdog/src/lib.rs:371 - Watchdog thread idle -> terminating. Have a great day.
05-09 06:00:55.063  1485  3062 W JobScheduler: Job didn't exist in JobStore: 281aace {androidx.work.systemjobscheduler} #u0a161/74731 #TikTokWorker#com.google.android.apps.search.googleapp.discover.sync.FeedSync#@androidx.work.systemjobscheduler@com.google.android.googlequicksearchbox/androidx.work.impl.background.systemjob.SystemJobService
05-09 06:00:55.195  1485  2481 W ContextImpl: Calling a method in the system process without a qualified user: android.app.ContextImpl.sendBroadcastMultiplePermissions:1402 android.content.Context.sendBroadcastMultiplePermissions:2746 android.content.Context.sendBroadcastMultiplePermissions:2734 com.android.server.TelephonyRegistry.broadcastDataConnectionStateChanged:4568 com.android.server.TelephonyRegistry.notifyDataConnectionForSubscriber:2384 
05-09 06:00:55.566  1485  1992 D ActivityManager: freezing 22121 app.revanced.android.gms
05-09 06:00:55.858  1485  2481 W ContextImpl: Calling a method in the system process without a qualified user: android.app.ContextImpl.sendBroadcastMultiplePermissions:1402 android.content.Context.sendBroadcastMultiplePermissions:2746 android.content.Context.sendBroadcastMultiplePermissions:2734 com.android.server.TelephonyRegistry.broadcastDataConnectionStateChanged:4568 com.android.server.TelephonyRegistry.notifyDataConnectionForSubscriber:2384 
05-09 06:00:55.940   901   928 E NetlinkEvent: NetlinkEvent::FindParam(): Parameter 'INTERFACE' not found
05-09 06:00:55.940   901   928 E NetlinkEvent: NetlinkEvent::FindParam(): Parameter 'STATE' not found
05-09 06:00:55.940   901   928 E NetlinkEvent: NetlinkEvent::FindParam(): Parameter 'TIME_NS' not found
05-09 06:00:55.940   901   928 E NetlinkEvent: NetlinkEvent::FindParam(): Parameter 'UID' not found
05-09 06:00:57.017  1485  1981 W JobServiceContext: Sending onNetworkChanged for a job that isn't started. JobStatus{3ae6732 androidx.work.systemjobscheduler:u0a252/653304 #FlushTelemetryEventsWork#@androidx.work.systemjobscheduler@com.Slack/androidx.work.impl.background.systemjob.SystemJobService u=0 s=10252 NET READY}
05-09 06:00:57.729  1485  1992 D ActivityManager: freezing 28753 com.google.android.odad
05-09 06:00:59.392  1485  1992 D ActivityManager: freezing 748 com.mgoogle.android.gms
05-09 06:01:00.436  1485  1742 I ActivityManager: Waited long enough for: ServiceRecord{b19cfb6 u0 com.google.android.gms/.statementservice.OperationService c:com.google.android.gms}
05-09 06:01:04.858  1485  1992 D ActivityManager: freezing 8497 com.google.android.permissioncontroller
05-09 06:01:05.113  1485  1992 D ActivityManager: freezing 22468 com.google.android.googlequicksearchbox:googleapp
05-09 06:01:05.128  1485  1992 D ActivityManager: freezing 28049 com.google.android.webview:sandboxed_process0:org.chromium.content.app.SandboxedProcessService0:0
05-09 06:01:05.846  1485  2446 W ProcessStats: Tracking association SourceState{74c281d com.android.vending:background/10156 ImpBg #354609} whose proc state 6 is better than process ProcessState{fea2128 com.android.vending/10156 pkg=com.android.vending} proc state 14 (21 skipped)
05-09 06:01:05.883  1485  1981 D ActivityManager: sync unfroze 18132 com.untappdllc.app for 6
05-09 06:01:05.890 18132 18132 D ActivityThread: Package [com.Slack] reported as REPLACED, but missing application info. Assuming REMOVED.
05-09 06:01:05.892 18132 18132 D ActivityThread: Package [com.Slack] reported as REPLACED, but missing application info. Assuming REMOVED.
05-09 06:01:05.894 18132 18132 D ActivityThread: Package [com.arbys.android.arbysapp] reported as REPLACED, but missing application info. Assuming REMOVED.
05-09 06:01:05.895 18132 18132 D ActivityThread: Package [com.arbys.android.arbysapp] reported as REPLACED, but missing application info. Assuming REMOVED.
05-09 06:01:05.903  1485  1981 D ActivityManager: sync unfroze 18044 com.google.android.gm for 6
05-09 06:01:05.907  1485  1981 D ActivityManager: sync unfroze 13640 com.google.android.webview:sandboxed_process0:org.chromium.content.app.SandboxedProcessService0:0 for 6
05-09 06:01:05.914 18044 18044 D ActivityThread: Package [com.Slack] reported as REPLACED, but missing application info. Assuming REMOVED.
05-09 06:01:05.917 13640 13640 D ActivityThread: Package [com.Slack] reported as REPLACED, but missing application info. Assuming REMOVED.
05-09 06:01:05.918 13640 13640 D ActivityThread: Package [com.Slack] reported as REPLACED, but missing application info. Assuming REMOVED.
05-09 06:01:05.919 13640 13640 D ActivityThread: Package [com.arbys.android.arbysapp] reported as REPLACED, but missing application info. Assuming REMOVED.
05-09 06:01:05.920 13640 13640 D ActivityThread: Package [com.arbys.android.arbysapp] reported as REPLACED, but missing application info. Assuming REMOVED.
05-09 06:01:05.921 18044 18044 D ActivityThread: Package [com.Slack] reported as REPLACED, but missing application info. Assuming REMOVED.
05-09 06:01:05.922 18044 18044 D ActivityThread: Package [com.arbys.android.arbysapp] reported as REPLACED, but missing application info. Assuming REMOVED.
05-09 06:01:05.925 18044 18044 D ActivityThread: Package [com.arbys.android.arbysapp] reported as REPLACED, but missing application info. Assuming REMOVED.
05-09 06:01:05.935  1485  1981 D ActivityManager: sync unfroze 26297 com.sirius for 6
05-09 06:01:05.955 26297 26297 D ActivityThread: Package [com.Slack] reported as REPLACED, but missing application info. Assuming REMOVED.
05-09 06:01:05.958 26297 26297 D ActivityThread: Package [com.Slack] reported as REPLACED, but missing application info. Assuming REMOVED.
05-09 06:01:05.960 26297 26297 D ActivityThread: Package [com.arbys.android.arbysapp] reported as REPLACED, but missing application info. Assuming REMOVED.
05-09 06:01:05.962 26297 26297 D ActivityThread: Package [com.arbys.android.arbysapp] reported as REPLACED, but missing application info. Assuming REMOVED.
05-09 06:01:05.982  1485  1981 D ActivityManager: sync unfroze 15365 com.viber.voip for 6
05-09 06:01:06.010  1485  1981 W JobServiceContext: Sending onNetworkChanged for a job that isn't started. JobStatus{81a070d #u0a273/28850 com.sirius/androidx.work.impl.background.systemjob.SystemJobService u=0 s=10273 TIME=-2s381ms:none NET READY}
05-09 06:01:06.010  1485  1981 W JobServiceContext: Sending onNetworkChanged for a job that isn't started. JobStatus{9ed0709 #u0a54/5910 com.arbys.android.arbysapp/androidx.work.impl.background.systemjob.SystemJobService u=0 s=10054 TIME=-2s171ms:none NET READY}
05-09 06:01:06.063 15365 15365 D ActivityThread: Package [com.arbys.android.arbysapp] reported as REPLACED, but missing application info. Assuming REMOVED.
05-09 06:01:06.065 15365 15365 D ActivityThread: Package [com.arbys.android.arbysapp] reported as REPLACED, but missing application info. Assuming REMOVED.
05-09 06:01:06.118  1485  2446 W JobScheduler: Job didn't exist in JobStore: 9ed0709 #u0a54/5910 com.arbys.android.arbysapp/androidx.work.impl.background.systemjob.SystemJobService
05-09 06:01:06.716  1485  2110 D BackgroundInstallControlService: Package event received: 0
05-09 06:01:07.106  1485  1778 I AppsFilter: interaction: PackageSetting{6183ce9 com.google.android.microdroid.empty_payload/10365} -> PackageSetting{966e0b0 com.arbys.android.arbysapp/10054} BLOCKED
05-09 06:01:07.133  1485  2109 D ShortcutService: received package broadcast intent: Intent { act=android.intent.action.PACKAGE_CHANGED dat=package: flg=0x45000010 (has extras) }
05-09 06:01:07.133  1485  2109 D ShortcutService: changing package: com.arbys.android.arbysapp userId=0
05-09 06:01:07.148  1485  2110 D BackgroundInstallControlService: Package event received: 0
05-09 06:01:07.161  1485  2125 D ActivityManager: sync unfroze 8497 com.google.android.permissioncontroller for 6
05-09 06:01:07.163  1485  2110 D BackgroundInstallControlService: Package event received: 0
05-09 06:01:07.293  1485  2018 V AccessibilityUserState: updateShortcutTargets: type:accessibility_shortcut_target_service, current:{}, new:{}
05-09 06:01:07.293  1485  2018 V AccessibilityUserState: updateShortcutTargets: type:accessibility_qs_targets, current:{com.android.server.accessibility/ColorInversion}, new:{com.android.server.accessibility/ColorInversion}
05-09 06:01:07.293  1485  2018 V AccessibilityUserState: updateShortcutTargets: type:accessibility_button_targets, current:{}, new:{}
05-09 06:01:07.293  1485  2018 V AccessibilityUserState: updateShortcutTargets: type:accessibility_gesture_targets, current:{}, new:{}
05-09 06:01:07.293  1485  2018 V AccessibilityUserState: updateShortcutTargets: type:accessibility_key_gesture_targets, current:{}, new:{}
05-09 06:01:07.294  1485  2018 V AccessibilityManagerService: onUserStateChangedLocked for userId: 0, forceUpdate: false
05-09 06:01:07.304  1485  2018 V AccessibilityUserState: updateShortcutTargets: type:accessibility_shortcut_target_service, current:{}, new:{}
05-09 06:01:07.304  1485  2018 V AccessibilityUserState: updateShortcutTargets: type:accessibility_button_targets, current:{}, new:{}
05-09 06:01:07.304  1485  2018 V AccessibilityUserState: updateShortcutTargets: type:accessibility_gesture_targets, current:{}, new:{}
05-09 06:01:07.305  1485  2018 V AccessibilityUserState: updateShortcutTargets: type:accessibility_qs_targets, current:{com.android.server.accessibility/ColorInversion}, new:{com.android.server.accessibility/ColorInversion}
05-09 06:01:07.305  1485  2018 V AccessibilityUserState: updateShortcutTargets: type:accessibility_key_gesture_targets, current:{}, new:{}
05-09 06:01:07.305  1485  2018 W MagnificationConnectionManager: requestConnection duplicated request: connect=false, mConnectionState=DISCONNECTED
05-09 06:01:07.351  1485  1759 D AppOpHistoryHelper: MetricHandler reporting 10 records.
05-09 06:01:07.725  1485  2110 D BackgroundInstallControlService: Package event received: 0
05-09 06:01:08.674  1485  1992 D ActivityManager: freezing 27944 com.android.vending:quick_launch
05-09 06:01:08.680  1485  1992 D ActivityManager: freezing 28249 com.android.vending:instant_app_installer
05-09 06:01:08.921  1485  1992 D ActivityManager: freezing 29254 com.Slack
05-09 06:01:11.525  1485  1992 D ActivityManager: freezing 23586 com.google.android.gms.unstable
05-09 06:01:11.537  1485  1992 D ActivityManager: freezing 28452 com.google.android.gms:snet
05-09 06:01:11.542  1485  1992 D ActivityManager: freezing 28381 com.google.android.gms.learning
05-09 06:01:11.659  1485  1945 W VerifierController: Verifier com.google.android.verifier is disconnected on user 0
05-09 06:01:16.128  1485  1992 D ActivityManager: freezing 29553 com.arbys.android.arbysapp
05-09 06:01:16.181  1485  1992 D ActivityManager: freezing 18132 com.untappdllc.app
05-09 06:01:16.189  1485  1992 D ActivityManager: freezing 15365 com.viber.voip
05-09 06:01:16.337  1485  1992 D ActivityManager: freezing 26297 com.sirius
05-09 06:01:16.359  1485  1992 D ActivityManager: freezing 18044 com.google.android.gm
05-09 06:01:16.366  1485  1992 D ActivityManager: freezing 13640 com.google.android.webview:sandboxed_process0:org.chromium.content.app.SandboxedProcessService0:0
05-09 06:01:20.993  1485  1992 D ActivityManager: freezing 12401 com.google.android.gms
05-09 06:01:21.660  1485  1992 D ActivityManager: freezing 28662 com.google.android.verifier
05-09 06:01:23.392  1485  1742 D ActivityManager: sync unfroze 26889 com.whatsapp for 3
05-09 06:01:23.409 26889 26889 D ActivityThread: Package [com.Slack] reported as REPLACED, but missing application info. Assuming REMOVED.
05-09 06:01:23.410 26889 26889 D ActivityThread: Package [com.Slack] reported as REPLACED, but missing application info. Assuming REMOVED.
05-09 06:01:23.410 26889 26889 D ActivityThread: Package [com.arbys.android.arbysapp] reported as REPLACED, but missing application info. Assuming REMOVED.
05-09 06:01:23.411 26889 26889 D ActivityThread: Package [com.arbys.android.arbysapp] reported as REPLACED, but missing application info. Assuming REMOVED.
05-09 06:01:23.420  1485  1742 D ActivityManager: sync unfroze 22468 com.google.android.googlequicksearchbox:googleapp for 3
05-09 06:01:23.429  1485  1742 D ActivityManager: sync unfroze 12401 com.google.android.gms for 3
05-09 06:01:23.431  1485  1742 D ActivityManager: sync unfroze 28049 com.google.android.webview:sandboxed_process0:org.chromium.content.app.SandboxedProcessService0:0 for 3
05-09 06:01:23.439  1485  1742 W ProcessStats: Tracking association SourceState{1aa92b1 com.google.android.googlequicksearchbox:googleapp/10161 Receivr #354654} whose proc state 10 is better than process ProcessState{9f0049e com.google.android.googlequicksearchbox:search/10161 pkg=com.google.android.googlequicksearchbox} proc state 14 (34 skipped)
05-09 06:01:23.448  1485  3037 D ActivityManager: sync unfroze 748 com.mgoogle.android.gms for 7
05-09 06:01:23.449  1485  2110 D BackgroundInstallControlService: Package event received: 0
05-09 06:01:23.454  1485  1981 D ActivityManager: sync unfroze 29254 com.Slack for 6
05-09 06:01:23.548  1485  2110 D BackgroundInstallControlService: Package event received: 0
05-09 06:01:23.726  1485  1992 D ActivityManager: freezing 22413 com.google.android.apps.wellbeing
05-09 06:01:24.629  1485  1992 D ActivityManager: freezing 3433 com.android.settings
05-09 06:01:24.637  1485  1992 D ActivityManager: freezing 13725 com.google.android.apps.carrier.carrierwifi
05-09 06:01:24.641  1485  1992 D ActivityManager: freezing 29246 com.android.keychain
05-09 06:01:27.263  1485  1992 D ActivityManager: freezing 8497 com.google.android.permissioncontroller
05-09 06:01:27.278  1485  2110 D BackgroundInstallControlService: Package event received: 0
05-09 06:01:27.282  1485  2110 D BackgroundInstallControlService: Package event received: 0
05-09 06:01:29.300   770   770 D ActivityThread: Package [com.Slack] reported as REPLACED, but missing application info. Assuming REMOVED.
05-09 06:01:29.301  1485  1981 D ActivityManager: sync unfroze 770 com.google.android.apps.safetyhub for 6
05-09 06:01:29.303   770   770 D ActivityThread: Package [com.Slack] reported as REPLACED, but missing application info. Assuming REMOVED.
05-09 06:01:29.304   770   770 D ActivityThread: Package [com.arbys.android.arbysapp] reported as REPLACED, but missing application info. Assuming REMOVED.
05-09 06:01:29.304   770   770 D ActivityThread: Package [com.arbys.android.arbysapp] reported as REPLACED, but missing application info. Assuming REMOVED.
05-09 06:01:29.445  1485  2110 D BackgroundInstallControlService: Package event received: 0
05-09 06:01:29.458  1485  2110 D BackgroundInstallControlService: Package event received: 0
05-09 06:01:29.583  1485  2110 D BackgroundInstallControlService: Package event received: 0
05-09 06:01:30.524  1485  2110 D BackgroundInstallControlService: Package event received: 0
05-09 06:01:30.528  1485  3259 D ActivityManager: sync unfroze 22121 app.revanced.android.gms for 6
05-09 06:01:33.681  1485  1992 D ActivityManager: freezing 26889 com.whatsapp
05-09 06:01:34.622  1485  1992 D ActivityManager: freezing 28712 com.google.android.euicc
05-09 06:01:40.479   560 29877 I keystore2: system/security/keystore2/watchdog/src/lib.rs:371 - Watchdog thread idle -> terminating. Have a great day.
05-09 06:01:40.718  1485  1992 D ActivityManager: freezing 770 com.google.android.apps.safetyhub
05-09 06:01:40.818  1485  1992 D ActivityManager: freezing 29254 com.Slack
05-09 06:01:43.833  1485  1992 D ActivityManager: freezing 20383 .ShannonImsService
05-09 06:01:54.743  1485  1981 I JobServiceContext: Letting 6f17c37 #u0a156/10170 com.android.vending/com.google.android.finsky.scheduler.process.backgroundimpl.PhoneskyJobServiceBackground continue to run past min execution time
05-09 06:01:55.477  1485  1992 D ActivityManager: freezing 12401 com.google.android.gms
05-09 06:01:55.776  1485  1992 D ActivityManager: freezing 22121 app.revanced.android.gms
05-09 06:01:57.594  1485  2446 W ProcessStats: Tracking association SourceState{74c281d com.android.vending:background/10156 ImpBg #354749} whose proc state 6 is better than process ProcessState{fea2128 com.android.vending/10156 pkg=com.android.vending} proc state 14 (21 skipped)
05-09 06:02:05.342  1485  1992 D ActivityManager: freezing 748 com.mgoogle.android.gms
05-09 06:02:11.549  1485  2448 W ProcessStats: Tracking association SourceState{74c281d com.android.vending:background/10156 ImpBg #354754} whose proc state 6 is better than process ProcessState{fea2128 com.android.vending/10156 pkg=com.android.vending} proc state 14 (1 skipped)
05-09 06:02:23.492  1485  2448 D ActivityManager: sync unfroze 748 com.mgoogle.android.gms for 7
05-09 06:02:23.493  1485  2110 D BackgroundInstallControlService: Package event received: 0
05-09 06:02:24.540  1485  1992 D ActivityManager: freezing 22468 com.google.android.googlequicksearchbox:googleapp
05-09 06:02:24.555  1485  1992 D ActivityManager: freezing 28049 com.google.android.webview:sandboxed_process0:org.chromium.content.app.SandboxedProcessService0:0
05-09 06:02:24.562  1485  1992 D ActivityManager: freezing 30950 com.google.android.googlequicksearchbox:search
05-09 06:02:24.739  1485  3037 W ProcessStats: Tracking association SourceState{ebeb35 com.mgoogle.android.gms:persistent/10316 BFgs #354766} whose proc state 4 is better than process ProcessState{eaa9433 com.mgoogle.android.gms/10316 pkg=com.mgoogle.android.gms} proc state 14 (1 skipped)
05-09 06:02:30.559  1485  3037 D ActivityManager: sync unfroze 30786 app.revanced.android.gms:persistent for 6
05-09 06:02:30.560  1485  2110 D BackgroundInstallControlService: Package event received: 0
05-09 06:02:30.562 30786 30786 D ActivityThread: Package [com.arbys.android.arbysapp] reported as REPLACED, but missing application info. Assuming REMOVED.
05-09 06:02:30.569 30786 30786 D ActivityThread: Package [com.arbys.android.arbysapp] reported as REPLACED, but missing application info. Assuming REMOVED.
05-09 06:02:30.592  1485  3037 D ActivityManager: sync unfroze 22121 app.revanced.android.gms for 7
05-09 06:02:30.593  1485  2110 D BackgroundInstallControlService: Package event received: 0
05-09 06:02:30.734  1485  2110 D BackgroundInstallControlService: Package event received: 0
05-09 06:02:31.641  1485  1742 D ActivityManager: sync unfroze 20048 com.facebook.lite for 3
05-09 06:02:31.642 20048 20048 D ActivityThread: Package [com.Slack] reported as REPLACED, but missing application info. Assuming REMOVED.
05-09 06:02:31.645 20048 20048 D ActivityThread: Package [com.Slack] reported as REPLACED, but missing application info. Assuming REMOVED.
05-09 06:02:31.646 20048 20048 D ActivityThread: Package [com.arbys.android.arbysapp] reported as REPLACED, but missing application info. Assuming REMOVED.
05-09 06:02:31.646 20048 20048 D ActivityThread: Package [com.arbys.android.arbysapp] reported as REPLACED, but missing application info. Assuming REMOVED.
05-09 06:02:31.667  1485  1742 D ActivityManager: sync unfroze 29553 com.arbys.android.arbysapp for 3
05-09 06:02:35.651  1485  1945 D ActivityManager: sync unfroze 28662 com.google.android.verifier for 6
05-09 06:02:35.651  1485  2110 D BackgroundInstallControlService: Package event received: 0
05-09 06:02:35.653  1485  2110 D BackgroundInstallControlService: Package event received: 0
05-09 06:02:35.727  1485  1945 I VerifierController: Verifier com.google.android.verifier is connected on user 0
05-09 06:02:35.727  1485  1807 W ProcessStats: Tracking association SourceState{34d6acb system/1000 ImpFg #354789} whose proc state 5 is better than process ProcessState{efa0b5 com.google.android.verifier/10400 pkg=com.google.android.verifier} proc state 14 (3 skipped)
05-09 06:02:35.824  1485  1778 D ActivityManager: sync unfroze 27944 com.android.vending:quick_launch for 10
05-09 06:02:35.825  1485  1778 D ActivityManager: sync unfroze 28249 com.android.vending:instant_app_installer for 10
05-09 06:02:35.841  1485  2110 D BackgroundInstallControlService: Package event received: 0
05-09 06:02:36.058  1485  1778 I PackageManager: Continuing with installation of file:///data/app/vmdl515785710.tmp
05-09 06:02:36.089  1485  1778 V Configuration: Updating configuration, locales updated from [] to [en_US]
05-09 06:02:36.111  1485  1778 V Configuration: Updating configuration, locales updated from [] to [en_US]
05-09 06:02:36.113  1485  1778 V Configuration: Updating configuration, locales updated from [] to [en_US]
05-09 06:02:36.113  1485  1778 V Configuration: Updating configuration, locales updated from [] to [en_US]
05-09 06:02:36.214  1485  1742 I ActivityManager: Force stopping com.subway.mobile.subwayapp03 appid=10272 user=-1: installPackageLI
