05-09 06:05:50.695  1485  2981 V Configuration: Updating configuration, locales updated from [en_US] to [zh_HK]
05-09 06:05:50.695  1485  2981 V Configuration: Updating configuration, locales updated from [en_US] to [zh_TW]
05-09 06:05:50.695  1485  2981 V Configuration: Updating configuration, locales updated from [en_US] to [zu]
05-09 06:05:50.695  1485  2981 V Configuration: Updating configuration, locales updated from [en_US] to [zu_ZA]
05-09 06:05:50.735  1485  3357 I ActivityManager: Background started FGS: Allowed [callingPackage: com.google.android.odad; callingUid: 10111; uidState: IMPF; uidBFSL: n/a; intent: Intent { xflg=0x4 cmp=com.google.android.odad/com.google.android.apps.miphone.odad.backgroundwork.impl.WorkService (has extras) }; code:BACKGROUND_ACTIVITY_PERMISSION; tempAllowListReason:<null>; allowWiu:58; targetSdkVersion:36; callerTargetSdkVersion:36; startForegroundCount:0; bindFromPackage:null: isBindService:false]
05-09 06:05:50.745  1485  3453 W ForegroundServiceTypeLoggerModule: Foreground service start for UID: 10111 does not have any types
05-09 06:05:50.749  1485  2110 D BackgroundInstallControlService: Package event received: 0
05-09 06:05:50.863  1485  2110 D BackgroundInstallControlService: Package event received: 0
05-09 06:05:50.907  1485  1740 V Configuration: Updating configuration, locales updated from [] to [en_US]
05-09 06:05:50.907  1485  1740 V Configuration: Updating configuration, locales updated from [] to [en_US]
05-09 06:05:50.907  1485  1740 V Configuration: Updating configuration, locales updated from [] to [en_US]
05-09 06:05:50.907  1485  1740 V Configuration: Updating configuration, locales updated from [] to [en_US]
05-09 06:05:50.907  1485  1740 V Configuration: Updating configuration, locales updated from [] to [en_US]
05-09 06:05:50.907  1485  1740 V Configuration: Updating configuration, locales updated from [] to [en_US]
05-09 06:05:50.907  1485  1740 V Configuration: Updating configuration, locales updated from [] to [en_US]
05-09 06:05:50.907  1485  1740 V Configuration: Updating configuration, locales updated from [] to [en_US]
05-09 06:05:50.907  1485  1740 V Configuration: Updating configuration, locales updated from [] to [en_US]
05-09 06:05:50.907  1485  1740 V Configuration: Updating configuration, locales updated from [] to [en_US]
05-09 06:05:50.907  1485  1740 V Configuration: Updating configuration, locales updated from [] to [en_US]
05-09 06:05:50.907  1485  1740 V Configuration: Updating configuration, locales updated from [] to [en_US]
05-09 06:05:50.908  1485  1740 D IntervalStats: Unable to parse usage stats packages: [28, 269, 287, 397, 435, 502, 620, 669, 680, 692, 699, 715, 763, 804, 816, 846, 858, 922, 1025, 1041, 1051, 1052, 1055, 1057, 1068, 1069, 1070, 1071, 1073, 1074, 1075, 1077, 1078, 1080, 1081, 1083, 1086, 1092, 1093, 1098, 1099, 1104, 1105, 1106, 1107, 1111, 1116, 1119, 1122, 1158, 1175, 1176, 1181, 1186, 1187, 1190, 1192, 1193, 1194, 1195, 1196, 1209, 1226, 1250, 1295, 1296, 1297, 1298, 1299, 1300]
05-09 06:05:50.943  1485  3365 V Configuration: Updating configuration, locales updated from [] to [en_US]
05-09 06:05:50.943  1485  3365 V Configuration: Updating configuration, locales updated from [] to [en_US]
05-09 06:05:50.943  1485  3365 V Configuration: Updating configuration, locales updated from [] to [en_US]
05-09 06:05:50.943  1485  3365 V Configuration: Updating configuration, locales updated from [] to [en_US]
05-09 06:05:50.943  1485  3365 V Configuration: Updating configuration, locales updated from [] to [en_US]
05-09 06:05:50.943  1485  3365 V Configuration: Updating configuration, locales updated from [] to [en_US]
05-09 06:05:50.943  1485  3365 V Configuration: Updating configuration, locales updated from [] to [en_US]
05-09 06:05:50.943  1485  3365 V Configuration: Updating configuration, locales updated from [] to [en_US]
05-09 06:05:50.943  1485  3365 V Configuration: Updating configuration, locales updated from [] to [en_US]
05-09 06:05:50.943  1485  3365 V Configuration: Updating configuration, locales updated from [] to [en_US]
05-09 06:05:50.943  1485  3365 V Configuration: Updating configuration, locales updated from [] to [en_US]
05-09 06:05:50.943  1485  3365 V Configuration: Updating configuration, locales updated from [] to [en_US]
05-09 06:05:50.944  1485  3365 D IntervalStats: Unable to parse usage stats packages: [28, 269, 287, 397, 435, 502, 620, 669, 680, 692, 699, 715, 763, 804, 816, 846, 858, 922, 1025, 1041, 1051, 1052, 1055, 1057, 1068, 1069, 1070, 1071, 1073, 1074, 1075, 1077, 1078, 1080, 1081, 1083, 1086, 1092, 1093, 1098, 1099, 1104, 1105, 1106, 1107, 1111, 1116, 1119, 1122, 1158, 1175, 1176, 1181, 1186, 1187, 1190, 1192, 1193, 1194, 1195, 1196, 1209, 1226, 1250, 1295, 1296, 1297, 1298, 1299, 1300]
05-09 06:05:50.999  1485  2110 D BackgroundInstallControlService: Package event received: 0
05-09 06:05:51.002  1485  1485 V NotificationHistory: Attempted to add notif for locked/gone/disabled user 0
05-09 06:05:51.067  1485  2110 D BackgroundInstallControlService: Package event received: 0
05-09 06:05:51.115  1485  2110 D BackgroundInstallControlService: Package event received: 0
05-09 06:05:51.199  1485  3249 W ForegroundServiceTypeLoggerModule: FGS stop call for: 10111 has no types!
05-09 06:05:51.200  1485  2110 D BackgroundInstallControlService: Package event received: 0
05-09 06:05:51.200  1485  2110 D BackgroundInstallControlService: Package event received: 0
05-09 06:05:51.397  1485  3249 E AppOps  : attributionTag VCN not declared in manifest of android
05-09 06:05:51.818  1485  3369 W JobScheduler: Job didn't exist in JobStore: 1f1c681 {androidx.work.systemjobscheduler} #u0a180/106781 @androidx.work.systemjobscheduler@com.google.android.youtube/androidx.work.impl.background.systemjob.SystemJobService
05-09 06:05:51.861  1485  3453 W JobScheduler: Job didn't exist in JobStore: 1dcfeaa {androidx.work.systemjobscheduler} #u0a180/106789 #notification_registration_task#@androidx.work.systemjobscheduler@com.google.android.youtube/androidx.work.impl.background.systemjob.SystemJobService
05-09 06:05:52.195  1485  2110 D BackgroundInstallControlService: Package event received: 0
05-09 06:05:52.420  1485  2110 D BackgroundInstallControlService: Package event received: 0
05-09 06:05:52.435  1485  2110 D BackgroundInstallControlService: Package event received: 0
05-09 06:05:53.491  1485  1485 I RemoteContentProtectionService: Connection status for: ComponentInfo{com.google.android.odad/com.google.android.apps.miphone.odad.contentprotection.ContentProtectionService} changed to: disconnected
05-09 06:06:12.776  1485  3453 E BatteryStatsService: Invalid uid for waking network packet: -1
05-09 06:06:23.794  1485  1742 D CompatChangeReporter: Compat change id reported: 441041342; UID 10182; state: ENABLED
05-09 06:06:23.808  1485  2110 D BackgroundInstallControlService: Package event received: 0
05-09 06:06:23.819  1485  1743 I ActivityManager: Start proc 31034:com.google.android.apps.maps:server_recovery_process_scheduled/u0a182 for broadcast {com.google.android.apps.maps/com.google.android.apps.gmm.plugins.serverrecovery.ScheduledRecoverySignalHandlerImpl}
05-09 06:06:23.963  1485  2110 D BackgroundInstallControlService: Package event received: 0
05-09 06:06:23.964  1485  2110 D BackgroundInstallControlService: Package event received: 0
05-09 06:06:24.446  1485  3453 E BatteryStatsService: Invalid uid for waking network packet: -1
05-09 06:06:24.581  1485  1740 I ActivityManager: Process com.google.android.apps.maps:server_recovery_process_scheduled (pid 31034) has died: cch CEM 
05-09 06:06:24.742  1485  1743 I ActivityManager: Start proc 31067:com.google.android.gms:com.google.android.gms.chimera.IsolatedBoundBrokerService/u0i203 for service {com.google.android.gms/com.google.android.gms.chimera.IsolatedBoundBrokerService}
05-09 06:06:24.882 31067 31067 W FileUtils: Failed to chmod(/data/user_de/0/com.google.android.gms/app_chimera)
05-09 06:06:24.882 31067 31067 W FileUtils: android.system.ErrnoException: chmod failed: ENOENT (No such file or directory)
05-09 06:06:24.882 31067 31067 W FileUtils: 	at libcore.io.Linux.chmod(Native Method)
05-09 06:06:24.882 31067 31067 W FileUtils: 	at libcore.io.ForwardingOs.chmod(ForwardingOs.java:166)
05-09 06:06:24.882 31067 31067 W FileUtils: 	at libcore.io.BlockGuardOs.chmod(BlockGuardOs.java:83)
05-09 06:06:24.882 31067 31067 W FileUtils: 	at libcore.io.ForwardingOs.chmod(ForwardingOs.java:166)
05-09 06:06:24.882 31067 31067 W FileUtils: 	at android.system.Os.chmod(Os.java:119)
05-09 06:06:24.882 31067 31067 W FileUtils: 	at android.os.FileUtils.setPermissions(FileUtils.java:189)
05-09 06:06:24.882 31067 31067 W FileUtils: 	at android.app.ContextImpl.setFilePermissionsFromMode(ContextImpl.java:3910)
05-09 06:06:24.882 31067 31067 W FileUtils: 	at android.app.ContextImpl.getDir(ContextImpl.java:3516)
05-09 06:06:24.882 31067 31067 W FileUtils: 	at android.content.ContextWrapper.getDir(ContextWrapper.java:353)
05-09 06:06:24.882 31067 31067 W FileUtils: 	at aask.c(:com.google.android.gms@261631035@26.16.31 (260400-900800821):8)
05-09 06:06:24.882 31067 31067 W FileUtils: 	at aarr.<init>(:com.google.android.gms@261631035@26.16.31 (260400-900800821):33)
05-09 06:06:24.882 31067 31067 W FileUtils: 	at aasu.<init>(:com.google.android.gms@261631035@26.16.31 (260400-900800821):3)
05-09 06:06:24.882 31067 31067 W FileUtils: 	at aasu.f(:com.google.android.gms@261631035@26.16.31 (260400-900800821):14)
05-09 06:06:24.882 31067 31067 W FileUtils: 	at com.google.android.gms.common.app.GmsApplication.attachBaseContext(:com.google.android.gms@261631035@26.16.31 (260400-900800821):1868)
05-09 06:06:24.882 31067 31067 W FileUtils: 	at android.app.Application.attach(Application.java:356)
05-09 06:06:24.882 31067 31067 W FileUtils: 	at android.app.Instrumentation.newApplication(Instrumentation.java:1363)
05-09 06:06:24.882 31067 31067 W FileUtils: 	at android.app.LoadedApk.makeApplicationInner(LoadedApk.java:1636)
05-09 06:06:24.882 31067 31067 W FileUtils: 	at android.app.LoadedApk.makeApplicationInner(LoadedApk.java:1568)
05-09 06:06:24.882 31067 31067 W FileUtils: 	at android.app.ActivityThread.handleBindApplication(ActivityThread.java:8124)
05-09 06:06:24.882 31067 31067 W FileUtils: 	at android.app.ActivityThread.-$$Nest$mhandleBindApplication(Unknown Source:0)
05-09 06:06:24.882 31067 31067 W FileUtils: 	at android.app.ActivityThread$H.handleMessage(ActivityThread.java:2716)
05-09 06:06:24.882 31067 31067 W FileUtils: 	at android.os.Handler.dispatchMessageImpl(Handler.java:142)
05-09 06:06:24.882 31067 31067 W FileUtils: 	at android.os.Handler.dispatchMessage(Handler.java:125)
05-09 06:06:24.882 31067 31067 W FileUtils: 	at android.os.Looper.loopOnce(Looper.java:269)
05-09 06:06:24.882 31067 31067 W FileUtils: 	at android.os.Looper.loop(Looper.java:367)
05-09 06:06:24.882 31067 31067 W FileUtils: 	at android.app.ActivityThread.main(ActivityThread.java:9333)
05-09 06:06:24.882 31067 31067 W FileUtils: 	at java.lang.reflect.Method.invoke(Native Method)
05-09 06:06:24.882 31067 31067 W FileUtils: 	at com.android.internal.os.RuntimeInit$MethodAndArgsCaller.run(RuntimeInit.java:566)
05-09 06:06:24.882 31067 31067 W FileUtils: 	at com.android.internal.os.ZygoteInit.main(ZygoteInit.java:929)
05-09 06:06:24.883  1485  2110 D BackgroundInstallControlService: Package event received: 0
05-09 06:06:25.538  1485  1992 D ActivityManager: freezing 30544 com.google.android.tts
05-09 06:06:27.536  1485  1750 W ProcessStats: Tracking association SourceState{9b32bd9 com.google.android.googlequicksearchbox:interactor/10161 BFgs #355573} whose proc state 4 is better than process ProcessState{9f0049e com.google.android.googlequicksearchbox:search/10161 pkg=com.google.android.googlequicksearchbox} proc state 14 (50 skipped)
05-09 06:06:29.843  1485  1992 D ActivityManager: freezing 28753 com.google.android.odad
05-09 06:06:32.044  1485  2110 D BackgroundInstallControlService: Package event received: 0
05-09 06:06:32.045  1485  1740 D ActivityManager: sync unfroze 30786 app.revanced.android.gms:persistent for 6
05-09 06:06:32.046 30786 30786 D ActivityThread: Package [com.facebook.orca] reported as REPLACED, but missing application info. Assuming REMOVED.
05-09 06:06:32.047 30786 30786 D ActivityThread: Package [com.facebook.orca] reported as REPLACED, but missing application info. Assuming REMOVED.
05-09 06:06:32.048 30786 30786 D ActivityThread: Package [com.google.android.tts] reported as REPLACED, but missing application info. Assuming REMOVED.
05-09 06:06:32.049 30786 30786 D ActivityThread: Package [com.google.android.tts] reported as REPLACED, but missing application info. Assuming REMOVED.
05-09 06:06:32.049 30786 30786 D ActivityThread: Package [com.google.android.youtube] reported as REPLACED, but missing application info. Assuming REMOVED.
05-09 06:06:32.049 30786 30786 D ActivityThread: Package [com.google.android.youtube] reported as REPLACED, but missing application info. Assuming REMOVED.
05-09 06:06:32.094  1485  2110 D BackgroundInstallControlService: Package event received: 0
05-09 06:06:32.188  1485  2110 D BackgroundInstallControlService: Package event received: 0
05-09 06:06:32.484  1485  2481 I ActivityManager: Killing 31067:com.google.android.gms:com.google.android.gms.chimera.IsolatedBoundBrokerService/u0a150i203 (adj 0): isolated not needed
05-09 06:06:34.760  1485  2110 D BackgroundInstallControlService: Package event received: 0
05-09 06:06:34.817  1485  2110 D BackgroundInstallControlService: Package event received: 0
05-09 06:06:34.821 23660 23660 D ActivityThread: Package [com.facebook.orca] reported as REPLACED, but missing application info. Assuming REMOVED.
05-09 06:06:34.823 23660 23660 D ActivityThread: Package [com.facebook.orca] reported as REPLACED, but missing application info. Assuming REMOVED.
05-09 06:06:34.823 23660 23660 D ActivityThread: Package [com.google.android.tts] reported as REPLACED, but missing application info. Assuming REMOVED.
05-09 06:06:34.823 23660 23660 D ActivityThread: Package [com.google.android.tts] reported as REPLACED, but missing application info. Assuming REMOVED.
05-09 06:06:34.823 23660 23660 D ActivityThread: Package [com.google.android.youtube] reported as REPLACED, but missing application info. Assuming REMOVED.
05-09 06:06:34.824 23660 23660 D ActivityThread: Package [com.google.android.youtube] reported as REPLACED, but missing application info. Assuming REMOVED.
05-09 06:06:34.824  1485  3265 D ActivityManager: sync unfroze 23660 com.google.android.apps.photos for 6
05-09 06:06:34.825  1485  2110 D BackgroundInstallControlService: Package event received: 0
05-09 06:06:34.838  1485  2110 D BackgroundInstallControlService: Package event received: 0
05-09 06:06:34.841  1485  1740 D ActivityManager: sync unfroze 21410 com.google.android.apps.restore for 6
05-09 06:06:34.843  1485  2110 D BackgroundInstallControlService: Package event received: 0
05-09 06:06:34.849 21410 21410 D ActivityThread: Package [com.Slack] reported as REPLACED, but missing application info. Assuming REMOVED.
05-09 06:06:34.850 21410 21410 D ActivityThread: Package [com.Slack] reported as REPLACED, but missing application info. Assuming REMOVED.
05-09 06:06:34.850 21410 21410 D ActivityThread: Package [com.arbys.android.arbysapp] reported as REPLACED, but missing application info. Assuming REMOVED.
05-09 06:06:34.851 21410 21410 D ActivityThread: Package [com.arbys.android.arbysapp] reported as REPLACED, but missing application info. Assuming REMOVED.
05-09 06:06:34.851 21410 21410 D ActivityThread: Package [com.subway.mobile.subwayapp03] reported as REPLACED, but missing application info. Assuming REMOVED.
05-09 06:06:34.851 21410 21410 D ActivityThread: Package [com.subway.mobile.subwayapp03] reported as REPLACED, but missing application info. Assuming REMOVED.
05-09 06:06:34.852 21410 21410 D ActivityThread: Package [com.facebook.orca] reported as REPLACED, but missing application info. Assuming REMOVED.
05-09 06:06:34.852 21410 21410 D ActivityThread: Package [com.facebook.orca] reported as REPLACED, but missing application info. Assuming REMOVED.
05-09 06:06:34.852 21410 21410 D ActivityThread: Package [com.google.android.tts] reported as REPLACED, but missing application info. Assuming REMOVED.
05-09 06:06:34.853 21410 21410 D ActivityThread: Package [com.google.android.tts] reported as REPLACED, but missing application info. Assuming REMOVED.
05-09 06:06:34.854 21410 21410 D ActivityThread: Package [com.google.android.youtube] reported as REPLACED, but missing application info. Assuming REMOVED.
05-09 06:06:34.854 21410 21410 D ActivityThread: Package [com.google.android.youtube] reported as REPLACED, but missing application info. Assuming REMOVED.
05-09 06:06:34.963  1485  2110 D BackgroundInstallControlService: Package event received: 0
05-09 06:06:35.762  1485  1992 D ActivityManager: freezing 27944 com.android.vending:quick_launch
05-09 06:06:35.769  1485  1992 D ActivityManager: freezing 28249 com.android.vending:instant_app_installer
05-09 06:06:36.223  1485  3265 W ActivityManager: pid 21265 com.google.android.gms.persistent sent binder code 2 with flags 1 and got error -32
05-09 06:06:36.225 21265 30333 D ActivityThread: Too many transaction errors, throttling transaction error callback.
05-09 06:06:36.889  1485  1992 D ActivityManager: freezing 8497 com.google.android.permissioncontroller
05-09 06:06:37.582  1485  3453 W ProcessStats: Tracking association SourceState{8e740b system/1000 ImpBg #355651} whose proc state 6 is better than process ProcessState{849ce2f com.google.android.apps.photos/10185 pkg=com.google.android.apps.photos} proc state 14 (58 skipped)
05-09 06:06:38.725  1485  1945 W VerifierController: Verifier com.google.android.verifier is disconnected on user 0
05-09 06:06:41.924  1485  1992 D ActivityManager: freezing 16250 com.android.vending
05-09 06:06:41.934  1485  1992 D ActivityManager: freezing 14811 com.android.vending:background
05-09 06:06:42.148  1485  1992 D ActivityManager: freezing 30786 app.revanced.android.gms:persistent
05-09 06:06:50.307  1485  1992 D ActivityManager: freezing 30747 com.google.android.youtube
05-09 06:07:11.533  1485  3265 E BatteryStatsService: Invalid uid for waking network packet: -1
05-09 06:07:11.534  1485  1740 E BatteryStatsService: Invalid uid for waking network packet: -1
05-09 06:07:12.074  1485  1992 D ActivityManager: freezing 28662 com.google.android.verifier
05-09 06:07:12.526  1485  3265 W ProcessStats: Tracking association SourceState{f1e9b8a com.google.android.apps.restore/10107 BFgs #355676} whose proc state 4 is better than process ProcessState{849ce2f com.google.android.apps.photos/10185 pkg=com.google.android.apps.photos} proc state 14 (88 skipped)
05-09 06:07:12.826  2152  6924 D PowerUI : can't show warning due to - plugged: true status unknown: false
05-09 06:07:23.837  1485  2110 D BackgroundInstallControlService: Package event received: 0
05-09 06:07:56.050  1485  2010 E BatteryStatsService: Invalid uid for waking network packet: -1
05-09 06:07:56.050  1485  2010 E BatteryStatsService: Invalid uid for waking network packet: -1
05-09 06:07:56.117  1485  1992 D ActivityManager: freezing 28712 com.google.android.euicc
05-09 06:08:16.324  1485  2481 E BatteryStatsService: Invalid uid for waking network packet: -1
05-09 06:08:23.884  1485  2110 D BackgroundInstallControlService: Package event received: 0
05-09 06:08:23.993  1485  2110 D BackgroundInstallControlService: Package event received: 0
05-09 06:08:23.993  1485  2110 D BackgroundInstallControlService: Package event received: 0
05-09 06:08:24.095  1485  2110 D BackgroundInstallControlService: Package event received: 0
05-09 06:08:24.095  1485  2110 D BackgroundInstallControlService: Package event received: 0
05-09 06:08:24.095  1485  2110 D BackgroundInstallControlService: Package event received: 0
05-09 06:08:24.095  1485  2110 D BackgroundInstallControlService: Package event received: 0
05-09 06:08:24.095  1485  2110 D BackgroundInstallControlService: Package event received: 0
05-09 06:08:24.095  1485  2110 D BackgroundInstallControlService: Package event received: 0
05-09 06:08:24.096  1485  2110 D BackgroundInstallControlService: Package event received: 0
05-09 06:08:24.096  1485  2110 D BackgroundInstallControlService: Package event received: 0
05-09 06:08:24.096  1485  2110 D BackgroundInstallControlService: Package event received: 0
05-09 06:08:24.096  1485  2110 D BackgroundInstallControlService: Package event received: 0
05-09 06:08:24.381  1485  2010 E BatteryStatsService: Invalid uid for waking network packet: -1
05-09 06:08:39.446  1485  1992 D ActivityManager: freezing 22413 com.google.android.apps.wellbeing
05-09 06:08:59.686  1485  2010 E BatteryStatsService: Invalid uid for waking network packet: -1
05-09 06:08:59.687  1485  2010 E BatteryStatsService: Invalid uid for waking network packet: -1
05-09 06:09:12.907  1485  2110 D BackgroundInstallControlService: Package event received: 0
05-09 06:09:12.907  1485  2110 D BackgroundInstallControlService: Package event received: 0
05-09 06:09:12.988  1485  1981 D ActivityManager: sync unfroze 16250 com.android.vending for 6
05-09 06:09:12.992  1485  1981 D ActivityManager: sync unfroze 14811 com.android.vending:background for 6
05-09 06:09:13.417  1485  1992 D ActivityManager: freezing 3433 com.android.settings
05-09 06:09:13.425  1485  1992 D ActivityManager: freezing 13725 com.google.android.apps.carrier.carrierwifi
05-09 06:09:13.427  1485  1992 D ActivityManager: freezing 29246 com.android.keychain
05-09 06:09:13.507  1485  3249 E BatteryStatsService: Invalid uid for waking network packet: -1
05-09 06:09:20.572  1485  1992 D ActivityManager: freezing 22121 app.revanced.android.gms
05-09 06:09:23.942  1485  3365 E BatteryStatsService: Invalid uid for waking network packet: -1
05-09 06:09:23.943  1485  1742 W ActivityManager: Stopping service due to app idle: u0a281 -4m0s585ms com.facebook.orca/com.facebook.mqtt.service.MqttServiceV2
05-09 06:09:23.952  1485  2110 D BackgroundInstallControlService: Package event received: 0
05-09 06:09:35.334  1485  1741 W ProcessStats: Tracking association SourceState{f1e9b8a com.google.android.apps.restore/10107 BFgs #355731} whose proc state 4 is better than process ProcessState{849ce2f com.google.android.apps.photos/10185 pkg=com.google.android.apps.photos} proc state 14 (68 skipped)
05-09 06:10:01.772  1485  3365 E BatteryStatsService: Invalid uid for waking network packet: -1
05-09 06:10:22.961  1485  3365 E BatteryStatsService: Invalid uid for waking network packet: -1
05-09 06:10:23.353  1485  1992 D ActivityManager: freezing 16250 com.android.vending
05-09 06:10:23.369  1485  1992 D ActivityManager: freezing 14811 com.android.vending:background
05-09 06:10:24.024  1485  2110 D BackgroundInstallControlService: Package event received: 0
05-09 06:10:24.262  1485  3249 D ActivityManager: sync unfroze 22468 com.google.android.googlequicksearchbox:googleapp for 6
05-09 06:10:24.263  1485  3249 D ActivityManager: sync unfroze 28049 com.google.android.webview:sandboxed_process0:org.chromium.content.app.SandboxedProcessService0:0 for 6
05-09 06:10:24.265  1485  2110 D BackgroundInstallControlService: Package event received: 0
05-09 06:10:24.268 28049 28049 D ActivityThread: Package [com.subway.mobile.subwayapp03] reported as REPLACED, but missing application info. Assuming REMOVED.
05-09 06:10:24.270 28049 28049 D ActivityThread: Package [com.subway.mobile.subwayapp03] reported as REPLACED, but missing application info. Assuming REMOVED.
05-09 06:10:24.271 28049 28049 D ActivityThread: Package [com.facebook.orca] reported as REPLACED, but missing application info. Assuming REMOVED.
05-09 06:10:24.271 28049 28049 D ActivityThread: Package [com.facebook.orca] reported as REPLACED, but missing application info. Assuming REMOVED.
05-09 06:10:24.271 28049 28049 D ActivityThread: Package [com.google.android.tts] reported as REPLACED, but missing application info. Assuming REMOVED.
05-09 06:10:24.271 28049 28049 D ActivityThread: Package [com.google.android.tts] reported as REPLACED, but missing application info. Assuming REMOVED.
05-09 06:10:24.272 28049 28049 D ActivityThread: Package [com.google.android.youtube] reported as REPLACED, but missing application info. Assuming REMOVED.
05-09 06:10:24.272 28049 28049 D ActivityThread: Package [com.google.android.youtube] reported as REPLACED, but missing application info. Assuming REMOVED.
05-09 06:10:24.314 22468 22468 D ActivityThread: Package [com.subway.mobile.subwayapp03] reported as REPLACED, but missing application info. Assuming REMOVED.
05-09 06:10:24.315 22468 22468 D ActivityThread: Package [com.subway.mobile.subwayapp03] reported as REPLACED, but missing application info. Assuming REMOVED.
05-09 06:10:24.315 22468 22468 D ActivityThread: Package [com.facebook.orca] reported as REPLACED, but missing application info. Assuming REMOVED.
05-09 06:10:24.316 22468 22468 D ActivityThread: Package [com.facebook.orca] reported as REPLACED, but missing application info. Assuming REMOVED.
05-09 06:10:24.316 22468 22468 D ActivityThread: Package [com.google.android.tts] reported as REPLACED, but missing application info. Assuming REMOVED.
05-09 06:10:24.316 22468 22468 D ActivityThread: Package [com.google.android.tts] reported as REPLACED, but missing application info. Assuming REMOVED.
05-09 06:10:24.317 22468 22468 D ActivityThread: Package [com.google.android.youtube] reported as REPLACED, but missing application info. Assuming REMOVED.
05-09 06:10:24.317 22468 22468 D ActivityThread: Package [com.google.android.youtube] reported as REPLACED, but missing application info. Assuming REMOVED.
05-09 06:10:24.552  1485  2110 D BackgroundInstallControlService: Package event received: 0
05-09 06:10:26.904  1485  3249 W ProcessStats: Tracking association SourceState{1aa92b1 com.google.android.googlequicksearchbox:googleapp/10161 BFgs #355752} whose proc state 4 is better than process ProcessState{9f0049e com.google.android.googlequicksearchbox:search/10161 pkg=com.google.android.googlequicksearchbox} proc state 14 (42 skipped)
05-09 06:10:31.634  1485  3265 I ActivityManager: Process com.google.android.googlequicksearchbox:googleapp (pid 22468) has died: cch CEM 
05-09 06:10:31.635  1485  2010 E AppOps  : Bad call made by uid 1000. Package "com.google.android.googlequicksearchbox" does not belong to uid 1000.
05-09 06:10:31.651  1485  3230 I ActivityManager: Killing 28049:com.google.android.webview:sandboxed_process0:org.chromium.content.app.SandboxedProcessService0:0/u0a161i202 (adj 0): isolated not needed
05-09 06:10:33.458 30280 30280 D ActivityThread: Package [com.google.android.youtube] reported as REPLACED, but missing application info. Assuming REMOVED.
05-09 06:10:33.459 30280 30280 D ActivityThread: Package [com.google.android.youtube] reported as REPLACED, but missing application info. Assuming REMOVED.
05-09 06:10:33.460  1485  1742 D ActivityManager: sync unfroze 30280 com.facebook.orca:pretosproc for 10
05-09 06:11:12.774  1485  3366 E BatteryStatsService: Invalid uid for waking network packet: -1
05-09 06:11:12.774  1485  3366 E BatteryStatsService: Invalid uid for waking network packet: -1
05-09 06:11:24.799  1485  2110 D BackgroundInstallControlService: Package event received: 0
05-09 06:11:26.492  1485  1992 D ActivityManager: freezing 12401 com.google.android.gms
05-09 06:11:26.499  1485  1992 D ActivityManager: freezing 21410 com.google.android.apps.restore
05-09 06:11:46.768  1485  3230 E BatteryStatsService: Invalid uid for waking network packet: -1
05-09 06:12:19.992  1485  3929 E BatteryStatsService: Invalid uid for waking network packet: -1
05-09 06:12:19.992  1485  3929 E BatteryStatsService: Invalid uid for waking network packet: -1
05-09 06:12:24.852  1485  1981 D ActivityManager: sync unfroze 1646 com.google.android.apps.pixel.support for 6
05-09 06:12:24.855  1485  1981 D ActivityManager: sync unfroze 12401 com.google.android.gms for 6
05-09 06:12:24.856  1485  1981 D ActivityManager: sync unfroze 21410 com.google.android.apps.restore for 6
05-09 06:12:24.861  1485  1981 W ProcessStats: Tracking association SourceState{f1e9b8a com.google.android.apps.restore/10107 ImpBg #355783} whose proc state 6 is better than process ProcessState{849ce2f com.google.android.apps.photos/10185 pkg=com.google.android.apps.photos} proc state 14 (42 skipped)
05-09 06:12:24.866  1646  1646 D ActivityThread: Package [com.Slack] reported as REPLACED, but missing application info. Assuming REMOVED.
05-09 06:12:24.869  1485  1981 D ActivityManager: sync unfroze 1649 com.google.android.apps.pixel.customizationbundle for 6
05-09 06:12:24.874  1649  1649 D ActivityThread: Package [com.Slack] reported as REPLACED, but missing application info. Assuming REMOVED.
05-09 06:12:24.878  1649  1649 D ActivityThread: Package [com.Slack] reported as REPLACED, but missing application info. Assuming REMOVED.
05-09 06:12:24.878  1646  1646 D ActivityThread: Package [com.Slack] reported as REPLACED, but missing application info. Assuming REMOVED.
05-09 06:12:24.881  1646  1646 D ActivityThread: Package [com.arbys.android.arbysapp] reported as REPLACED, but missing application info. Assuming REMOVED.
05-09 06:12:24.881  1649  1649 D ActivityThread: Package [com.arbys.android.arbysapp] reported as REPLACED, but missing application info. Assuming REMOVED.
05-09 06:12:24.882  1649  1649 D ActivityThread: Package [com.arbys.android.arbysapp] reported as REPLACED, but missing application info. Assuming REMOVED.
05-09 06:12:24.882  1646  1646 D ActivityThread: Package [com.arbys.android.arbysapp] reported as REPLACED, but missing application info. Assuming REMOVED.
05-09 06:12:24.885  1646  1646 D ActivityThread: Package [com.subway.mobile.subwayapp03] reported as REPLACED, but missing application info. Assuming REMOVED.
05-09 06:12:24.886  1649  1649 D ActivityThread: Package [com.subway.mobile.subwayapp03] reported as REPLACED, but missing application info. Assuming REMOVED.
05-09 06:12:24.887  1485  1981 D ActivityManager: sync unfroze 16250 com.android.vending for 6
05-09 06:12:24.888  1485  1981 D ActivityManager: sync unfroze 14811 com.android.vending:background for 6
05-09 06:12:24.889  1649  1649 D ActivityThread: Package [com.subway.mobile.subwayapp03] reported as REPLACED, but missing application info. Assuming REMOVED.
05-09 06:12:24.890  1485  1981 D ActivityManager: sync unfroze 26538 com.theathletic for 6
05-09 06:12:24.891  1485  1981 D ActivityManager: sync unfroze 26628 com.google.android.webview:sandboxed_process0:org.chromium.content.app.SandboxedProcessService0:0 for 6
05-09 06:12:24.901  1649  1649 D ActivityThread: Package [com.facebook.orca] reported as REPLACED, but missing application info. Assuming REMOVED.
05-09 06:12:24.902  1649  1649 D ActivityThread: Package [com.facebook.orca] reported as REPLACED, but missing application info. Assuming REMOVED.
05-09 06:12:24.902  1649  1649 D ActivityThread: Package [com.google.android.tts] reported as REPLACED, but missing application info. Assuming REMOVED.
05-09 06:12:24.902  1649  1649 D ActivityThread: Package [com.google.android.tts] reported as REPLACED, but missing application info. Assuming REMOVED.
05-09 06:12:24.902  1649  1649 D ActivityThread: Package [com.google.android.youtube] reported as REPLACED, but missing application info. Assuming REMOVED.
05-09 06:12:24.903  1649  1649 D ActivityThread: Package [com.google.android.youtube] reported as REPLACED, but missing application info. Assuming REMOVED.
05-09 06:12:24.905  1485  1981 D ActivityManager: sync unfroze 28784 com.google.android.settings.intelligence for 6
05-09 06:12:24.908 26628 26628 D ActivityThread: Package [com.Slack] reported as REPLACED, but missing application info. Assuming REMOVED.
05-09 06:12:24.909  1646  1646 D ActivityThread: Package [com.subway.mobile.subwayapp03] reported as REPLACED, but missing application info. Assuming REMOVED.
05-09 06:12:24.916 26628 26628 D ActivityThread: Package [com.Slack] reported as REPLACED, but missing application info. Assuming REMOVED.
05-09 06:12:24.917  1646  1646 D ActivityThread: Package [com.facebook.orca] reported as REPLACED, but missing application info. Assuming REMOVED.
05-09 06:12:24.917  1485  1981 W JobServiceContext: Sending onNetworkChanged for a job that isn't started. JobStatus{442f516 androidx.work.systemjobscheduler:u0a402/817 #TikTokWorker#com.google.android.libraries.mdi.download.workmanager.tiktok.TikTokPeriodicWorker#@androidx.work.systemjobscheduler@com.google.android.apps.pixel.customizationbundle/androidx.work.impl.background.systemjob.SystemJobService u=0 s=10402 TIME=-1m27s862ms:none NET CHARGING IDLE READY}
05-09 06:12:24.919  1485  1981 W JobServiceContext: Sending onNetworkChanged for a job that isn't started. JobStatus{fd47129 #u0a408/12237 com.theathletic/androidx.work.impl.background.systemjob.SystemJobService u=0 s=10408 TIME=-1m16s897ms:none NET READY}
05-09 06:12:24.919  1485  1981 W JobServiceContext: Sending onNetworkChanged for a job that isn't started. JobStatus{c1bd5d3 androidx.work.systemjobscheduler:u0a145/5814 #MDD.CELLULAR.CHARGING.PERIODIC.TASK#@androidx.work.systemjobscheduler@com.google.android.settings.intelligence/androidx.work.impl.background.systemjob.SystemJobService u=0 s=10145 TIME=-1m16s577ms:none NET CHARGING IDLE READY}
05-09 06:12:24.919  1485  1981 W JobServiceContext: Sending onNetworkChanged for a job that isn't started. JobStatus{73af91a androidx.work.systemjobscheduler:u0a145/5815 #MDD.WIFI.CHARGING.PERIODIC.TASK#@androidx.work.systemjobscheduler@com.google.android.settings.intelligence/androidx.work.impl.background.systemjob.SystemJobService u=0 s=10145 TIME=-1m16s512ms:none NET CHARGING IDLE READY}
05-09 06:12:24.924 28784 28784 D ActivityThread: Package [com.Slack] reported as REPLACED, but missing application info. Assuming REMOVED.
05-09 06:12:24.924  1646  1646 D ActivityThread: Package [com.facebook.orca] reported as REPLACED, but missing application info. Assuming REMOVED.
05-09 06:12:24.925 26628 26628 D ActivityThread: Package [com.arbys.android.arbysapp] reported as REPLACED, but missing application info. Assuming REMOVED.
05-09 06:12:24.928  1646  1646 D ActivityThread: Package [com.google.android.tts] reported as REPLACED, but missing application info. Assuming REMOVED.
05-09 06:12:24.928  1646  1646 D ActivityThread: Package [com.google.android.tts] reported as REPLACED, but missing application info. Assuming REMOVED.
05-09 06:12:24.928 28784 28784 D ActivityThread: Package [com.Slack] reported as REPLACED, but missing application info. Assuming REMOVED.
05-09 06:12:24.928 26628 26628 D ActivityThread: Package [com.arbys.android.arbysapp] reported as REPLACED, but missing application info. Assuming REMOVED.
05-09 06:12:24.928  1646  1646 D ActivityThread: Package [com.google.android.youtube] reported as REPLACED, but missing application info. Assuming REMOVED.
05-09 06:12:24.929 28784 28784 D ActivityThread: Package [com.arbys.android.arbysapp] reported as REPLACED, but missing application info. Assuming REMOVED.
05-09 06:12:24.929 26628 26628 D ActivityThread: Package [com.subway.mobile.subwayapp03] reported as REPLACED, but missing application info. Assuming REMOVED.
05-09 06:12:24.929 28784 28784 D ActivityThread: Package [com.arbys.android.arbysapp] reported as REPLACED, but missing application info. Assuming REMOVED.
05-09 06:12:24.929 26628 26628 D ActivityThread: Package [com.subway.mobile.subwayapp03] reported as REPLACED, but missing application info. Assuming REMOVED.
05-09 06:12:24.930 28784 28784 D ActivityThread: Package [com.subway.mobile.subwayapp03] reported as REPLACED, but missing application info. Assuming REMOVED.
05-09 06:12:24.931 26538 26538 D ActivityThread: Package [com.Slack] reported as REPLACED, but missing application info. Assuming REMOVED.
05-09 06:12:24.931  1646  1646 D ActivityThread: Package [com.google.android.youtube] reported as REPLACED, but missing application info. Assuming REMOVED.
05-09 06:12:24.931 26628 26628 D ActivityThread: Package [com.facebook.orca] reported as REPLACED, but missing application info. Assuming REMOVED.
05-09 06:12:24.932 26628 26628 D ActivityThread: Package [com.facebook.orca] reported as REPLACED, but missing application info. Assuming REMOVED.
05-09 06:12:24.932 26628 26628 D ActivityThread: Package [com.google.android.tts] reported as REPLACED, but missing application info. Assuming REMOVED.
05-09 06:12:24.932 26628 26628 D ActivityThread: Package [com.google.android.tts] reported as REPLACED, but missing application info. Assuming REMOVED.
05-09 06:12:24.934 26538 26538 D ActivityThread: Package [com.Slack] reported as REPLACED, but missing application info. Assuming REMOVED.
05-09 06:12:24.934 26628 26628 D ActivityThread: Package [com.google.android.youtube] reported as REPLACED, but missing application info. Assuming REMOVED.
05-09 06:12:24.936 26628 26628 D ActivityThread: Package [com.google.android.youtube] reported as REPLACED, but missing application info. Assuming REMOVED.
05-09 06:12:24.936 26538 26538 D ActivityThread: Package [com.arbys.android.arbysapp] reported as REPLACED, but missing application info. Assuming REMOVED.
05-09 06:12:24.937 26538 26538 D ActivityThread: Package [com.arbys.android.arbysapp] reported as REPLACED, but missing application info. Assuming REMOVED.
05-09 06:12:24.938 26538 26538 D ActivityThread: Package [com.subway.mobile.subwayapp03] reported as REPLACED, but missing application info. Assuming REMOVED.
05-09 06:12:24.939 26538 26538 D ActivityThread: Package [com.subway.mobile.subwayapp03] reported as REPLACED, but missing application info. Assuming REMOVED.
05-09 06:12:24.940 28784 28784 D ActivityThread: Package [com.subway.mobile.subwayapp03] reported as REPLACED, but missing application info. Assuming REMOVED.
05-09 06:12:24.941 26538 26538 D ActivityThread: Package [com.facebook.orca] reported as REPLACED, but missing application info. Assuming REMOVED.
05-09 06:12:24.942 28784 28784 D ActivityThread: Package [com.facebook.orca] reported as REPLACED, but missing application info. Assuming REMOVED.
05-09 06:12:24.942 26538 26538 D ActivityThread: Package [com.facebook.orca] reported as REPLACED, but missing application info. Assuming REMOVED.
05-09 06:12:24.943 28784 28784 D ActivityThread: Package [com.facebook.orca] reported as REPLACED, but missing application info. Assuming REMOVED.
05-09 06:12:24.944 26538 26538 D ActivityThread: Package [com.google.android.tts] reported as REPLACED, but missing application info. Assuming REMOVED.
05-09 06:12:24.945 26538 26538 D ActivityThread: Package [com.google.android.tts] reported as REPLACED, but missing application info. Assuming REMOVED.
05-09 06:12:24.945 28784 28784 D ActivityThread: Package [com.google.android.tts] reported as REPLACED, but missing application info. Assuming REMOVED.
05-09 06:12:24.945 26538 26538 D ActivityThread: Package [com.google.android.youtube] reported as REPLACED, but missing application info. Assuming REMOVED.
05-09 06:12:24.945 28784 28784 D ActivityThread: Package [com.google.android.tts] reported as REPLACED, but missing application info. Assuming REMOVED.
05-09 06:12:24.947 26538 26538 D ActivityThread: Package [com.google.android.youtube] reported as REPLACED, but missing application info. Assuming REMOVED.
05-09 06:12:24.952 28784 28784 D ActivityThread: Package [com.google.android.youtube] reported as REPLACED, but missing application info. Assuming REMOVED.
05-09 06:12:24.952 28784 28784 D ActivityThread: Package [com.google.android.youtube] reported as REPLACED, but missing application info. Assuming REMOVED.
05-09 06:12:25.163  1485  3265 D ActivityManager: sync unfroze 3616 com.google.android.apps.messaging for 6
05-09 06:12:25.167  3616  3616 D ActivityThread: Package [com.subway.mobile.subwayapp03] reported as REPLACED, but missing application info. Assuming REMOVED.
05-09 06:12:25.168  3616  3616 D ActivityThread: Package [com.subway.mobile.subwayapp03] reported as REPLACED, but missing application info. Assuming REMOVED.
05-09 06:12:25.169  3616  3616 D ActivityThread: Package [com.facebook.orca] reported as REPLACED, but missing application info. Assuming REMOVED.
05-09 06:12:25.169  3616  3616 D ActivityThread: Package [com.facebook.orca] reported as REPLACED, but missing application info. Assuming REMOVED.
05-09 06:12:25.169  3616  3616 D ActivityThread: Package [com.google.android.tts] reported as REPLACED, but missing application info. Assuming REMOVED.
05-09 06:12:25.170  3616  3616 D ActivityThread: Package [com.google.android.tts] reported as REPLACED, but missing application info. Assuming REMOVED.
05-09 06:12:25.173  1485  3265 W JobScheduler: Job didn't exist in JobStore: c1bd5d3 {androidx.work.systemjobscheduler} #u0a145/5814 #MDD.CELLULAR.CHARGING.PERIODIC.TASK#@androidx.work.systemjobscheduler@com.google.android.settings.intelligence/androidx.work.impl.background.systemjob.SystemJobService
05-09 06:12:25.174  3616  3616 D ActivityThread: Package [com.google.android.youtube] reported as REPLACED, but missing application info. Assuming REMOVED.
05-09 06:12:25.179  3616  3616 D ActivityThread: Package [com.google.android.youtube] reported as REPLACED, but missing application info. Assuming REMOVED.
05-09 06:12:25.185  1485  2110 D BackgroundInstallControlService: Package event received: 0
05-09 06:12:25.187  1485  3357 D ActivityManager: sync unfroze 23586 com.google.android.gms.unstable for 6
05-09 06:12:25.187 23586 23586 D ActivityThread: Package [com.google.android.youtube] reported as REPLACED, but missing application info. Assuming REMOVED.
05-09 06:12:25.189 23586 23586 D ActivityThread: Package [com.google.android.youtube] reported as REPLACED, but missing application info. Assuming REMOVED.
05-09 06:12:25.204  1485  3265 D ActivityManager: sync unfroze 21352 com.google.android.apps.pixel.dcservice for 6
05-09 06:12:25.213 21352 21352 D ActivityThread: Package [com.Slack] reported as REPLACED, but missing application info. Assuming REMOVED.
05-09 06:12:25.217 21352 21352 D ActivityThread: Package [com.Slack] reported as REPLACED, but missing application info. Assuming REMOVED.
05-09 06:12:25.218 21352 21352 D ActivityThread: Package [com.arbys.android.arbysapp] reported as REPLACED, but missing application info. Assuming REMOVED.
05-09 06:12:25.225 21352 21352 D ActivityThread: Package [com.arbys.android.arbysapp] reported as REPLACED, but missing application info. Assuming REMOVED.
05-09 06:12:25.229 21352 21352 D ActivityThread: Package [com.subway.mobile.subwayapp03] reported as REPLACED, but missing application info. Assuming REMOVED.
05-09 06:12:25.229 21352 21352 D ActivityThread: Package [com.subway.mobile.subwayapp03] reported as REPLACED, but missing application info. Assuming REMOVED.
05-09 06:12:25.240  1485  1981 W JobServiceContext: Sending onNetworkChanged for a job that isn't started. JobStatus{3ff13a5 androidx.work.systemjobscheduler:u0a360/5182 #TikTokWorker#com.google.android.libraries.mdi.download.workmanager.tiktok.TikTokPeriodicWorker#@androidx.work.systemjobscheduler@com.google.android.apps.pixel.dcservice/androidx.work.impl.background.systemjob.SystemJobService u=0 s=10360 TIME=-1m28s377ms:none NET CHARGING IDLE READY}
05-09 06:12:25.240  1485  1981 W JobServiceContext: Sending onNetworkChanged for a job that isn't started. JobStatus{f24521 androidx.work.systemjobscheduler:u0a360/5183 #TikTokWorker#com.google.android.libraries.mdi.download.workmanager.tiktok.TikTokPeriodicWorker#@androidx.work.systemjobscheduler@com.google.android.apps.pixel.dcservice/androidx.work.impl.background.systemjob.SystemJobService u=0 s=10360 TIME=-1m28s241ms:none NET CHARGING IDLE READY}
05-09 06:12:25.240 21352 21352 D ActivityThread: Package [com.facebook.orca] reported as REPLACED, but missing application info. Assuming REMOVED.
05-09 06:12:25.241 21352 21352 D ActivityThread: Package [com.facebook.orca] reported as REPLACED, but missing application info. Assuming REMOVED.
05-09 06:12:25.246 21352 21352 D ActivityThread: Package [com.google.android.tts] reported as REPLACED, but missing application info. Assuming REMOVED.
05-09 06:12:25.247 21352 21352 D ActivityThread: Package [com.google.android.tts] reported as REPLACED, but missing application info. Assuming REMOVED.
05-09 06:12:25.250 21352 21352 D ActivityThread: Package [com.google.android.youtube] reported as REPLACED, but missing application info. Assuming REMOVED.
05-09 06:12:25.253 21352 21352 D ActivityThread: Package [com.google.android.youtube] reported as REPLACED, but missing application info. Assuming REMOVED.
05-09 06:12:25.294  1485  3230 D ActivityManager: sync unfroze 28876 com.google.android.apps.nbu.files for 6
05-09 06:12:25.305 28876 28876 D ActivityThread: Package [com.Slack] reported as REPLACED, but missing application info. Assuming REMOVED.
05-09 06:12:25.308 28876 28876 D ActivityThread: Package [com.Slack] reported as REPLACED, but missing application info. Assuming REMOVED.
05-09 06:12:25.309 28876 28876 D ActivityThread: Package [com.arbys.android.arbysapp] reported as REPLACED, but missing application info. Assuming REMOVED.
05-09 06:12:25.310 28876 28876 D ActivityThread: Package [com.arbys.android.arbysapp] reported as REPLACED, but missing application info. Assuming REMOVED.
05-09 06:12:25.311 28876 28876 D ActivityThread: Package [com.subway.mobile.subwayapp03] reported as REPLACED, but missing application info. Assuming REMOVED.
05-09 06:12:25.311 28876 28876 D ActivityThread: Package [com.subway.mobile.subwayapp03] reported as REPLACED, but missing application info. Assuming REMOVED.
05-09 06:12:25.312 28876 28876 D ActivityThread: Package [com.facebook.orca] reported as REPLACED, but missing application info. Assuming REMOVED.
05-09 06:12:25.312 28876 28876 D ActivityThread: Package [com.facebook.orca] reported as REPLACED, but missing application info. Assuming REMOVED.
05-09 06:12:25.313 28876 28876 D ActivityThread: Package [com.google.android.tts] reported as REPLACED, but missing application info. Assuming REMOVED.
05-09 06:12:25.313 28876 28876 D ActivityThread: Package [com.google.android.tts] reported as REPLACED, but missing application info. Assuming REMOVED.
05-09 06:12:25.314 28876 28876 D ActivityThread: Package [com.google.android.youtube] reported as REPLACED, but missing application info. Assuming REMOVED.
05-09 06:12:25.314 28876 28876 D ActivityThread: Package [com.google.android.youtube] reported as REPLACED, but missing application info. Assuming REMOVED.
05-09 06:12:25.995  1485  3230 D ActivityManager: sync unfroze 17919 com.google.android.dialer for 6
05-09 06:12:25.997 17919 17919 D ActivityThread: Package [com.facebook.orca] reported as REPLACED, but missing application info. Assuming REMOVED.
05-09 06:12:25.998 17919 17919 D ActivityThread: Package [com.facebook.orca] reported as REPLACED, but missing application info. Assuming REMOVED.
05-09 06:12:26.001 17919 17919 D ActivityThread: Package [com.google.android.tts] reported as REPLACED, but missing application info. Assuming REMOVED.
05-09 06:12:26.002 17919 17919 D ActivityThread: Package [com.google.android.tts] reported as REPLACED, but missing application info. Assuming REMOVED.
05-09 06:12:26.006 17919 17919 D ActivityThread: Package [com.google.android.youtube] reported as REPLACED, but missing application info. Assuming REMOVED.
05-09 06:12:26.007 17919 17919 D ActivityThread: Package [com.google.android.youtube] reported as REPLACED, but missing application info. Assuming REMOVED.
05-09 06:12:26.223  1485  2110 D BackgroundInstallControlService: Package event received: 0
05-09 06:12:26.226  1485  3230 D ActivityManager: sync unfroze 1636 com.google.android.rkpdapp for 6
05-09 06:12:26.226  1485  2110 D BackgroundInstallControlService: Package event received: 0
05-09 06:12:26.229  1636  1636 D ActivityThread: Package [com.Slack] reported as REPLACED, but missing application info. Assuming REMOVED.
05-09 06:12:26.232  1636  1636 D ActivityThread: Package [com.Slack] reported as REPLACED, but missing application info. Assuming REMOVED.
05-09 06:12:26.233  1636  1636 D ActivityThread: Package [com.arbys.android.arbysapp] reported as REPLACED, but missing application info. Assuming REMOVED.
05-09 06:12:26.234  1636  1636 D ActivityThread: Package [com.arbys.android.arbysapp] reported as REPLACED, but missing application info. Assuming REMOVED.
05-09 06:12:26.234  1636  1636 D ActivityThread: Package [com.subway.mobile.subwayapp03] reported as REPLACED, but missing application info. Assuming REMOVED.
05-09 06:12:26.235  1636  1636 D ActivityThread: Package [com.subway.mobile.subwayapp03] reported as REPLACED, but missing application info. Assuming REMOVED.
05-09 06:12:26.236  1636  1636 D ActivityThread: Package [com.facebook.orca] reported as REPLACED, but missing application info. Assuming REMOVED.
05-09 06:12:26.236  1636  1636 D ActivityThread: Package [com.facebook.orca] reported as REPLACED, but missing application info. Assuming REMOVED.
05-09 06:12:26.238  1636  1636 D ActivityThread: Package [com.google.android.tts] reported as REPLACED, but missing application info. Assuming REMOVED.
05-09 06:12:26.239  1636  1636 D ActivityThread: Package [com.google.android.tts] reported as REPLACED, but missing application info. Assuming REMOVED.
05-09 06:12:26.239  1636  1636 D ActivityThread: Package [com.google.android.youtube] reported as REPLACED, but missing application info. Assuming REMOVED.
05-09 06:12:26.240  1636  1636 D ActivityThread: Package [com.google.android.youtube] reported as REPLACED, but missing application info. Assuming REMOVED.
05-09 06:12:26.312  1485  2110 D BackgroundInstallControlService: Package event received: 0
