05-06 16:58:08.815     0     0 I trusty  : [GF_TA][E][gf_tee_storage][trusty_file_open] Failed to open LHBM_finger_0_3_bak.so on com.android.trusty.storage.client.td. No fallback available.
05-06 16:58:08.815     0     0 I trusty  : [GF_TA][E][gf_tee_storage][gf_tee_open_object] exit. err=GF_ERROR_OPEN_SECURE_OBJECT_FAILED, errno=1035
05-06 16:58:08.815     0     0 I trusty  : [GF_TA][E][gf_secure_object][gf_so_load_persistent_object] so(finger_0_3_bak.so) not exist
05-06 16:58:08.815     0     0 I trusty  : [GF_TA][E][gf_secure_object][gf_so_load_persistent_object] exit. err=GF_ERROR_OPEN_SECURE_OBJECT_FAILED, errno=1035
05-06 16:58:08.815     0     0 I trusty  : [GF_TA][E][gf_fpcore_common][fpcore_load_template_object] exit. err=GF_ERROR_OPEN_SECURE_OBJECT_FAILED, errno=1035
05-06 16:58:08.815     0     0 I trusty  : [GF_TA][E][gf_fpcore_common][fpcore_get_finger_ids_from_so] exit. err=GF_ERROR_OPEN_SECURE_OBJECT_FAILED, errno=1035
05-06 16:58:08.819     0     0 I trusty  : [GF_TA][I][gf_tee_storage][trusty_file_open] 0 LHBM_finger_0_0.so 1
05-06 16:58:08.819     0     0 I trusty  : [GF_TA][E][gf_tee_storage][trusty_file_open] Unable to open LHBM_finger_0_0.so on port com.android.trusty.storage.client.td
05-06 16:58:08.819     0     0 I trusty  : [GF_TA][E][gf_tee_storage][trusty_file_open] Failed to open LHBM_finger_0_0.so on com.android.trusty.storage.client.td. No fallback available.
05-06 16:58:08.819     0     0 I trusty  : [GF_TA][E][gf_tee_storage][gf_tee_open_object] exit. err=GF_ERROR_OPEN_SECURE_OBJECT_FAILED, errno=1035
05-06 16:58:08.819     0     0 I trusty  : [GF_TA][E][gf_secure_object][gf_so_load_persistent_object] so(finger_0_0.so) not exist
05-06 16:58:08.819     0     0 I trusty  : [GF_TA][E][gf_secure_object][gf_so_load_persistent_object] exit. err=GF_ERROR_OPEN_SECURE_OBJECT_FAILED, errno=1035
05-06 16:58:08.819     0     0 I trusty  : [GF_TA][E][gf_fpcore_common][fpcore_load_template_object] exit. err=GF_ERROR_OPEN_SECURE_OBJECT_FAILED, errno=1035
05-06 16:58:08.819     0     0 I trusty  : [GF_TA][I][gf_tee_storage][trusty_file_open] 0 LHBM_finger_0_0_bak.so 1
05-06 16:58:08.819     0     0 I trusty  : [GF_TA][E][gf_tee_storage][trusty_file_open] Unable to open LHBM_finger_0_0_bak.so on port com.android.trusty.storage.client.td
05-06 16:58:08.819     0     0 I trusty  : [GF_TA][E][gf_tee_storage][trusty_file_open] Failed to open LHBM_finger_0_0_bak.so on com.android.trusty.storage.client.td. No fallback available.
05-06 16:58:08.819     0     0 I trusty  : [GF_TA][E][gf_tee_storage][gf_tee_open_object] exit. err=GF_ERROR_OPEN_SECURE_OBJECT_FAILED, errno=1035
05-06 16:58:08.819     0     0 I trusty  : [GF_TA][E][gf_secure_object][gf_so_load_persistent_object] so(finger_0_0_bak.so) not exist
05-06 16:58:08.819     0     0 I trusty  : [GF_TA][E][gf_secure_object][gf_so_load_persistent_object] exit. err=GF_ERROR_OPEN_SECURE_OBJECT_FAILED, errno=1035
05-06 16:58:08.819     0     0 I trusty  : [GF_TA][E][gf_fpcore_common][fpcore_load_template_object] exit. err=GF_ERROR_OPEN_SECURE_OBJECT_FAILED, errno=1035
05-06 16:58:08.819     0     0 I trusty  : [GF_TA][I][gf_tee_storage][trusty_file_open] 0 LHBM_finger_0_1.so 1
05-06 16:58:08.819     0     0 I trusty  : [GF_TA][E][gf_tee_storage][trusty_file_open] Unable to open LHBM_finger_0_1.so on port com.android.trusty.storage.client.td
05-06 16:58:08.819     0     0 I trusty  : [GF_TA][E][gf_tee_storage][trusty_file_open] Failed to open LHBM_finger_0_1.so on com.android.trusty.storage.client.td. No fallback available.
05-06 16:58:08.819     0     0 I trusty  : [GF_TA][E][gf_tee_storage][gf_tee_open_object] exit. err=GF_ERROR_OPEN_SECURE_OBJECT_FAILED, errno=1035
05-06 16:58:08.819     0     0 I trusty  : [GF_TA][E][gf_secure_object][gf_so_load_persistent_object] so(finger_0_1.so) not exist
05-06 16:58:08.819     0     0 I trusty  : [GF_TA][E][gf_secure_object][gf_so_load_persistent_object] exit. err=GF_ERROR_OPEN_SECURE_OBJECT_FAILED, errno=1035
05-06 16:58:08.819     0     0 I trusty  : [GF_TA][E][gf_fpcore_common][fpcore_load_template_object] exit. err=GF_ERROR_OPEN_SECURE_OBJECT_FAILED, errno=1035
05-06 16:58:08.819     0     0 I trusty  : [GF_TA][I][gf_tee_storage][trusty_file_open] 0 LHBM_finger_0_1_bak.so 1
05-06 16:58:08.819     0     0 I trusty  : [GF_TA][E][gf_tee_storage][trusty_file_open] Unable to open LHBM_finger_0_1_bak.so on port com.android.trusty.storage.client.td
05-06 16:58:08.819     0     0 I trusty  : [GF_TA][E][gf_tee_storage][trusty_file_open] Failed to open LHBM_finger_0_1_bak.so on com.android.trusty.storage.client.td. No fallback available.
05-06 16:58:08.819     0     0 I trusty  : [GF_TA][E][gf_tee_storage][gf_tee_open_object] exit. err=GF_ERROR_OPEN_SECURE_OBJECT_FAILED, errno=1035
05-06 16:58:08.819     0     0 I trusty  : [GF_TA][E][gf_secure_object][gf_so_load_persistent_object] so(finger_0_1_bak.so) not exist
05-06 16:58:08.819     0     0 I trusty  : [GF_TA][E][gf_secure_object][gf_so_load_persistent_object] exit. err=GF_ERROR_OPEN_SECURE_OBJECT_FAILED, errno=1035
05-06 16:58:08.819     0     0 I trusty  : [GF_TA][E][gf_fpcore_common][fpcore_load_template_object] exit. err=GF_ERROR_OPEN_SECURE_OBJECT_FAILED, errno=1035
05-06 16:58:08.819     0     0 I trusty  : [GF_TA][I][gf_tee_storage][trusty_file_open] 0 LHBM_finger_0_2.so 1
05-06 16:58:08.819     0     0 I trusty  : [GF_TA][E][gf_tee_storage][trusty_file_open] Unable to open LHBM_finger_0_2.so on port com.android.trusty.storage.client.td
05-06 16:58:08.819     0     0 I trusty  : [GF_TA][E][gf_tee_storage][trusty_file_open] Failed to open LHBM_finger_0_2.so on com.android.trusty.storage.client.td. No fallback available.
05-06 16:58:08.819     0     0 I trusty  : [GF_TA][E][gf_tee_storage][gf_tee_open_object] exit. err=GF_ERROR_OPEN_SECURE_OBJECT_FAILED, errno=1035
05-06 16:58:08.819     0     0 I trusty  : [GF_TA][E][gf_secure_object][gf_so_load_persistent_object] so(finger_0_2.so) not exist
05-06 16:58:08.819     0     0 I trusty  : [GF_TA][E][gf_secure_object][gf_so_load_persistent_object] exit. err=GF_ERROR_OPEN_SECURE_OBJECT_FAILED, errno=1035
05-06 16:58:08.819     0     0 I trusty  : [GF_TA][E][gf_fpcore_common][fpcore_load_template_object] exit. err=GF_ERROR_OPEN_SECURE_OBJECT_FAILED, errno=1035
05-06 16:58:08.819     0     0 I trusty  : [GF_TA][I][gf_tee_storage][trusty_file_open] 0 LHBM_finger_0_2_bak.so 1
05-06 16:58:08.819     0     0 I trusty  : [GF_TA][E][gf_tee_storage][trusty_file_open] Unable to open LHBM_finger_0_2_bak.so on port com.android.trusty.storage.client.td
05-06 16:58:08.819     0     0 I trusty  : [GF_TA][E][gf_tee_storage][trusty_file_open] Failed to open LHBM_finger_0_2_bak.so on com.android.trusty.storage.client.td. No fallback available.
05-06 16:58:08.819     0     0 I trusty  : [GF_TA][E][gf_tee_storage][gf_tee_open_object] exit. err=GF_ERROR_OPEN_SECURE_OBJECT_FAILED, errno=1035
05-06 16:58:08.819     0     0 I trusty  : [GF_TA][E][gf_secure_object][gf_so_load_persistent_object] so(finger_0_2_bak.so) not exist
05-06 16:58:08.819     0     0 I trusty  : [GF_TA][E][gf_secure_object][gf_so_load_persistent_object] exit. err=GF_ERROR_OPEN_SECURE_OBJECT_FAILED, errno=1035
05-06 16:58:08.819     0     0 I trusty  : [GF_TA][E][gf_fpcore_common][fpcore_load_template_object] exit. err=GF_ERROR_OPEN_SECURE_OBJECT_FAILED, errno=1035
05-06 16:58:08.819     0     0 I trusty  : [GF_TA][I][gf_tee_storage][trusty_file_open] 0 LHBM_finger_0_3.so 1
05-06 16:58:08.819     0     0 I trusty  : [GF_TA][E][gf_tee_storage][trusty_file_open] Unable to open LHBM_finger_0_3.so on port com.android.trusty.storage.client.td
05-06 16:58:08.819     0     0 I trusty  : [GF_TA][E][gf_tee_storage][trusty_file_open] Failed to open LHBM_finger_0_3.so on com.android.trusty.storage.client.td. No fallback available.
05-06 16:58:08.819     0     0 I trusty  : [GF_TA][E][gf_tee_storage][gf_tee_open_object] exit. err=GF_ERROR_OPEN_SECURE_OBJECT_FAILED, errno=1035
05-06 16:58:08.819     0     0 I trusty  : [GF_TA][E][gf_secure_object][gf_so_load_persistent_object] so(finger_0_3.so) not exist
05-06 16:58:08.819     0     0 I trusty  : [GF_TA][E][gf_secure_object][gf_so_load_persistent_object] exit. err=GF_ERROR_OPEN_SECURE_OBJECT_FAILED, errno=1035
05-06 16:58:08.819     0     0 I trusty  : [GF_TA][E][gf_fpcore_common][fpcore_load_template_object] exit. err=GF_ERROR_OPEN_SECURE_OBJECT_FAILED, errno=1035
05-06 16:58:08.819     0     0 I trusty  : [GF_TA][I][gf_tee_storage][trusty_file_open] 0 LHBM_finger_0_3_bak.so 1
05-06 16:58:08.819     0     0 I trusty  : [GF_TA][E][gf_tee_storage][trusty_file_open] Unable to open LHBM_finger_0_3_bak.so on port com.android.trusty.storage.client.td
05-06 16:58:08.819     0     0 I trusty  : [GF_TA][E][gf_tee_storage][trusty_file_open] Failed to open LHBM_finger_0_3_bak.so on com.android.trusty.storage.client.td. No fallback available.
05-06 16:58:08.819     0     0 I trusty  : [GF_TA][E][gf_tee_storage][gf_tee_open_object] exit. err=GF_ERROR_OPEN_SECURE_OBJECT_FAILED, errno=1035
05-06 16:58:08.819     0     0 I trusty  : [GF_TA][E][gf_secure_object][gf_so_load_persistent_object] so(finger_0_3_bak.so) not exist
05-06 16:58:08.819     0     0 I trusty  : [GF_TA][E][gf_secure_object][gf_so_load_persistent_object] exit. err=GF_ERROR_OPEN_SECURE_OBJECT_FAILED, errno=1035
05-06 16:58:08.819     0     0 I trusty  : [GF_TA][E][gf_fpcore_common][fpcore_load_template_object] exit. err=GF_ERROR_OPEN_SECURE_OBJECT_FAILED, errno=1035
05-06 16:58:08.819     0     0 I trusty  : [GF_TA][E][gf_fpcore_common][fpcore_get_finger_ids_from_so] exit. err=GF_ERROR_OPEN_SECURE_OBJECT_FAILED, errno=1035
--------- beginning of system
05-09 06:00:17.185  1485  1778 V Configuration: Updating configuration, locales updated from [] to [en_US]
05-09 06:00:17.186  1485  1778 W PackageParsing: Unknown element under <manifest>: uses-sdk at /data/app/vmdl1792576328.tmp/base.apk Binary XML file line #0
05-09 06:00:17.186  1485  1778 V Configuration: Updating configuration, locales updated from [] to [en_US]
05-09 06:00:17.186  1485  1778 W PackageParsing: Unknown element under <manifest>: uses-sdk at /data/app/vmdl1792576328.tmp/base.apk Binary XML file line #0
05-09 06:00:19.272  1485  1485 I ContentCaptureManagerService: Content capture data sharing session terminated successfully for package 'com.google.android.googlequicksearchbox'
05-09 06:00:23.169  1485  1778 I AppsFilter: interaction: PackageSetting{68e7272 com.google.android.microdroid.empty_payload/10365} -> PackageSetting{92b2a98 com.Slack/10252} BLOCKED
05-09 06:00:23.170  1485  3399 D ActivityManager: sync unfroze 748 com.mgoogle.android.gms for 7
05-09 06:00:23.171  1485  1778 I AppsFilter: interaction: PackageSetting{68e7272 com.google.android.microdroid.empty_payload/10365} -> PackageSetting{646043a com.Slack/10252} BLOCKED
05-09 06:00:23.171  1485  2110 D BackgroundInstallControlService: Package event received: 0
05-09 06:00:23.185  1485  1778 I PackageManager: Update package com.Slack code path from /data/app/~~FrrBw73W8m8_jQFz1vsfMQ==/com.Slack-yn4LJv7edPrVxWWLZ2Boaw== to /data/app/~~tSGCK73A0A8nExNHdBR1Pg==/com.Slack-uQVIhPWhmS4XUMuQeoOVuQ==; Retain data and using new
05-09 06:00:23.303  1485  1742 I ActivityManager: Force stopping com.Slack appid=10252 user=-1: installPackageLI
05-09 06:00:23.307  1485  1742 I ActivityManager: Killing 3371:com.Slack/u0a252 (adj 925): stop com.Slack due to installPackageLI
05-09 06:00:23.330  1485  1778 D ActivityManager: sync unfroze 12401 com.google.android.gms for 10
05-09 06:00:23.331  1485  1778 D ActivityManager: sync unfroze 23586 com.google.android.gms.unstable for 10
05-09 06:00:23.331  1485  1778 D ActivityManager: sync unfroze 28452 com.google.android.gms:snet for 10
05-09 06:00:23.332  1485  1778 D ActivityManager: sync unfroze 28381 com.google.android.gms.learning for 10
05-09 06:00:23.347  1485  2110 D BackgroundInstallControlService: Package event received: 0
05-09 06:00:23.359  1485  2110 D BackgroundInstallControlService: Package event received: 0
05-09 06:00:23.366  1485  1778 I PackageManager: installation completed for package:com.Slack. Final code path: /data/app/~~tSGCK73A0A8nExNHdBR1Pg==/com.Slack-uQVIhPWhmS4XUMuQeoOVuQ==
05-09 06:00:23.368  1485  1778 I AppsFilter: interaction: PackageSetting{6183ce9 com.google.android.microdroid.empty_payload/10365} -> PackageSetting{171d6e com.Slack/10252} BLOCKED
05-09 06:00:23.411  1485  1778 I ActivityManager: Force stopping com.Slack appid=10252 user=0: pkg removed
05-09 06:00:23.425  1485  1778 I ActivityManager: Force stopping com.Slack appid=10252 user=0: pkg removed
05-09 06:00:23.440  1485  2109 D ShortcutService: received package broadcast intent: Intent { act=android.intent.action.PACKAGE_REMOVED dat=package: flg=0x4000010 (has extras) }
05-09 06:00:23.451  1485  2055 E AppOps  : attributionTag VCN not declared in manifest of android
05-09 06:00:23.456  1485  2445 V ActivityManager: Got obituary of 3371:com.Slack
05-09 06:00:23.458  1485  2023 W PackageConfigPersister: App-specific configuration not found for packageName: com.Slack and userId: 0
05-09 06:00:23.461  1485  1741 W TextServicesManagerService: no available spell checker services found
05-09 06:00:23.464  8092  8092 D ActivityThread: Package [com.Slack] reported as REPLACED, but missing application info. Assuming REMOVED.
05-09 06:00:23.465  1440  1440 D ActivityThread: Package [com.Slack] reported as REPLACED, but missing application info. Assuming REMOVED.
05-09 06:00:23.465  2882  2882 D ActivityThread: Package [com.Slack] reported as REPLACED, but missing application info. Assuming REMOVED.
05-09 06:00:23.465 21265 21265 D ActivityThread: Package [com.Slack] reported as REPLACED, but missing application info. Assuming REMOVED.
05-09 06:00:23.466  2742  2742 D ActivityThread: Package [com.Slack] reported as REPLACED, but missing application info. Assuming REMOVED.
05-09 06:00:23.466 15365 15365 D ActivityThread: Package [com.Slack] reported as REPLACED, but missing application info. Assuming REMOVED.
05-09 06:00:23.466 16250 16250 D ActivityThread: Package [com.Slack] reported as REPLACED, but missing application info. Assuming REMOVED.
05-09 06:00:23.466 14811 14811 D ActivityThread: Package [com.Slack] reported as REPLACED, but missing application info. Assuming REMOVED.
05-09 06:00:23.466  3433  3433 D ActivityThread: Package [com.Slack] reported as REPLACED, but missing application info. Assuming REMOVED.
05-09 06:00:23.467 20737 20737 D ActivityThread: Package [com.Slack] reported as REPLACED, but missing application info. Assuming REMOVED.
05-09 06:00:23.467 13725 13725 D ActivityThread: Package [com.Slack] reported as REPLACED, but missing application info. Assuming REMOVED.
05-09 06:00:23.467   748   748 D ActivityThread: Package [com.Slack] reported as REPLACED, but missing application info. Assuming REMOVED.
05-09 06:00:23.468 28662 28662 D ActivityThread: Package [com.Slack] reported as REPLACED, but missing application info. Assuming REMOVED.
05-09 06:00:23.468 17814 17814 D ActivityThread: Package [com.Slack] reported as REPLACED, but missing application info. Assuming REMOVED.
05-09 06:00:23.469 27944 27944 D ActivityThread: Package [com.Slack] reported as REPLACED, but missing application info. Assuming REMOVED.
05-09 06:00:23.470 19785 19785 D ActivityThread: Package [com.Slack] reported as REPLACED, but missing application info. Assuming REMOVED.
05-09 06:00:23.470  2482  2482 D ActivityThread: Package [com.Slack] reported as REPLACED, but missing application info. Assuming REMOVED.
05-09 06:00:23.470 23586 23586 D ActivityThread: Package [com.Slack] reported as REPLACED, but missing application info. Assuming REMOVED.
05-09 06:00:23.470  3488  3488 D ActivityThread: Package [com.Slack] reported as REPLACED, but missing application info. Assuming REMOVED.
05-09 06:00:23.471 28249 28249 D ActivityThread: Package [com.Slack] reported as REPLACED, but missing application info. Assuming REMOVED.
05-09 06:00:23.471  3768  3768 D ActivityThread: Package [com.Slack] reported as REPLACED, but missing application info. Assuming REMOVED.
05-09 06:00:23.471  3718  3718 D ActivityThread: Package [com.Slack] reported as REPLACED, but missing application info. Assuming REMOVED.
05-09 06:00:23.471 24861 24861 D ActivityThread: Package [com.Slack] reported as REPLACED, but missing application info. Assuming REMOVED.
05-09 06:00:23.473  1485  2088 D AppWidgetServiceImpl: Trying to notify widget providers changed
05-09 06:00:23.473  1485  2088 D AppWidgetServiceImpl: Trying to notify widget providers changed
05-09 06:00:23.474  1485  2109 D ShortcutService: received package broadcast intent: Intent { act=android.intent.action.PACKAGE_ADDED dat=package: flg=0x4000010 (has extras) }
05-09 06:00:23.474  1485  2109 D ShortcutService: replacing package: com.Slack userId=0
05-09 06:00:23.476 10882 10882 D ActivityThread: Package [com.Slack] reported as REPLACED, but missing application info. Assuming REMOVED.
05-09 06:00:23.478  8184  8184 D ActivityThread: Package [com.Slack] reported as REPLACED, but missing application info. Assuming REMOVED.
05-09 06:00:23.479 31427 31427 D ActivityThread: Package [com.Slack] reported as REPLACED, but missing application info. Assuming REMOVED.
05-09 06:00:23.479 28381 28381 D ActivityThread: Package [com.Slack] reported as REPLACED, but missing application info. Assuming REMOVED.
05-09 06:00:23.479 20419 20419 D ActivityThread: Package [com.Slack] reported as REPLACED, but missing application info. Assuming REMOVED.
05-09 06:00:23.479 28452 28452 D ActivityThread: Package [com.Slack] reported as REPLACED, but missing application info. Assuming REMOVED.
05-09 06:00:23.481  2806  2806 D ActivityThread: Package [com.Slack] reported as REPLACED, but missing application info. Assuming REMOVED.
05-09 06:00:23.482  2641  2641 D ActivityThread: Package [com.Slack] reported as REPLACED, but missing application info. Assuming REMOVED.
05-09 06:00:23.483 12515 12515 D ActivityThread: Package [com.Slack] reported as REPLACED, but missing application info. Assuming REMOVED.
05-09 06:00:23.484  4742  4742 D ActivityThread: Package [com.Slack] reported as REPLACED, but missing application info. Assuming REMOVED.
05-09 06:00:23.484  1485  3364 W AppOpService: Ignored setUidMode call for runtime permission app op: uid = 1001, code = READ_SMS, mode = allow, callingUid = 1001, oldMode = allow
05-09 06:00:23.485  2993  2993 D ActivityThread: Package [com.Slack] reported as REPLACED, but missing application info. Assuming REMOVED.
05-09 06:00:23.485  1485  3364 W AppOpService: Ignored setUidMode call for runtime permission app op: uid = 1001, code = RECEIVE_SMS, mode = allow, callingUid = 1001, oldMode = allow
05-09 06:00:23.485  1485  2010 W AppOpService: Ignored setUidMode call for runtime permission app op: uid = 1001, code = RECEIVE_WAP_PUSH, mode = allow, callingUid = 1001, oldMode = allow
05-09 06:00:23.486  1485  2445 W AppOpService: Ignored setUidMode call for runtime permission app op: uid = 1001, code = SEND_SMS, mode = allow, callingUid = 1001, oldMode = allow
05-09 06:00:23.486  1485  2445 W AppOpService: Ignored setUidMode call for runtime permission app op: uid = 1001, code = READ_CELL_BROADCASTS, mode = allow, callingUid = 1001, oldMode = allow
05-09 06:00:23.487  2994  2994 D ActivityThread: Package [com.Slack] reported as REPLACED, but missing application info. Assuming REMOVED.
05-09 06:00:23.487  2362  2362 D ActivityThread: Package [com.Slack] reported as REPLACED, but missing application info. Assuming REMOVED.
05-09 06:00:23.488  2388  2388 D ActivityThread: Package [com.Slack] reported as REPLACED, but missing application info. Assuming REMOVED.
05-09 06:00:23.490  2392  2392 D ActivityThread: Package [com.Slack] reported as REPLACED, but missing application info. Assuming REMOVED.
05-09 06:00:23.491  2371  2371 D ActivityThread: Package [com.Slack] reported as REPLACED, but missing application info. Assuming REMOVED.
05-09 06:00:23.492  2270  2270 D ActivityThread: Package [com.Slack] reported as REPLACED, but missing application info. Assuming REMOVED.
05-09 06:00:23.492  2152  2152 D ActivityThread: Package [com.Slack] reported as REPLACED, but missing application info. Assuming REMOVED.
05-09 06:00:23.492  2328  2328 D ActivityThread: Package [com.Slack] reported as REPLACED, but missing application info. Assuming REMOVED.
05-09 06:00:23.493  2358  2358 D ActivityThread: Package [com.Slack] reported as REPLACED, but missing application info. Assuming REMOVED.
05-09 06:00:23.493  2311  2311 D ActivityThread: Package [com.Slack] reported as REPLACED, but missing application info. Assuming REMOVED.
05-09 06:00:23.494  2309  2309 D ActivityThread: Package [com.Slack] reported as REPLACED, but missing application info. Assuming REMOVED.
05-09 06:00:23.494  2314  2314 D ActivityThread: Package [com.Slack] reported as REPLACED, but missing application info. Assuming REMOVED.
05-09 06:00:23.494  2294  2294 D ActivityThread: Package [com.Slack] reported as REPLACED, but missing application info. Assuming REMOVED.
05-09 06:00:23.501  2413  2413 D ActivityThread: Package [com.Slack] reported as REPLACED, but missing application info. Assuming REMOVED.
05-09 06:00:23.513  8092  8092 D ActivityThread: Package [com.Slack] reported as REPLACED, but missing application info. Assuming REMOVED.
05-09 06:00:23.513  2742  2742 D ActivityThread: Package [com.Slack] reported as REPLACED, but missing application info. Assuming REMOVED.
05-09 06:00:23.513  1440  1440 D ActivityThread: Package [com.Slack] reported as REPLACED, but missing application info. Assuming REMOVED.
05-09 06:00:23.513 21265 21265 D ActivityThread: Package [com.Slack] reported as REPLACED, but missing application info. Assuming REMOVED.
05-09 06:00:23.513  2882  2882 D ActivityThread: Package [com.Slack] reported as REPLACED, but missing application info. Assuming REMOVED.
05-09 06:00:23.514 28662 28662 D ActivityThread: Package [com.Slack] reported as REPLACED, but missing application info. Assuming REMOVED.
05-09 06:00:23.514 15365 15365 D ActivityThread: Package [com.Slack] reported as REPLACED, but missing application info. Assuming REMOVED.
05-09 06:00:23.514 17814 17814 D ActivityThread: Package [com.Slack] reported as REPLACED, but missing application info. Assuming REMOVED.
05-09 06:00:23.514 13725 13725 D ActivityThread: Package [com.Slack] reported as REPLACED, but missing application info. Assuming REMOVED.
05-09 06:00:23.515 20737 20737 D ActivityThread: Package [com.Slack] reported as REPLACED, but missing application info. Assuming REMOVED.
05-09 06:00:23.515   748   748 D ActivityThread: Package [com.Slack] reported as REPLACED, but missing application info. Assuming REMOVED.
05-09 06:00:23.516 27944 27944 D ActivityThread: Package [com.Slack] reported as REPLACED, but missing application info. Assuming REMOVED.
05-09 06:00:23.517 19785 19785 D ActivityThread: Package [com.Slack] reported as REPLACED, but missing application info. Assuming REMOVED.
05-09 06:00:23.517 10882 10882 D ActivityThread: Package [com.Slack] reported as REPLACED, but missing application info. Assuming REMOVED.
05-09 06:00:23.517 20419 20419 D ActivityThread: Package [com.Slack] reported as REPLACED, but missing application info. Assuming REMOVED.
05-09 06:00:23.517  2482  2482 D ActivityThread: Package [com.Slack] reported as REPLACED, but missing application info. Assuming REMOVED.
05-09 06:00:23.517  3488  3488 D ActivityThread: Package [com.Slack] reported as REPLACED, but missing application info. Assuming REMOVED.
05-09 06:00:23.518 23586 23586 D ActivityThread: Package [com.Slack] reported as REPLACED, but missing application info. Assuming REMOVED.
05-09 06:00:23.518 28249 28249 D ActivityThread: Package [com.Slack] reported as REPLACED, but missing application info. Assuming REMOVED.
05-09 06:00:23.518  3768  3768 D ActivityThread: Package [com.Slack] reported as REPLACED, but missing application info. Assuming REMOVED.
05-09 06:00:23.518  3718  3718 D ActivityThread: Package [com.Slack] reported as REPLACED, but missing application info. Assuming REMOVED.
05-09 06:00:23.518 24861 24861 D ActivityThread: Package [com.Slack] reported as REPLACED, but missing application info. Assuming REMOVED.
05-09 06:00:23.520  8184  8184 D ActivityThread: Package [com.Slack] reported as REPLACED, but missing application info. Assuming REMOVED.
05-09 06:00:23.520  2366  2366 D ActivityThread: Package [com.Slack] reported as REPLACED, but missing application info. Assuming REMOVED.
05-09 06:00:23.521 31427 31427 D ActivityThread: Package [com.Slack] reported as REPLACED, but missing application info. Assuming REMOVED.
05-09 06:00:23.521 28452 28452 D ActivityThread: Package [com.Slack] reported as REPLACED, but missing application info. Assuming REMOVED.
05-09 06:00:23.522 28381 28381 D ActivityThread: Package [com.Slack] reported as REPLACED, but missing application info. Assuming REMOVED.
05-09 06:00:23.530  2806  2806 D ActivityThread: Package [com.Slack] reported as REPLACED, but missing application info. Assuming REMOVED.
05-09 06:00:23.530  4742  4742 D ActivityThread: Package [com.Slack] reported as REPLACED, but missing application info. Assuming REMOVED.
05-09 06:00:23.530  2314  2314 D ActivityThread: Package [com.Slack] reported as REPLACED, but missing application info. Assuming REMOVED.
05-09 06:00:23.530 12515 12515 D ActivityThread: Package [com.Slack] reported as REPLACED, but missing application info. Assuming REMOVED.
05-09 06:00:23.530  2362  2362 D ActivityThread: Package [com.Slack] reported as REPLACED, but missing application info. Assuming REMOVED.
05-09 06:00:23.530  2993  2993 D ActivityThread: Package [com.Slack] reported as REPLACED, but missing application info. Assuming REMOVED.
05-09 06:00:23.530  2270  2270 D ActivityThread: Package [com.Slack] reported as REPLACED, but missing application info. Assuming REMOVED.
05-09 06:00:23.530  2152  2152 D ActivityThread: Package [com.Slack] reported as REPLACED, but missing application info. Assuming REMOVED.
05-09 06:00:23.530  2994  2994 D ActivityThread: Package [com.Slack] reported as REPLACED, but missing application info. Assuming REMOVED.
05-09 06:00:23.531  2388  2388 D ActivityThread: Package [com.Slack] reported as REPLACED, but missing application info. Assuming REMOVED.
05-09 06:00:23.531  2392  2392 D ActivityThread: Package [com.Slack] reported as REPLACED, but missing application info. Assuming REMOVED.
05-09 06:00:23.531  2371  2371 D ActivityThread: Package [com.Slack] reported as REPLACED, but missing application info. Assuming REMOVED.
05-09 06:00:23.531  2328  2328 D ActivityThread: Package [com.Slack] reported as REPLACED, but missing application info. Assuming REMOVED.
05-09 06:00:23.531  2641  2641 D ActivityThread: Package [com.Slack] reported as REPLACED, but missing application info. Assuming REMOVED.
05-09 06:00:23.531  2358  2358 D ActivityThread: Package [com.Slack] reported as REPLACED, but missing application info. Assuming REMOVED.
05-09 06:00:23.531  2366  2366 D ActivityThread: Package [com.Slack] reported as REPLACED, but missing application info. Assuming REMOVED.
05-09 06:00:23.531  2311  2311 D ActivityThread: Package [com.Slack] reported as REPLACED, but missing application info. Assuming REMOVED.
05-09 06:00:23.532  2309  2309 D ActivityThread: Package [com.Slack] reported as REPLACED, but missing application info. Assuming REMOVED.
05-09 06:00:23.532  2294  2294 D ActivityThread: Package [com.Slack] reported as REPLACED, but missing application info. Assuming REMOVED.
05-09 06:00:23.533  1485  2110 D BackgroundInstallControlService: Package event received: 0
05-09 06:00:23.533  1485  3453 W AppOpService: Ignored setUidMode call for runtime permission app op: uid = 1001, code = READ_SMS, mode = allow, callingUid = 1001, oldMode = allow
05-09 06:00:23.534  1485  3786 D ActivityManager: sync unfroze 28712 com.google.android.euicc for 6
05-09 06:00:23.536  1485  3453 W AppOpService: Ignored setUidMode call for runtime permission app op: uid = 1001, code = RECEIVE_SMS, mode = allow, callingUid = 1001, oldMode = allow
05-09 06:00:23.536  1485  3453 W AppOpService: Ignored setUidMode call for runtime permission app op: uid = 1001, code = RECEIVE_WAP_PUSH, mode = allow, callingUid = 1001, oldMode = allow
05-09 06:00:23.536  1485  3453 W AppOpService: Ignored setUidMode call for runtime permission app op: uid = 1001, code = SEND_SMS, mode = allow, callingUid = 1001, oldMode = allow
05-09 06:00:23.536 28712 28712 D ActivityThread: Package [com.Slack] reported as REPLACED, but missing application info. Assuming REMOVED.
05-09 06:00:23.539 28712 28712 D ActivityThread: Package [com.Slack] reported as REPLACED, but missing application info. Assuming REMOVED.
05-09 06:00:23.540  1485  2110 D BackgroundInstallControlService: Package event received: 0
05-09 06:00:23.540  1485  3453 W AppOpService: Ignored setUidMode call for runtime permission app op: uid = 1001, code = READ_CELL_BROADCASTS, mode = allow, callingUid = 1001, oldMode = allow
05-09 06:00:23.542  1485  2110 D BackgroundInstallControlService: Package event received: 0
05-09 06:00:23.543  1485  1485 D CompatChangeReporter: Compat change id reported: 441041342; UID 1000; state: ENABLED
05-09 06:00:23.546  1485  1742 D ActivityManager: sync unfroze 8497 com.google.android.permissioncontroller for 3
05-09 06:00:23.549  1485  1778 D PackageInstallerSession: Marking session 1792576328 as applied
05-09 06:00:23.554  1485  2110 D BackgroundInstallControlService: Package event received: 0
05-09 06:00:23.554  8497  8497 D ActivityThread: Package [com.Slack] reported as REPLACED, but missing application info. Assuming REMOVED.
05-09 06:00:23.555  1485  1743 I ActivityManager: Start proc 29246:com.android.keychain/1000 for service {com.android.keychain/com.android.keychain.KeyChainService}
05-09 06:00:23.562  8497  8497 D ActivityThread: Package [com.Slack] reported as REPLACED, but missing application info. Assuming REMOVED.
05-09 06:00:23.562  1485  1485 I Telecom : CarModeTracker: Package com.Slack is not tracked.: SSH.oR@b7Q
05-09 06:00:23.563  1485  1485 I Telecom : InCallController: updateCarModeForConnections: car mode apps: : SSH.oR@b7Q
05-09 06:00:23.563  1485  1485 I Telecom : InCallController: update carmode current:UserHandle{0} parent:null: SSH.oR@b7Q
05-09 06:00:23.574  1485  1485 D AS.AudioService: received android.intent.action.PACKAGE_ADDED replacing: true archival: false for package com.Slack with uid 10252
05-09 06:00:23.581  1485  3301 W AppOpService: Ignored setUidMode call for runtime permission app op: uid = 1001, code = READ_SMS, mode = allow, callingUid = 1001, oldMode = allow
05-09 06:00:23.582  1485  3301 W AppOpService: Ignored setUidMode call for runtime permission app op: uid = 1001, code = RECEIVE_SMS, mode = allow, callingUid = 1001, oldMode = allow
05-09 06:00:23.583  1485  3301 W AppOpService: Ignored setUidMode call for runtime permission app op: uid = 1001, code = RECEIVE_WAP_PUSH, mode = allow, callingUid = 1001, oldMode = allow
05-09 06:00:23.583  1485  3301 W AppOpService: Ignored setUidMode call for runtime permission app op: uid = 1001, code = SEND_SMS, mode = allow, callingUid = 1001, oldMode = allow
05-09 06:00:23.583  1485  3301 W AppOpService: Ignored setUidMode call for runtime permission app op: uid = 1001, code = READ_CELL_BROADCASTS, mode = allow, callingUid = 1001, oldMode = allow
05-09 06:00:23.598  1485  1742 D CompatChangeReporter: Compat change id reported: 151861875; UID 10252; state: ENABLED
05-09 06:00:23.601  1485  4283 I DevicePolicyManager: Found incompatible accounts on any user, not allowing bypassing
05-09 06:00:23.611  1485  2110 D BackgroundInstallControlService: Package event received: 0
05-09 06:00:23.611  1485  2110 D BackgroundInstallControlService: Package event received: 0
05-09 06:00:23.611  1485  1743 I ActivityManager: Start proc 29254:com.Slack/u0a252 for broadcast {com.Slack/slack.app.AppUpdateReceiver}
05-09 06:00:23.613  1485  4283 I DevicePolicyManager: Found incompatible accounts on any user, not allowing bypassing
05-09 06:00:23.616  2413  2413 D ActivityThread: Package [com.Slack] reported as REPLACED, but missing application info. Assuming REMOVED.
05-09 06:00:23.622  1485  1485 D ActivityManager: sync unfroze 28753 com.google.android.odad for 6
05-09 06:00:23.626 28753 28753 D ActivityThread: Package [com.Slack] reported as REPLACED, but missing application info. Assuming REMOVED.
05-09 06:00:23.626  1485  1485 D ActivityThread: Package [com.Slack] reported as REPLACED, but missing application info. Assuming REMOVED.
05-09 06:00:23.627  1485  2110 D BackgroundInstallControlService: Package event received: 0
05-09 06:00:23.627  1485  2110 D BackgroundInstallControlService: Package event received: 0
05-09 06:00:23.628 28753 28753 D ActivityThread: Package [com.Slack] reported as REPLACED, but missing application info. Assuming REMOVED.
05-09 06:00:23.633  1485  1485 D AS.AudioService: received android.intent.action.PACKAGE_REPLACED replacing: true archival: false for package com.Slack with uid 10252
05-09 06:00:23.633  1485  1485 D ActivityThread: Package [com.Slack] reported as REPLACED, but missing application info. Assuming REMOVED.
05-09 06:00:23.635  1485  1485 W AlarmManager: Package com.Slack, uid 10252 lost permission to set exact alarms!
05-09 06:00:23.648  1485  3203 V Configuration: Updating configuration, locales updated from [] to [en_US]
05-09 06:00:23.650  1485  3203 V Configuration: Updating configuration, locales updated from [] to [en_US]
05-09 06:00:23.650  1485  3203 V Configuration: Updating configuration, locales updated from [] to [en_US]
05-09 06:00:23.650  1485  3203 V Configuration: Updating configuration, locales updated from [] to [en_US]
05-09 06:00:23.650  1485  3203 V Configuration: Updating configuration, locales updated from [] to [en_US]
05-09 06:00:23.650  1485  3203 V Configuration: Updating configuration, locales updated from [] to [en_US]
05-09 06:00:23.650  1485  3203 V Configuration: Updating configuration, locales updated from [] to [en_US]
05-09 06:00:23.650  1485  3203 V Configuration: Updating configuration, locales updated from [] to [en_US]
05-09 06:00:23.650  1485  3203 V Configuration: Updating configuration, locales updated from [] to [en_US]
05-09 06:00:23.652  1485  3203 V Configuration: Updating configuration, locales updated from [] to [en_US]
05-09 06:00:23.652  1485  3203 V Configuration: Updating configuration, locales updated from [] to [en_US]
05-09 06:00:23.652  1485  3203 V Configuration: Updating configuration, locales updated from [] to [en_US]
05-09 06:00:23.653  1485  3203 D IntervalStats: Unable to parse usage stats packages: [28, 269, 287, 397, 435, 502, 620, 669, 680, 692, 699, 715, 763, 804, 816, 846, 858, 922, 1025, 1041, 1051, 1052, 1055, 1057, 1068, 1069, 1070, 1071, 1073, 1074, 1075, 1077, 1078, 1080, 1081, 1083, 1086, 1092, 1093, 1098, 1099, 1104, 1105, 1106, 1107, 1111, 1116, 1119, 1122, 1158, 1175, 1176, 1181, 1186, 1187, 1190, 1192, 1193, 1194, 1195, 1196, 1209, 1226, 1250, 1295, 1296, 1297, 1298, 1299, 1300]
05-09 06:00:23.657 14811 14811 D ActivityThread: Package [com.Slack] reported as REPLACED, but missing application info. Assuming REMOVED.
05-09 06:00:23.766  3433  3433 D ActivityThread: Package [com.Slack] reported as REPLACED, but missing application info. Assuming REMOVED.
05-09 06:00:23.771  1485  2018 V AccessibilityUserState: updateShortcutTargets: type:accessibility_shortcut_target_service, current:{}, new:{}
05-09 06:00:23.771  1485  2018 V AccessibilityUserState: updateShortcutTargets: type:accessibility_qs_targets, current:{com.android.server.accessibility/ColorInversion}, new:{com.android.server.accessibility/ColorInversion}
05-09 06:00:23.771  1485  2018 V AccessibilityUserState: updateShortcutTargets: type:accessibility_button_targets, current:{}, new:{}
05-09 06:00:23.771  1485  2018 V AccessibilityUserState: updateShortcutTargets: type:accessibility_gesture_targets, current:{}, new:{}
05-09 06:00:23.771  1485  2018 V AccessibilityUserState: updateShortcutTargets: type:accessibility_key_gesture_targets, current:{}, new:{}
05-09 06:00:23.771  1485  2018 V AccessibilityManagerService: onUserStateChangedLocked for userId: 0, forceUpdate: false
05-09 06:00:23.774  1485  2018 V AccessibilityUserState: updateShortcutTargets: type:accessibility_shortcut_target_service, current:{}, new:{}
05-09 06:00:23.774  1485  2018 V AccessibilityUserState: updateShortcutTargets: type:accessibility_button_targets, current:{}, new:{}
05-09 06:00:23.774  1485  2018 V AccessibilityUserState: updateShortcutTargets: type:accessibility_gesture_targets, current:{}, new:{}
05-09 06:00:23.774  1485  2018 V AccessibilityUserState: updateShortcutTargets: type:accessibility_qs_targets, current:{com.android.server.accessibility/ColorInversion}, new:{com.android.server.accessibility/ColorInversion}
05-09 06:00:23.774  1485  2018 V AccessibilityUserState: updateShortcutTargets: type:accessibility_key_gesture_targets, current:{}, new:{}
05-09 06:00:23.774  1485  2018 W MagnificationConnectionManager: requestConnection duplicated request: connect=false, mConnectionState=DISCONNECTED
05-09 06:00:23.775  1485  2018 V AccessibilityUserState: updateShortcutTargets: type:accessibility_button_targets, current:{}, new:{}
05-09 06:00:23.775  1485  2018 V AccessibilityUserState: updateShortcutTargets: type:accessibility_qs_targets, current:{com.android.server.accessibility/ColorInversion}, new:{com.android.server.accessibility/ColorInversion}
05-09 06:00:23.779  1485  2018 V AccessibilityUserState: updateShortcutTargets: type:accessibility_shortcut_target_service, current:{}, new:{}
05-09 06:00:23.780  1485  2018 V AccessibilityUserState: updateShortcutTargets: type:accessibility_qs_targets, current:{com.android.server.accessibility/ColorInversion}, new:{com.android.server.accessibility/ColorInversion}
05-09 06:00:23.780  1485  2018 V AccessibilityUserState: updateShortcutTargets: type:accessibility_button_targets, current:{}, new:{}
05-09 06:00:23.780  1485  2018 V AccessibilityUserState: updateShortcutTargets: type:accessibility_gesture_targets, current:{}, new:{}
05-09 06:00:23.780  1485  2018 V AccessibilityUserState: updateShortcutTargets: type:accessibility_key_gesture_targets, current:{}, new:{}
05-09 06:00:23.780  1485  2018 V AccessibilityManagerService: onUserStateChangedLocked for userId: 0, forceUpdate: false
05-09 06:00:23.780  1485  2018 V AccessibilityUserState: updateShortcutTargets: type:accessibility_shortcut_target_service, current:{}, new:{}
05-09 06:00:23.780  1485  2018 V AccessibilityUserState: updateShortcutTargets: type:accessibility_button_targets, current:{}, new:{}
05-09 06:00:23.780  1485  2018 V AccessibilityUserState: updateShortcutTargets: type:accessibility_gesture_targets, current:{}, new:{}
05-09 06:00:23.780  1485  2018 V AccessibilityUserState: updateShortcutTargets: type:accessibility_qs_targets, current:{com.android.server.accessibility/ColorInversion}, new:{com.android.server.accessibility/ColorInversion}
05-09 06:00:23.780  1485  2018 V AccessibilityUserState: updateShortcutTargets: type:accessibility_key_gesture_targets, current:{}, new:{}
05-09 06:00:23.781  1485  2018 W MagnificationConnectionManager: requestConnection duplicated request: connect=false, mConnectionState=DISCONNECTED
05-09 06:00:23.793  1485  2981 V Configuration: Updating configuration, locales updated from [en_US] to [af]
05-09 06:00:23.793  1485  2981 V Configuration: Updating configuration, locales updated from [en_US] to [af_ZA]
05-09 06:00:23.794  1485  2981 V Configuration: Updating configuration, locales updated from [en_US] to [am]
05-09 06:00:23.797  1485  2981 V Configuration: Updating configuration, locales updated from [en_US] to [am_ET]
05-09 06:00:23.798  1485  2981 V Configuration: Updating configuration, locales updated from [en_US] to [ar]
05-09 06:00:23.798  1485  2981 V Configuration: Updating configuration, locales updated from [en_US] to [ar_EG]
05-09 06:00:23.798  1485  2981 V Configuration: Updating configuration, locales updated from [en_US] to [ar_XB]
05-09 06:00:23.798  1485  2981 V Configuration: Updating configuration, locales updated from [en_US] to [as]
05-09 06:00:23.799  1485  2981 V Configuration: Updating configuration, locales updated from [en_US] to [az]
05-09 06:00:23.799  1485  2981 V Configuration: Updating configuration, locales updated from [en_US] to [be]
05-09 06:00:23.805  1485  2981 V Configuration: Updating configuration, locales updated from [en_US] to [bg]
05-09 06:00:23.806  1485  2981 V Configuration: Updating configuration, locales updated from [en_US] to [bg_BG]
05-09 06:00:23.806  1485  2981 V Configuration: Updating configuration, locales updated from [en_US] to [bn]
05-09 06:00:23.807  1485  2981 V Configuration: Updating configuration, locales updated from [en_US] to [bs]
05-09 06:00:23.807  1485  2981 V Configuration: Updating configuration, locales updated from [en_US] to [ca]
05-09 06:00:23.808  1485  2981 V Configuration: Updating configuration, locales updated from [en_US] to [ca_ES]
05-09 06:00:23.808  1485  2981 V Configuration: Updating configuration, locales updated from [en_US] to [cs]
05-09 06:00:23.809  1485  2981 V Configuration: Updating configuration, locales updated from [en_US] to [cs_CZ]
05-09 06:00:23.809  1485  2981 V Configuration: Updating configuration, locales updated from [en_US] to [da]
05-09 06:00:23.810  1485  2981 V Configuration: Updating configuration, locales updated from [en_US] to [da_DK]
05-09 06:00:23.810  1485  2981 V Configuration: Updating configuration, locales updated from [en_US] to [de]
05-09 06:00:23.811  1485  2981 V Configuration: Updating configuration, locales updated from [en_US] to [de_DE]
05-09 06:00:23.812  1485  2981 V Configuration: Updating configuration, locales updated from [en_US] to [el]
05-09 06:00:23.812  1485  2981 V Configuration: Updating configuration, locales updated from [en_US] to [el_GR]
05-09 06:00:23.813  1485  2981 V Configuration: Updating configuration, locales updated from [en_US] to [en]
05-09 06:00:23.814  1485  2981 V Configuration: Updating configuration, locales updated from [en_US] to [en_AU]
05-09 06:00:23.817  1485  2981 V Configuration: Updating configuration, locales updated from [en_US] to [en_CA]
05-09 06:00:23.817  1485  2981 V Configuration: Updating configuration, locales updated from [en_US] to [en_GB]
05-09 06:00:23.817  1485  2981 V Configuration: Updating configuration, locales updated from [en_US] to [en_IN]
05-09 06:00:23.818  1485  2981 V Configuration: Updating configuration, locales updated from [en_US] to [en_XA]
05-09 06:00:23.818  1485  2981 V Configuration: Updating configuration, locales updated from [en_US] to [en_XC]
05-09 06:00:23.818  1485  2981 V Configuration: Updating configuration, locales updated from [en_US] to [es]
05-09 06:00:23.821  1485  2981 V Configuration: Updating configuration, locales updated from [en_US] to [es_ES]
05-09 06:00:23.822  1485  2981 V Configuration: Updating configuration, locales updated from [en_US] to [es_LA]
05-09 06:00:23.822  1485  2981 V Configuration: Updating configuration, locales updated from [en_US] to [es_US]
05-09 06:00:23.822  1485  2981 V Configuration: Updating configuration, locales updated from [en_US] to [et]
05-09 06:00:23.823  1485  2981 V Configuration: Updating configuration, locales updated from [en_US] to [et_EE]
05-09 06:00:23.823  1485  2981 V Configuration: Updating configuration, locales updated from [en_US] to [eu]
05-09 06:00:23.824  1485  2981 V Configuration: Updating configuration, locales updated from [en_US] to [fa]
05-09 06:00:23.824  1485  2981 V Configuration: Updating configuration, locales updated from [en_US] to [fa_IR]
05-09 06:00:23.824  1485  2981 V Configuration: Updating configuration, locales updated from [en_US] to [fi]
05-09 06:00:23.825  1485  2981 V Configuration: Updating configuration, locales updated from [en_US] to [fi_FI]
05-09 06:00:23.825  1485  2981 V Configuration: Updating configuration, locales updated from [en_US] to [fil]
05-09 06:00:23.825  1485  2981 V Configuration: Updating configuration, locales updated from [en_US] to [fil_PH]
05-09 06:00:23.826  1485  2981 V Configuration: Updating configuration, locales updated from [en_US] to [fr]
05-09 06:00:23.826  1485  2981 V Configuration: Updating configuration, locales updated from [en_US] to [fr_CA]
05-09 06:00:23.827  1485  2981 V Configuration: Updating configuration, locales updated from [en_US] to [fr_FR]
05-09 06:00:23.827  1485  2981 V Configuration: Updating configuration, locales updated from [en_US] to [gl]
05-09 06:00:23.827  1485  2981 V Configuration: Updating configuration, locales updated from [en_US] to [gu]
05-09 06:00:23.828  1485  2981 V Configuration: Updating configuration, locales updated from [en_US] to [hi]
05-09 06:00:23.828  1485  2981 V Configuration: Updating configuration, locales updated from [en_US] to [hi_IN]
05-09 06:00:23.829  1485  2981 V Configuration: Updating configuration, locales updated from [en_US] to [hr]
05-09 06:00:23.829  1485  2981 V Configuration: Updating configuration, locales updated from [en_US] to [hr_HR]
05-09 06:00:23.829  1485  2981 V Configuration: Updating configuration, locales updated from [en_US] to [hu]
05-09 06:00:23.830  1485  2981 V Configuration: Updating configuration, locales updated from [en_US] to [hu_HU]
05-09 06:00:23.830  1485  2981 V Configuration: Updating configuration, locales updated from [en_US] to [hy]
05-09 06:00:23.830  1485  2981 V Configuration: Updating configuration, locales updated from [en_US] to [id]
05-09 06:00:23.831  1485  2981 V Configuration: Updating configuration, locales updated from [en_US] to [id_ID]
05-09 06:00:23.831  1485  2981 V Configuration: Updating configuration, locales updated from [en_US] to [is]
05-09 06:00:23.831  1485  2981 V Configuration: Updating configuration, locales updated from [en_US] to [it]
05-09 06:00:23.832  1485  2981 V Configuration: Updating configuration, locales updated from [en_US] to [it_IT]
05-09 06:00:23.832  1485  2981 V Configuration: Updating configuration, locales updated from [en_US] to [he]
05-09 06:00:23.833  1485  2981 V Configuration: Updating configuration, locales updated from [en_US] to [he_IL]
05-09 06:00:23.833  1485  2981 V Configuration: Updating configuration, locales updated from [en_US] to [ja]
05-09 06:00:23.836  1485  2981 V Configuration: Updating configuration, locales updated from [en_US] to [ja_JP]
05-09 06:00:23.837  1485  2981 V Configuration: Updating configuration, locales updated from [en_US] to [ka]
05-09 06:00:23.837  1485  2981 V Configuration: Updating configuration, locales updated from [en_US] to [kk]
05-09 06:00:23.838  1485  2981 V Configuration: Updating configuration, locales updated from [en_US] to [km]
05-09 06:00:23.838  1485  2981 V Configuration: Updating configuration, locales updated from [en_US] to [kn]
05-09 06:00:23.838  1485  2981 V Configuration: Updating configuration, locales updated from [en_US] to [ko]
05-09 06:00:23.839  1485  2981 V Configuration: Updating configuration, locales updated from [en_US] to [ko_KR]
05-09 06:00:23.840  1485  2981 V Configuration: Updating configuration, locales updated from [en_US] to [ky]
05-09 06:00:23.840  1485  2981 V Configuration: Updating configuration, locales updated from [en_US] to [lo]
05-09 06:00:23.840  1485  2981 V Configuration: Updating configuration, locales updated from [en_US] to [lt]
05-09 06:00:23.841  1485  2981 V Configuration: Updating configuration, locales updated from [en_US] to [lt_LT]
05-09 06:00:23.841  1485  2981 V Configuration: Updating configuration, locales updated from [en_US] to [lv]
05-09 06:00:23.841  1485  2981 V Configuration: Updating configuration, locales updated from [en_US] to [lv_LV]
05-09 06:00:23.842  1485  2981 V Configuration: Updating configuration, locales updated from [en_US] to [mk]
05-09 06:00:23.842  1485  2981 V Configuration: Updating configuration, locales updated from [en_US] to [ml]
05-09 06:00:23.842  1485  2981 V Configuration: Updating configuration, locales updated from [en_US] to [mn]
05-09 06:00:23.843  1485  2981 V Configuration: Updating configuration, locales updated from [en_US] to [mr]
05-09 06:00:23.843  1485  2981 V Configuration: Updating configuration, locales updated from [en_US] to [ms]
05-09 06:00:23.844  1485  2981 V Configuration: Updating configuration, locales updated from [en_US] to [ms_MY]
05-09 06:00:23.844  1485  2981 V Configuration: Updating configuration, locales updated from [en_US] to [my]
05-09 06:00:23.844  1485  2981 V Configuration: Updating configuration, locales updated from [en_US] to [nb]
05-09 06:00:23.845  1485  2981 V Configuration: Updating configuration, locales updated from [en_US] to [nb_NO]
05-09 06:00:23.845  1485  2981 V Configuration: Updating configuration, locales updated from [en_US] to [ne]
05-09 06:00:23.845  1485  2981 V Configuration: Updating configuration, locales updated from [en_US] to [nl]
05-09 06:00:23.845  1485  2981 V Configuration: Updating configuration, locales updated from [en_US] to [nl_NL]
05-09 06:00:23.846  1485  2981 V Configuration: Updating configuration, locales updated from [en_US] to [or]
05-09 06:00:23.846  1485  2981 V Configuration: Updating configuration, locales updated from [en_US] to [pa]
05-09 06:00:23.847  1485  2981 V Configuration: Updating configuration, locales updated from [en_US] to [pl]
05-09 06:00:23.847  1485  2981 V Configuration: Updating configuration, locales updated from [en_US] to [pl_PL]
05-09 06:00:23.847  1485  2981 V Configuration: Updating configuration, locales updated from [en_US] to [pt]
05-09 06:00:23.848  1485  2981 V Configuration: Updating configuration, locales updated from [en_US] to [pt_BR]
