05-09 06:05:14.848  1485  2981 V Configuration: Updating configuration, locales updated from [en_US] to [ca_ES]
05-09 06:05:14.848  1485  2981 V Configuration: Updating configuration, locales updated from [en_US] to [cb]
05-09 06:05:14.849  1485  2981 V Configuration: Updating configuration, locales updated from [en_US] to [cs]
05-09 06:05:14.849  1485  2981 V Configuration: Updating configuration, locales updated from [en_US] to [cs_CZ]
05-09 06:05:14.849  1485  2981 V Configuration: Updating configuration, locales updated from [en_US] to [cx]
05-09 06:05:14.849  1485  2981 V Configuration: Updating configuration, locales updated from [en_US] to [da]
05-09 06:05:14.850  1485  2981 V Configuration: Updating configuration, locales updated from [en_US] to [da_DK]
05-09 06:05:14.850  1485  2981 V Configuration: Updating configuration, locales updated from [en_US] to [de]
05-09 06:05:14.850  1485  2981 V Configuration: Updating configuration, locales updated from [en_US] to [de_DE]
05-09 06:05:14.851  1485  2981 V Configuration: Updating configuration, locales updated from [en_US] to [el]
05-09 06:05:14.851  1485  2981 V Configuration: Updating configuration, locales updated from [en_US] to [el_GR]
05-09 06:05:14.851  1485  2981 V Configuration: Updating configuration, locales updated from [en_US] to [en]
05-09 06:05:14.852  1485  2981 V Configuration: Updating configuration, locales updated from [en_US] to [en_AU]
05-09 06:05:14.852  1485  2981 V Configuration: Updating configuration, locales updated from [en_US] to [en_CA]
05-09 06:05:14.852  1485  2981 V Configuration: Updating configuration, locales updated from [en_US] to [en_GB]
05-09 06:05:14.852  1485  2981 V Configuration: Updating configuration, locales updated from [en_US] to [en_IN]
05-09 06:05:14.853  1485  2981 V Configuration: Updating configuration, locales updated from [en_US] to [en_XA]
05-09 06:05:14.853  1485  2981 V Configuration: Updating configuration, locales updated from [en_US] to [en_XC]
05-09 06:05:14.853  1485  2981 V Configuration: Updating configuration, locales updated from [en_US] to [es]
05-09 06:05:14.854  1485  2981 V Configuration: Updating configuration, locales updated from [en_US] to [es_ES]
05-09 06:05:14.854  1485  2981 V Configuration: Updating configuration, locales updated from [en_US] to [es_US]
05-09 06:05:14.854  1485  2981 V Configuration: Updating configuration, locales updated from [en_US] to [et]
05-09 06:05:14.854  1485  2981 V Configuration: Updating configuration, locales updated from [en_US] to [et_EE]
05-09 06:05:14.855  1485  2981 V Configuration: Updating configuration, locales updated from [en_US] to [eu]
05-09 06:05:14.856  1485  2981 V Configuration: Updating configuration, locales updated from [en_US] to [fa]
05-09 06:05:14.856  1485  2981 V Configuration: Updating configuration, locales updated from [en_US] to [fa_IR]
05-09 06:05:14.856  1485  2981 V Configuration: Updating configuration, locales updated from [en_US] to [fb]
05-09 06:05:14.857  1485  2981 V Configuration: Updating configuration, locales updated from [en_US] to [fb_LS]
05-09 06:05:14.878  1485  2981 V Configuration: Updating configuration, locales updated from [en_US] to [fi]
05-09 06:05:14.878  1485  2981 V Configuration: Updating configuration, locales updated from [en_US] to [fi_FI]
05-09 06:05:14.879  1485  2981 V Configuration: Updating configuration, locales updated from [en_US] to [fil]
05-09 06:05:14.879  1485  2981 V Configuration: Updating configuration, locales updated from [en_US] to [fil_PH]
05-09 06:05:14.879  1485  2981 V Configuration: Updating configuration, locales updated from [en_US] to [fr]
05-09 06:05:14.880  1485  2981 V Configuration: Updating configuration, locales updated from [en_US] to [fr_CA]
05-09 06:05:14.880  1485  2981 V Configuration: Updating configuration, locales updated from [en_US] to [fr_FR]
05-09 06:05:14.880  1485  2981 V Configuration: Updating configuration, locales updated from [en_US] to [gl]
05-09 06:05:14.881  1485  2981 V Configuration: Updating configuration, locales updated from [en_US] to [gn]
05-09 06:05:14.881  1485  2981 V Configuration: Updating configuration, locales updated from [en_US] to [gu]
05-09 06:05:14.881  1485  2981 V Configuration: Updating configuration, locales updated from [en_US] to [ha]
05-09 06:05:14.882  1485  2981 V Configuration: Updating configuration, locales updated from [en_US] to [hi]
05-09 06:05:14.882  1485  2981 V Configuration: Updating configuration, locales updated from [en_US] to [hi_IN]
05-09 06:05:14.882  1485  2981 V Configuration: Updating configuration, locales updated from [en_US] to [hr]
05-09 06:05:14.883  1485  2981 V Configuration: Updating configuration, locales updated from [en_US] to [hr_HR]
05-09 06:05:14.883  1485  2981 V Configuration: Updating configuration, locales updated from [en_US] to [hu]
05-09 06:05:14.883  1485  2981 V Configuration: Updating configuration, locales updated from [en_US] to [hu_HU]
05-09 06:05:14.884  1485  2981 V Configuration: Updating configuration, locales updated from [en_US] to [hy]
05-09 06:05:14.884  1485  2981 V Configuration: Updating configuration, locales updated from [en_US] to [id]
05-09 06:05:14.884  1485  2981 V Configuration: Updating configuration, locales updated from [en_US] to [id_ID]
05-09 06:05:14.884  1485  2981 V Configuration: Updating configuration, locales updated from [en_US] to [is]
05-09 06:05:14.885  1485  2981 V Configuration: Updating configuration, locales updated from [en_US] to [it]
05-09 06:05:14.885  1485  2981 V Configuration: Updating configuration, locales updated from [en_US] to [it_IT]
05-09 06:05:14.885  1485  2981 V Configuration: Updating configuration, locales updated from [en_US] to [he]
05-09 06:05:14.885  1485  2981 V Configuration: Updating configuration, locales updated from [en_US] to [he_IL]
05-09 06:05:14.886  1485  2981 V Configuration: Updating configuration, locales updated from [en_US] to [ja]
05-09 06:05:14.886  1485  2981 V Configuration: Updating configuration, locales updated from [en_US] to [ja_JP]
05-09 06:05:14.886  1485  2981 V Configuration: Updating configuration, locales updated from [en_US] to [jv]
05-09 06:05:14.886  1485  2981 V Configuration: Updating configuration, locales updated from [en_US] to [ka]
05-09 06:05:14.887  1485  2981 V Configuration: Updating configuration, locales updated from [en_US] to [kk]
05-09 06:05:14.887  1485  2981 V Configuration: Updating configuration, locales updated from [en_US] to [km]
05-09 06:05:14.887  1485  2981 V Configuration: Updating configuration, locales updated from [en_US] to [kn]
05-09 06:05:14.888  1485  2981 V Configuration: Updating configuration, locales updated from [en_US] to [ko]
05-09 06:05:14.888  1485  2981 V Configuration: Updating configuration, locales updated from [en_US] to [ko_KR]
05-09 06:05:14.888  1485  2981 V Configuration: Updating configuration, locales updated from [en_US] to [ku]
05-09 06:05:14.889  1485  2981 V Configuration: Updating configuration, locales updated from [en_US] to [ky]
05-09 06:05:14.889  1485  2981 V Configuration: Updating configuration, locales updated from [en_US] to [lo]
05-09 06:05:14.889  1485  2981 V Configuration: Updating configuration, locales updated from [en_US] to [lt]
05-09 06:05:14.889  1485  2981 V Configuration: Updating configuration, locales updated from [en_US] to [lt_LT]
05-09 06:05:14.890  1485  2981 V Configuration: Updating configuration, locales updated from [en_US] to [lv]
05-09 06:05:14.890  1485  2981 V Configuration: Updating configuration, locales updated from [en_US] to [lv_LV]
05-09 06:05:14.890  1485  2981 V Configuration: Updating configuration, locales updated from [en_US] to [mg]
05-09 06:05:14.891  1485  2981 V Configuration: Updating configuration, locales updated from [en_US] to [mk]
05-09 06:05:14.891  1485  2981 V Configuration: Updating configuration, locales updated from [en_US] to [ml]
05-09 06:05:14.891  1485  2981 V Configuration: Updating configuration, locales updated from [en_US] to [mn]
05-09 06:05:14.892  1485  2981 V Configuration: Updating configuration, locales updated from [en_US] to [mr]
05-09 06:05:14.892  1485  2981 V Configuration: Updating configuration, locales updated from [en_US] to [ms]
05-09 06:05:14.892  1485  2981 V Configuration: Updating configuration, locales updated from [en_US] to [ms_MY]
05-09 06:05:14.893  1485  2981 V Configuration: Updating configuration, locales updated from [en_US] to [my]
05-09 06:05:14.893  1485  2981 V Configuration: Updating configuration, locales updated from [en_US] to [nb]
05-09 06:05:14.893  1485  2981 V Configuration: Updating configuration, locales updated from [en_US] to [nb_NO]
05-09 06:05:14.893  1485  2981 V Configuration: Updating configuration, locales updated from [en_US] to [ne]
05-09 06:05:14.894  1485  2981 V Configuration: Updating configuration, locales updated from [en_US] to [nl]
05-09 06:05:14.894  1485  2981 V Configuration: Updating configuration, locales updated from [en_US] to [nl_NL]
05-09 06:05:14.894  1485  2981 V Configuration: Updating configuration, locales updated from [en_US] to [om]
05-09 06:05:14.894  1485  2981 V Configuration: Updating configuration, locales updated from [en_US] to [or]
05-09 06:05:14.895  1485  2981 V Configuration: Updating configuration, locales updated from [en_US] to [pa]
05-09 06:05:14.895  1485  2981 V Configuration: Updating configuration, locales updated from [en_US] to [pl]
05-09 06:05:14.895  1485  2981 V Configuration: Updating configuration, locales updated from [en_US] to [pl_PL]
05-09 06:05:14.896  1485  2981 V Configuration: Updating configuration, locales updated from [en_US] to [ps]
05-09 06:05:14.896  1485  2981 V Configuration: Updating configuration, locales updated from [en_US] to [pt]
05-09 06:05:14.896  1485  2981 V Configuration: Updating configuration, locales updated from [en_US] to [pt_BR]
05-09 06:05:14.897  1485  2981 V Configuration: Updating configuration, locales updated from [en_US] to [pt_PT]
05-09 06:05:14.897  1485  2981 V Configuration: Updating configuration, locales updated from [en_US] to [qz]
05-09 06:05:14.897  1485  2981 V Configuration: Updating configuration, locales updated from [en_US] to [ro]
05-09 06:05:14.898  1485  2981 V Configuration: Updating configuration, locales updated from [en_US] to [ro_RO]
05-09 06:05:14.898  1485  2981 V Configuration: Updating configuration, locales updated from [en_US] to [ru]
05-09 06:05:14.898  1485  2981 V Configuration: Updating configuration, locales updated from [en_US] to [ru_RU]
05-09 06:05:14.899  1485  2981 V Configuration: Updating configuration, locales updated from [en_US] to [rw]
05-09 06:05:14.899  1485  2981 V Configuration: Updating configuration, locales updated from [en_US] to [si]
05-09 06:05:14.899  1485  2981 V Configuration: Updating configuration, locales updated from [en_US] to [sk]
05-09 06:05:14.899  1485  2981 V Configuration: Updating configuration, locales updated from [en_US] to [sk_SK]
05-09 06:05:14.900  1485  2981 V Configuration: Updating configuration, locales updated from [en_US] to [sl]
05-09 06:05:14.900  1485  2981 V Configuration: Updating configuration, locales updated from [en_US] to [sl_SI]
05-09 06:05:14.900  1485  2981 V Configuration: Updating configuration, locales updated from [en_US] to [sn]
05-09 06:05:14.901  1485  2981 V Configuration: Updating configuration, locales updated from [en_US] to [so]
05-09 06:05:14.901  1485  2981 V Configuration: Updating configuration, locales updated from [en_US] to [sq]
05-09 06:05:14.901  1485  2981 V Configuration: Updating configuration, locales updated from [en_US] to [sr]
05-09 06:05:14.902  1485  2981 V Configuration: Updating configuration, locales updated from [en_US] to [sr__#Latn]
05-09 06:05:14.902  1485  2981 V Configuration: Updating configuration, locales updated from [en_US] to [sr_RS]
05-09 06:05:14.902  1485  2981 V Configuration: Updating configuration, locales updated from [en_US] to [sv]
05-09 06:05:14.903  1485  2981 V Configuration: Updating configuration, locales updated from [en_US] to [sv_SE]
05-09 06:05:14.903  1485  2981 V Configuration: Updating configuration, locales updated from [en_US] to [sw]
05-09 06:05:14.903  1485  2981 V Configuration: Updating configuration, locales updated from [en_US] to [sw_TZ]
05-09 06:05:14.903  1485  2981 V Configuration: Updating configuration, locales updated from [en_US] to [ta]
05-09 06:05:14.904  1485  2981 V Configuration: Updating configuration, locales updated from [en_US] to [te]
05-09 06:05:14.904  1485  2981 V Configuration: Updating configuration, locales updated from [en_US] to [tg]
05-09 06:05:14.904  1485  2981 V Configuration: Updating configuration, locales updated from [en_US] to [th]
05-09 06:05:14.904  1485  2981 V Configuration: Updating configuration, locales updated from [en_US] to [th_TH]
05-09 06:05:14.905  1485  2981 V Configuration: Updating configuration, locales updated from [en_US] to [tr]
05-09 06:05:14.905  1485  2981 V Configuration: Updating configuration, locales updated from [en_US] to [tr_TR]
05-09 06:05:14.905  1485  2981 V Configuration: Updating configuration, locales updated from [en_US] to [uk]
05-09 06:05:14.905  1485  2981 V Configuration: Updating configuration, locales updated from [en_US] to [uk_UA]
05-09 06:05:14.906  1485  2981 V Configuration: Updating configuration, locales updated from [en_US] to [ur]
05-09 06:05:14.906  1485  2981 V Configuration: Updating configuration, locales updated from [en_US] to [uz]
05-09 06:05:14.906  1485  2981 V Configuration: Updating configuration, locales updated from [en_US] to [vi]
05-09 06:05:14.907  1485  2981 V Configuration: Updating configuration, locales updated from [en_US] to [vi_VN]
05-09 06:05:14.907  1485  2981 V Configuration: Updating configuration, locales updated from [en_US] to [zh_CN]
05-09 06:05:14.907  1485  2981 V Configuration: Updating configuration, locales updated from [en_US] to [zh_HK]
05-09 06:05:14.907  1485  2981 V Configuration: Updating configuration, locales updated from [en_US] to [zh_TW]
05-09 06:05:14.908  1485  2981 V Configuration: Updating configuration, locales updated from [en_US] to [zu]
05-09 06:05:14.908  1485  2981 V Configuration: Updating configuration, locales updated from [en_US] to [zu_ZA]
05-09 06:05:14.915 29246 29246 D ActivityThread: Package [com.facebook.orca] reported as REPLACED, but missing application info. Assuming REMOVED.
05-09 06:05:14.916 29246 29246 D ActivityThread: Package [com.facebook.orca] reported as REPLACED, but missing application info. Assuming REMOVED.
05-09 06:05:14.944  1485  3230 W ProcessStats: Tracking association SourceState{74c281d com.android.vending:background/10156 ImpBg #355070} whose proc state 6 is better than process ProcessState{fea2128 com.android.vending/10156 pkg=com.android.vending} proc state 14 (46 skipped)
05-09 06:05:14.989  1485  3230 D ActivityManager: sync unfroze 22413 com.google.android.apps.wellbeing for 7
05-09 06:05:14.989  1485  2110 D BackgroundInstallControlService: Package event received: 0
05-09 06:05:14.991 22413 22413 D ActivityThread: Package [com.facebook.orca] reported as REPLACED, but missing application info. Assuming REMOVED.
05-09 06:05:14.994 22413 22413 D ActivityThread: Package [com.facebook.orca] reported as REPLACED, but missing application info. Assuming REMOVED.
05-09 06:05:15.026  1485  1742 D CompatChangeReporter: Compat change id reported: 441041342; UID 10281; state: ENABLED
05-09 06:05:15.039  1485  3230 V Configuration: Updating configuration, locales updated from [] to [en_US]
05-09 06:05:15.040  1485  3230 V Configuration: Updating configuration, locales updated from [] to [en_US]
05-09 06:05:15.040  1485  3230 V Configuration: Updating configuration, locales updated from [] to [en_US]
05-09 06:05:15.040  1485  3230 V Configuration: Updating configuration, locales updated from [] to [en_US]
05-09 06:05:15.040  1485  3230 V Configuration: Updating configuration, locales updated from [] to [en_US]
05-09 06:05:15.040  1485  3230 V Configuration: Updating configuration, locales updated from [] to [en_US]
05-09 06:05:15.040  1485  3230 V Configuration: Updating configuration, locales updated from [] to [en_US]
05-09 06:05:15.040  1485  3230 V Configuration: Updating configuration, locales updated from [] to [en_US]
05-09 06:05:15.040  1485  3230 V Configuration: Updating configuration, locales updated from [] to [en_US]
05-09 06:05:15.040  1485  3230 V Configuration: Updating configuration, locales updated from [] to [en_US]
05-09 06:05:15.040  1485  3230 V Configuration: Updating configuration, locales updated from [] to [en_US]
05-09 06:05:15.040  1485  3230 V Configuration: Updating configuration, locales updated from [] to [en_US]
05-09 06:05:15.047  1485  3230 D IntervalStats: Unable to parse usage stats packages: [28, 269, 287, 397, 435, 502, 620, 669, 680, 692, 699, 715, 763, 804, 816, 846, 858, 922, 1025, 1041, 1051, 1052, 1055, 1057, 1068, 1069, 1070, 1071, 1073, 1074, 1075, 1077, 1078, 1080, 1081, 1083, 1086, 1092, 1093, 1098, 1099, 1104, 1105, 1106, 1107, 1111, 1116, 1119, 1122, 1158, 1175, 1176, 1181, 1186, 1187, 1190, 1192, 1193, 1194, 1195, 1196, 1209, 1226, 1250, 1295, 1296, 1297, 1298, 1299, 1300]
05-09 06:05:15.048  1485  1743 I ActivityManager: Start proc 30280:com.facebook.orca:pretosproc/u0a281 for broadcast {com.facebook.orca/com.facebook.appcomponentmanager.fb.FbAppComponentReceiver}
05-09 06:05:15.152  1485  3366 V Configuration: Updating configuration, locales updated from [] to [en_US]
05-09 06:05:15.152  1485  3366 V Configuration: Updating configuration, locales updated from [] to [en_US]
05-09 06:05:15.152  1485  3366 V Configuration: Updating configuration, locales updated from [] to [en_US]
05-09 06:05:15.152  1485  3366 V Configuration: Updating configuration, locales updated from [] to [en_US]
05-09 06:05:15.152  1485  3366 V Configuration: Updating configuration, locales updated from [] to [en_US]
05-09 06:05:15.152  1485  3366 V Configuration: Updating configuration, locales updated from [] to [en_US]
05-09 06:05:15.153  1485  3366 V Configuration: Updating configuration, locales updated from [] to [en_US]
05-09 06:05:15.153  1485  3366 V Configuration: Updating configuration, locales updated from [] to [en_US]
05-09 06:05:15.153  1485  3366 V Configuration: Updating configuration, locales updated from [] to [en_US]
05-09 06:05:15.153  1485  3366 V Configuration: Updating configuration, locales updated from [] to [en_US]
05-09 06:05:15.153  1485  3366 V Configuration: Updating configuration, locales updated from [] to [en_US]
05-09 06:05:15.153  1485  3366 V Configuration: Updating configuration, locales updated from [] to [en_US]
05-09 06:05:15.154  1485  3366 D IntervalStats: Unable to parse usage stats packages: [28, 269, 287, 397, 435, 502, 620, 669, 680, 692, 699, 715, 763, 804, 816, 846, 858, 922, 1025, 1041, 1051, 1052, 1055, 1057, 1068, 1069, 1070, 1071, 1073, 1074, 1075, 1077, 1078, 1080, 1081, 1083, 1086, 1092, 1093, 1098, 1099, 1104, 1105, 1106, 1107, 1111, 1116, 1119, 1122, 1158, 1175, 1176, 1181, 1186, 1187, 1190, 1192, 1193, 1194, 1195, 1196, 1209, 1226, 1250, 1295, 1296, 1297, 1298, 1299, 1300]
05-09 06:05:15.206 16250 16250 D ActivityThread: Package [com.facebook.orca] reported as REPLACED, but missing application info. Assuming REMOVED.
05-09 06:05:15.206 16250 16250 D ActivityThread: Package [com.facebook.orca] reported as REPLACED, but missing application info. Assuming REMOVED.
05-09 06:05:15.332  1485  2110 D BackgroundInstallControlService: Package event received: 0
05-09 06:05:15.334  1485  2018 V AccessibilityUserState: updateShortcutTargets: type:accessibility_shortcut_target_service, current:{}, new:{}
05-09 06:05:15.334  1485  2018 V AccessibilityUserState: updateShortcutTargets: type:accessibility_qs_targets, current:{com.android.server.accessibility/ColorInversion}, new:{com.android.server.accessibility/ColorInversion}
05-09 06:05:15.334  1485  2018 V AccessibilityUserState: updateShortcutTargets: type:accessibility_button_targets, current:{}, new:{}
05-09 06:05:15.334  1485  2018 V AccessibilityUserState: updateShortcutTargets: type:accessibility_gesture_targets, current:{}, new:{}
05-09 06:05:15.335  1485  2018 V AccessibilityUserState: updateShortcutTargets: type:accessibility_key_gesture_targets, current:{}, new:{}
05-09 06:05:15.335  1485  2018 V AccessibilityManagerService: onUserStateChangedLocked for userId: 0, forceUpdate: false
05-09 06:05:15.338  1485  2018 V AccessibilityUserState: updateShortcutTargets: type:accessibility_shortcut_target_service, current:{}, new:{}
05-09 06:05:15.339  1485  2018 V AccessibilityUserState: updateShortcutTargets: type:accessibility_button_targets, current:{}, new:{}
05-09 06:05:15.339  1485  2018 V AccessibilityUserState: updateShortcutTargets: type:accessibility_gesture_targets, current:{}, new:{}
05-09 06:05:15.341  1485  2110 D BackgroundInstallControlService: Package event received: 0
05-09 06:05:15.341  1485  2018 V AccessibilityUserState: updateShortcutTargets: type:accessibility_qs_targets, current:{com.android.server.accessibility/ColorInversion}, new:{com.android.server.accessibility/ColorInversion}
05-09 06:05:15.341  1485  2018 V AccessibilityUserState: updateShortcutTargets: type:accessibility_key_gesture_targets, current:{}, new:{}
05-09 06:05:15.342  1485  2018 W MagnificationConnectionManager: requestConnection duplicated request: connect=false, mConnectionState=DISCONNECTED
05-09 06:05:15.342  1485  2018 V AccessibilityUserState: updateShortcutTargets: type:accessibility_button_targets, current:{}, new:{}
05-09 06:05:15.342  1485  2018 V AccessibilityUserState: updateShortcutTargets: type:accessibility_qs_targets, current:{com.android.server.accessibility/ColorInversion}, new:{com.android.server.accessibility/ColorInversion}
05-09 06:05:15.346  1485  2110 D BackgroundInstallControlService: Package event received: 0
05-09 06:05:15.349  1485  2110 D BackgroundInstallControlService: Package event received: 0
05-09 06:05:15.351  1485  2110 D BackgroundInstallControlService: Package event received: 0
05-09 06:05:15.356  1485  2110 D BackgroundInstallControlService: Package event received: 0
05-09 06:05:15.357  1485  2110 D BackgroundInstallControlService: Package event received: 0
05-09 06:05:15.357  1485  2018 V AccessibilityUserState: updateShortcutTargets: type:accessibility_shortcut_target_service, current:{}, new:{}
05-09 06:05:15.357  1485  2018 V AccessibilityUserState: updateShortcutTargets: type:accessibility_qs_targets, current:{com.android.server.accessibility/ColorInversion}, new:{com.android.server.accessibility/ColorInversion}
05-09 06:05:15.358  1485  2018 V AccessibilityUserState: updateShortcutTargets: type:accessibility_button_targets, current:{}, new:{}
05-09 06:05:15.358  1485  2018 V AccessibilityUserState: updateShortcutTargets: type:accessibility_gesture_targets, current:{}, new:{}
05-09 06:05:15.358  1485  2018 V AccessibilityUserState: updateShortcutTargets: type:accessibility_key_gesture_targets, current:{}, new:{}
05-09 06:05:15.358  1485  2018 V AccessibilityManagerService: onUserStateChangedLocked for userId: 0, forceUpdate: false
05-09 06:05:15.360  1485  2110 D BackgroundInstallControlService: Package event received: 0
05-09 06:05:15.360  1485  2018 V AccessibilityUserState: updateShortcutTargets: type:accessibility_shortcut_target_service, current:{}, new:{}
05-09 06:05:15.360  1485  2018 V AccessibilityUserState: updateShortcutTargets: type:accessibility_button_targets, current:{}, new:{}
05-09 06:05:15.360  1485  2018 V AccessibilityUserState: updateShortcutTargets: type:accessibility_gesture_targets, current:{}, new:{}
05-09 06:05:15.360  1485  2018 V AccessibilityUserState: updateShortcutTargets: type:accessibility_qs_targets, current:{com.android.server.accessibility/ColorInversion}, new:{com.android.server.accessibility/ColorInversion}
05-09 06:05:15.361  1485  2018 V AccessibilityUserState: updateShortcutTargets: type:accessibility_key_gesture_targets, current:{}, new:{}
05-09 06:05:15.361  1485  2018 W MagnificationConnectionManager: requestConnection duplicated request: connect=false, mConnectionState=DISCONNECTED
05-09 06:05:15.362  1485  2110 D BackgroundInstallControlService: Package event received: 0
05-09 06:05:15.492  1485  3786 E AppOps  : attributionTag VCN not declared in manifest of android
05-09 06:05:15.585  1485  3364 I ActivityManager: Background started FGS: Allowed [callingPackage: com.google.android.odad; callingUid: 10111; uidState: IMPF; uidBFSL: n/a; intent: Intent { xflg=0x4 cmp=com.google.android.odad/com.google.android.apps.miphone.odad.backgroundwork.impl.WorkService (has extras) }; code:BACKGROUND_ACTIVITY_PERMISSION; tempAllowListReason:<null>; allowWiu:58; targetSdkVersion:36; callerTargetSdkVersion:36; startForegroundCount:0; bindFromPackage:null: isBindService:false]
05-09 06:05:15.599  1485  3366 W ForegroundServiceTypeLoggerModule: Foreground service start for UID: 10111 does not have any types
05-09 06:05:15.599  1485  2110 D BackgroundInstallControlService: Package event received: 0
05-09 06:05:15.713  1485  3366 V Configuration: Updating configuration, locales updated from [] to [en_US]
05-09 06:05:15.713  1485  3366 V Configuration: Updating configuration, locales updated from [] to [en_US]
05-09 06:05:15.713  1485  3366 V Configuration: Updating configuration, locales updated from [] to [en_US]
05-09 06:05:15.713  1485  3366 V Configuration: Updating configuration, locales updated from [] to [en_US]
05-09 06:05:15.713  1485  3366 V Configuration: Updating configuration, locales updated from [] to [en_US]
05-09 06:05:15.713  1485  3366 V Configuration: Updating configuration, locales updated from [] to [en_US]
05-09 06:05:15.713  1485  3366 V Configuration: Updating configuration, locales updated from [] to [en_US]
05-09 06:05:15.713  1485  3366 V Configuration: Updating configuration, locales updated from [] to [en_US]
05-09 06:05:15.713  1485  3366 V Configuration: Updating configuration, locales updated from [] to [en_US]
05-09 06:05:15.713  1485  3366 V Configuration: Updating configuration, locales updated from [] to [en_US]
05-09 06:05:15.713  1485  3366 V Configuration: Updating configuration, locales updated from [] to [en_US]
05-09 06:05:15.713  1485  3366 V Configuration: Updating configuration, locales updated from [] to [en_US]
05-09 06:05:15.713  1485  3366 D IntervalStats: Unable to parse usage stats packages: [28, 269, 287, 397, 435, 502, 620, 669, 680, 692, 699, 715, 763, 804, 816, 846, 858, 922, 1025, 1041, 1051, 1052, 1055, 1057, 1068, 1069, 1070, 1071, 1073, 1074, 1075, 1077, 1078, 1080, 1081, 1083, 1086, 1092, 1093, 1098, 1099, 1104, 1105, 1106, 1107, 1111, 1116, 1119, 1122, 1158, 1175, 1176, 1181, 1186, 1187, 1190, 1192, 1193, 1194, 1195, 1196, 1209, 1226, 1250, 1295, 1296, 1297, 1298, 1299, 1300]
05-09 06:05:15.745  1485  3366 V Configuration: Updating configuration, locales updated from [] to [en_US]
05-09 06:05:15.745  1485  3366 V Configuration: Updating configuration, locales updated from [] to [en_US]
05-09 06:05:15.745  1485  3366 V Configuration: Updating configuration, locales updated from [] to [en_US]
05-09 06:05:15.745  1485  3366 V Configuration: Updating configuration, locales updated from [] to [en_US]
05-09 06:05:15.745  1485  3366 V Configuration: Updating configuration, locales updated from [] to [en_US]
05-09 06:05:15.745  1485  3366 V Configuration: Updating configuration, locales updated from [] to [en_US]
05-09 06:05:15.745  1485  3366 V Configuration: Updating configuration, locales updated from [] to [en_US]
05-09 06:05:15.745  1485  3366 V Configuration: Updating configuration, locales updated from [] to [en_US]
05-09 06:05:15.745  1485  3366 V Configuration: Updating configuration, locales updated from [] to [en_US]
05-09 06:05:15.745  1485  3366 V Configuration: Updating configuration, locales updated from [] to [en_US]
05-09 06:05:15.745  1485  3366 V Configuration: Updating configuration, locales updated from [] to [en_US]
05-09 06:05:15.745  1485  3366 V Configuration: Updating configuration, locales updated from [] to [en_US]
05-09 06:05:15.745  1485  3366 D IntervalStats: Unable to parse usage stats packages: [28, 269, 287, 397, 435, 502, 620, 669, 680, 692, 699, 715, 763, 804, 816, 846, 858, 922, 1025, 1041, 1051, 1052, 1055, 1057, 1068, 1069, 1070, 1071, 1073, 1074, 1075, 1077, 1078, 1080, 1081, 1083, 1086, 1092, 1093, 1098, 1099, 1104, 1105, 1106, 1107, 1111, 1116, 1119, 1122, 1158, 1175, 1176, 1181, 1186, 1187, 1190, 1192, 1193, 1194, 1195, 1196, 1209, 1226, 1250, 1295, 1296, 1297, 1298, 1299, 1300]
05-09 06:05:16.185  1485  3230 W PackageManager: Cannot suspend package "com.android.dynsystem": has OP_SYSTEM_EXEMPT_FROM_SUSPENSION set
05-09 06:05:16.187  1485  3230 W PackageManager: Cannot suspend package "com.google.android.settings.future.biometrics.faceenroll": has OP_SYSTEM_EXEMPT_FROM_SUSPENSION set
05-09 06:05:16.191  1485  3230 W PackageManager: Cannot suspend package "com.android.vending": required for package verification
05-09 06:05:16.192  1485  3230 W PackageManager: Cannot suspend package "com.google.android.apps.work.oobconfig": protected package
05-09 06:05:16.192  1485  3230 W PackageManager: Cannot suspend package "android": has OP_SYSTEM_EXEMPT_FROM_SUSPENSION set
05-09 06:05:16.193  1485  3230 W PackageManager: Cannot suspend package "com.android.qns": has OP_SYSTEM_EXEMPT_FROM_SUSPENSION set
05-09 06:05:16.196  1485  3230 W PackageManager: Cannot suspend package "com.google.android.permissioncontroller": required for permissions management
05-09 06:05:16.197  1485  3230 W PackageManager: Cannot suspend package "com.android.providers.settings": has OP_SYSTEM_EXEMPT_FROM_SUSPENSION set
05-09 06:05:16.197  1485  3230 W PackageManager: Cannot suspend package "com.google.android.iwlan": has OP_SYSTEM_EXEMPT_FROM_SUSPENSION set
05-09 06:05:16.199  1485  3230 W PackageManager: Cannot suspend package "com.android.inputdevices": has OP_SYSTEM_EXEMPT_FROM_SUSPENSION set
05-09 06:05:16.199  1485  3230 W PackageManager: Cannot suspend package "com.google.android.dialer": is the default dialer
05-09 06:05:16.202  1485  3230 W PackageManager: Cannot suspend package "com.android.server.telecom": has OP_SYSTEM_EXEMPT_FROM_SUSPENSION set
05-09 06:05:16.202  1485  3230 W PackageManager: Cannot suspend package "com.android.keychain": has OP_SYSTEM_EXEMPT_FROM_SUSPENSION set
05-09 06:05:16.203  1485  3230 W PackageManager: Cannot suspend package "com.google.android.packageinstaller": required for package installation
05-09 06:05:16.205  1485  3230 W PackageManager: Cannot suspend package "com.android.localtransport": has OP_SYSTEM_EXEMPT_FROM_SUSPENSION set
05-09 06:05:16.206  1485  3230 W PackageManager: Cannot suspend package "com.google.android.apps.nexuslauncher": contains the active launcher
05-09 06:05:16.206  1485  3230 W PackageManager: Cannot suspend package "com.google.SSRestartDetector": has OP_SYSTEM_EXEMPT_FROM_SUSPENSION set
05-09 06:05:16.209  1485  3230 W PackageManager: Cannot suspend package "com.android.settings": has OP_SYSTEM_EXEMPT_FROM_SUSPENSION set
05-09 06:05:16.211  1485  3230 W PackageManager: Cannot suspend package "com.android.location.fused": has OP_SYSTEM_EXEMPT_FROM_SUSPENSION set
05-09 06:05:16.219  1485  3230 W PackageManager: Cannot suspend package "com.google.pixel.camera.services": has OP_SYSTEM_EXEMPT_FROM_SUSPENSION set
05-09 06:05:16.219  1485  3230 W PackageManager: Cannot suspend package "com.google.android.repairmode": has OP_SYSTEM_EXEMPT_FROM_SUSPENSION set
05-09 06:05:16.219  1485  3230 W PackageManager: Cannot suspend package "com.android.DeviceAsWebcam": has OP_SYSTEM_EXEMPT_FROM_SUSPENSION set
05-09 06:05:16.225  1485  3230 W PackageManager: Cannot suspend package "com.google.android.verifier": required for package verification service
05-09 06:05:16.402  1485  1778 I AppsFilter: interaction: PackageSetting{6183ce9 com.google.android.microdroid.empty_payload/10365} -> PackageSetting{1c883d5 com.facebook.orca/10281} BLOCKED
05-09 06:05:16.421  1485  2109 D ShortcutService: received package broadcast intent: Intent { act=android.intent.action.PACKAGE_CHANGED dat=package: flg=0x45000010 (has extras) }
05-09 06:05:16.421  1485  2109 D ShortcutService: changing package: com.facebook.orca userId=0
05-09 06:05:16.439  1485  4283 I DevicePolicyManager: Found incompatible accounts on any user, not allowing bypassing
05-09 06:05:16.442  1485  4283 I DevicePolicyManager: Found incompatible accounts on any user, not allowing bypassing
05-09 06:05:16.455  1485  2018 V AccessibilityUserState: updateShortcutTargets: type:accessibility_shortcut_target_service, current:{}, new:{}
05-09 06:05:16.459  1485  2110 D BackgroundInstallControlService: Package event received: 0
05-09 06:05:16.460  1485  2018 V AccessibilityUserState: updateShortcutTargets: type:accessibility_qs_targets, current:{com.android.server.accessibility/ColorInversion}, new:{com.android.server.accessibility/ColorInversion}
05-09 06:05:16.460  1485  2018 V AccessibilityUserState: updateShortcutTargets: type:accessibility_button_targets, current:{}, new:{}
05-09 06:05:16.460  1485  2018 V AccessibilityUserState: updateShortcutTargets: type:accessibility_gesture_targets, current:{}, new:{}
05-09 06:05:16.460  1485  2018 V AccessibilityUserState: updateShortcutTargets: type:accessibility_key_gesture_targets, current:{}, new:{}
05-09 06:05:16.469  1485  2018 V AccessibilityManagerService: onUserStateChangedLocked for userId: 0, forceUpdate: false
05-09 06:05:16.470  1485  2018 V AccessibilityUserState: updateShortcutTargets: type:accessibility_shortcut_target_service, current:{}, new:{}
05-09 06:05:16.470  1485  2018 V AccessibilityUserState: updateShortcutTargets: type:accessibility_button_targets, current:{}, new:{}
05-09 06:05:16.470  1485  2018 V AccessibilityUserState: updateShortcutTargets: type:accessibility_gesture_targets, current:{}, new:{}
05-09 06:05:16.470  1485  2018 V AccessibilityUserState: updateShortcutTargets: type:accessibility_qs_targets, current:{com.android.server.accessibility/ColorInversion}, new:{com.android.server.accessibility/ColorInversion}
05-09 06:05:16.470  1485  2018 V AccessibilityUserState: updateShortcutTargets: type:accessibility_key_gesture_targets, current:{}, new:{}
05-09 06:05:16.470  1485  2018 W MagnificationConnectionManager: requestConnection duplicated request: connect=false, mConnectionState=DISCONNECTED
05-09 06:05:17.618  1485  2445 D ActivityManager: sync unfroze 24861 com.google.android.apps.turbo for 6
05-09 06:05:17.619 24861 24861 D ActivityThread: Package [com.facebook.orca] reported as REPLACED, but missing application info. Assuming REMOVED.
05-09 06:05:17.622 24861 24861 D ActivityThread: Package [com.facebook.orca] reported as REPLACED, but missing application info. Assuming REMOVED.
05-09 06:05:17.631  1485  2110 D BackgroundInstallControlService: Package event received: 0
05-09 06:05:17.631  1485  2110 D BackgroundInstallControlService: Package event received: 0
05-09 06:05:17.657  1485  1485 I RemoteContentProtectionService: Connection status for: ComponentInfo{com.google.android.odad/com.google.android.apps.miphone.odad.contentprotection.ContentProtectionService} changed to: disconnected
05-09 06:05:17.886  1485  2445 W ForegroundServiceTypeLoggerModule: FGS stop call for: 10111 has no types!
05-09 06:05:17.887  1485  2110 D BackgroundInstallControlService: Package event received: 0
05-09 06:05:17.962  1485  1778 I AppsFilter: interaction: PackageSetting{6183ce9 com.google.android.microdroid.empty_payload/10365} -> PackageSetting{9a0c035 com.facebook.orca/10281} BLOCKED
05-09 06:05:17.977  1485  2109 D ShortcutService: received package broadcast intent: Intent { act=android.intent.action.PACKAGE_CHANGED dat=package: flg=0x45000010 (has extras) }
05-09 06:05:17.987  1485  2109 D ShortcutService: changing package: com.facebook.orca userId=0
05-09 06:05:18.000  1485  2018 V AccessibilityUserState: updateShortcutTargets: type:accessibility_shortcut_target_service, current:{}, new:{}
05-09 06:05:18.000  1485  2018 V AccessibilityUserState: updateShortcutTargets: type:accessibility_qs_targets, current:{com.android.server.accessibility/ColorInversion}, new:{com.android.server.accessibility/ColorInversion}
05-09 06:05:18.000  1485  2018 V AccessibilityUserState: updateShortcutTargets: type:accessibility_button_targets, current:{}, new:{}
05-09 06:05:18.000  1485  2018 V AccessibilityUserState: updateShortcutTargets: type:accessibility_gesture_targets, current:{}, new:{}
05-09 06:05:18.000  1485  2018 V AccessibilityUserState: updateShortcutTargets: type:accessibility_key_gesture_targets, current:{}, new:{}
05-09 06:05:18.001  1485  2018 V AccessibilityManagerService: onUserStateChangedLocked for userId: 0, forceUpdate: false
05-09 06:05:18.001  1485  2018 V AccessibilityUserState: updateShortcutTargets: type:accessibility_shortcut_target_service, current:{}, new:{}
05-09 06:05:18.001  1485  2018 V AccessibilityUserState: updateShortcutTargets: type:accessibility_button_targets, current:{}, new:{}
05-09 06:05:18.001  1485  2018 V AccessibilityUserState: updateShortcutTargets: type:accessibility_gesture_targets, current:{}, new:{}
05-09 06:05:18.001  1485  2018 V AccessibilityUserState: updateShortcutTargets: type:accessibility_qs_targets, current:{com.android.server.accessibility/ColorInversion}, new:{com.android.server.accessibility/ColorInversion}
05-09 06:05:18.001  1485  2018 V AccessibilityUserState: updateShortcutTargets: type:accessibility_key_gesture_targets, current:{}, new:{}
05-09 06:05:18.001  1485  2018 W MagnificationConnectionManager: requestConnection duplicated request: connect=false, mConnectionState=DISCONNECTED
05-09 06:05:18.002  1485  4283 I DevicePolicyManager: Found incompatible accounts on any user, not allowing bypassing
05-09 06:05:18.004  1485  4283 I DevicePolicyManager: Found incompatible accounts on any user, not allowing bypassing
05-09 06:05:18.998  1485  1778 I AppsFilter: interaction: PackageSetting{6183ce9 com.google.android.microdroid.empty_payload/10365} -> PackageSetting{c524dbb com.facebook.orca/10281} BLOCKED
05-09 06:05:19.037  1485  2109 D ShortcutService: received package broadcast intent: Intent { act=android.intent.action.PACKAGE_CHANGED dat=package: flg=0x45000010 (has extras) }
05-09 06:05:19.037  1485  2109 D ShortcutService: changing package: com.facebook.orca userId=0
05-09 06:05:19.090  1485  2018 V AccessibilityUserState: updateShortcutTargets: type:accessibility_shortcut_target_service, current:{}, new:{}
05-09 06:05:19.090  1485  2018 V AccessibilityUserState: updateShortcutTargets: type:accessibility_qs_targets, current:{com.android.server.accessibility/ColorInversion}, new:{com.android.server.accessibility/ColorInversion}
05-09 06:05:19.090  1485  2018 V AccessibilityUserState: updateShortcutTargets: type:accessibility_button_targets, current:{}, new:{}
05-09 06:05:19.092  1485  2018 V AccessibilityUserState: updateShortcutTargets: type:accessibility_gesture_targets, current:{}, new:{}
05-09 06:05:19.092  1485  2018 V AccessibilityUserState: updateShortcutTargets: type:accessibility_key_gesture_targets, current:{}, new:{}
05-09 06:05:19.092  1485  4283 I DevicePolicyManager: Found incompatible accounts on any user, not allowing bypassing
05-09 06:05:19.092  1485  3230 W AppOpService: Ignored setUidMode call for runtime permission app op: uid = 1001, code = READ_SMS, mode = allow, callingUid = 1001, oldMode = allow
05-09 06:05:19.092  1485  2109 D ShortcutService: received package broadcast intent: Intent { act=android.intent.action.PACKAGE_CHANGED dat=package: flg=0x45000010 (has extras) }
05-09 06:05:19.092  1485  2109 D ShortcutService: changing package: com.facebook.orca userId=0
05-09 06:05:19.093  1485  2018 V AccessibilityManagerService: onUserStateChangedLocked for userId: 0, forceUpdate: false
05-09 06:05:19.093  1485  3230 W AppOpService: Ignored setUidMode call for runtime permission app op: uid = 1001, code = RECEIVE_SMS, mode = allow, callingUid = 1001, oldMode = allow
05-09 06:05:19.094  1485  2445 W AppOpService: Ignored setUidMode call for runtime permission app op: uid = 1001, code = RECEIVE_WAP_PUSH, mode = allow, callingUid = 1001, oldMode = allow
05-09 06:05:19.094  1485  2445 W AppOpService: Ignored setUidMode call for runtime permission app op: uid = 1001, code = SEND_SMS, mode = allow, callingUid = 1001, oldMode = allow
05-09 06:05:19.094  1485  2445 W AppOpService: Ignored setUidMode call for runtime permission app op: uid = 1001, code = READ_CELL_BROADCASTS, mode = allow, callingUid = 1001, oldMode = allow
05-09 06:05:19.095  1485  2018 V AccessibilityUserState: updateShortcutTargets: type:accessibility_shortcut_target_service, current:{}, new:{}
05-09 06:05:19.095  1485  2018 V AccessibilityUserState: updateShortcutTargets: type:accessibility_button_targets, current:{}, new:{}
05-09 06:05:19.095  1485  2018 V AccessibilityUserState: updateShortcutTargets: type:accessibility_gesture_targets, current:{}, new:{}
05-09 06:05:19.095  1485  2018 V AccessibilityUserState: updateShortcutTargets: type:accessibility_qs_targets, current:{com.android.server.accessibility/ColorInversion}, new:{com.android.server.accessibility/ColorInversion}
05-09 06:05:19.095  1485  2018 V AccessibilityUserState: updateShortcutTargets: type:accessibility_key_gesture_targets, current:{}, new:{}
05-09 06:05:19.095  1485  2018 W MagnificationConnectionManager: requestConnection duplicated request: connect=false, mConnectionState=DISCONNECTED
05-09 06:05:19.098  1485  4283 I DevicePolicyManager: Found incompatible accounts on any user, not allowing bypassing
05-09 06:05:19.107  1485  2445 W AppOpService: Ignored setUidMode call for runtime permission app op: uid = 1001, code = READ_SMS, mode = allow, callingUid = 1001, oldMode = allow
05-09 06:05:19.108  1485  2445 W AppOpService: Ignored setUidMode call for runtime permission app op: uid = 1001, code = RECEIVE_SMS, mode = allow, callingUid = 1001, oldMode = allow
05-09 06:05:19.108  1485  3364 W AppOpService: Ignored setUidMode call for runtime permission app op: uid = 1001, code = RECEIVE_WAP_PUSH, mode = allow, callingUid = 1001, oldMode = allow
05-09 06:05:19.108  1485  3364 W AppOpService: Ignored setUidMode call for runtime permission app op: uid = 1001, code = SEND_SMS, mode = allow, callingUid = 1001, oldMode = allow
05-09 06:05:19.108  1485  3364 W AppOpService: Ignored setUidMode call for runtime permission app op: uid = 1001, code = READ_CELL_BROADCASTS, mode = allow, callingUid = 1001, oldMode = allow
05-09 06:05:20.062  1485  4283 I DevicePolicyManager: Found incompatible accounts on any user, not allowing bypassing
05-09 06:05:20.064  1485  4283 I DevicePolicyManager: Found incompatible accounts on any user, not allowing bypassing
05-09 06:05:20.952  1485  1778 I AppsFilter: interaction: PackageSetting{6183ce9 com.google.android.microdroid.empty_payload/10365} -> PackageSetting{28a9de8 com.facebook.orca/10281} BLOCKED
05-09 06:05:20.978  1485  2109 D ShortcutService: received package broadcast intent: Intent { act=android.intent.action.PACKAGE_CHANGED dat=package: flg=0x45000010 (has extras) }
05-09 06:05:20.978  1485  2109 D ShortcutService: changing package: com.facebook.orca userId=0
05-09 06:05:20.998  1485  2018 V AccessibilityUserState: updateShortcutTargets: type:accessibility_shortcut_target_service, current:{}, new:{}
05-09 06:05:20.999  1485  2018 V AccessibilityUserState: updateShortcutTargets: type:accessibility_qs_targets, current:{com.android.server.accessibility/ColorInversion}, new:{com.android.server.accessibility/ColorInversion}
05-09 06:05:20.999  1485  2018 V AccessibilityUserState: updateShortcutTargets: type:accessibility_button_targets, current:{}, new:{}
05-09 06:05:20.999  1485  2018 V AccessibilityUserState: updateShortcutTargets: type:accessibility_gesture_targets, current:{}, new:{}
05-09 06:05:20.999  1485  2018 V AccessibilityUserState: updateShortcutTargets: type:accessibility_key_gesture_targets, current:{}, new:{}
05-09 06:05:20.999  1485  2018 V AccessibilityManagerService: onUserStateChangedLocked for userId: 0, forceUpdate: false
05-09 06:05:21.000  1485  2018 V AccessibilityUserState: updateShortcutTargets: type:accessibility_shortcut_target_service, current:{}, new:{}
05-09 06:05:21.000  1485  2018 V AccessibilityUserState: updateShortcutTargets: type:accessibility_button_targets, current:{}, new:{}
05-09 06:05:21.000  1485  2018 V AccessibilityUserState: updateShortcutTargets: type:accessibility_gesture_targets, current:{}, new:{}
05-09 06:05:21.000  1485  2018 V AccessibilityUserState: updateShortcutTargets: type:accessibility_qs_targets, current:{com.android.server.accessibility/ColorInversion}, new:{com.android.server.accessibility/ColorInversion}
05-09 06:05:21.000  1485  2018 V AccessibilityUserState: updateShortcutTargets: type:accessibility_key_gesture_targets, current:{}, new:{}
05-09 06:05:21.001  1485  2018 W MagnificationConnectionManager: requestConnection duplicated request: connect=false, mConnectionState=DISCONNECTED
05-09 06:05:21.001  1485  3062 W AppOpService: Ignored setUidMode call for runtime permission app op: uid = 1001, code = READ_SMS, mode = allow, callingUid = 1001, oldMode = allow
05-09 06:05:21.005  1485  3062 W AppOpService: Ignored setUidMode call for runtime permission app op: uid = 1001, code = RECEIVE_SMS, mode = allow, callingUid = 1001, oldMode = allow
05-09 06:05:21.005  1485  3062 W AppOpService: Ignored setUidMode call for runtime permission app op: uid = 1001, code = RECEIVE_WAP_PUSH, mode = allow, callingUid = 1001, oldMode = allow
05-09 06:05:21.005  1485  3230 W AppOpService: Ignored setUidMode call for runtime permission app op: uid = 1001, code = SEND_SMS, mode = allow, callingUid = 1001, oldMode = allow
05-09 06:05:21.006  1485  3230 W AppOpService: Ignored setUidMode call for runtime permission app op: uid = 1001, code = READ_CELL_BROADCASTS, mode = allow, callingUid = 1001, oldMode = allow
05-09 06:05:21.020  1485  3062 W AppOpService: Ignored setUidMode call for runtime permission app op: uid = 1001, code = READ_SMS, mode = allow, callingUid = 1001, oldMode = allow
05-09 06:05:21.021  1485  3399 W AppOpService: Ignored setUidMode call for runtime permission app op: uid = 1001, code = RECEIVE_SMS, mode = allow, callingUid = 1001, oldMode = allow
05-09 06:05:21.021  1485  3399 W AppOpService: Ignored setUidMode call for runtime permission app op: uid = 1001, code = RECEIVE_WAP_PUSH, mode = allow, callingUid = 1001, oldMode = allow
05-09 06:05:21.022  1485  3062 W AppOpService: Ignored setUidMode call for runtime permission app op: uid = 1001, code = SEND_SMS, mode = allow, callingUid = 1001, oldMode = allow
05-09 06:05:21.022  1485  3399 W AppOpService: Ignored setUidMode call for runtime permission app op: uid = 1001, code = READ_CELL_BROADCASTS, mode = allow, callingUid = 1001, oldMode = allow
05-09 06:05:22.862 30248 30398 V ResourcesManager: The following library key has been added: ResourcesKey{ mHash=7bb180d7 mResDir=null mSplitDirs=[] mOverlayDirs=[] mLibDirs=[/data/app/~~RUwrxS2sRjiU85oMd8o2qQ==/com.google.android.webview-Ay00ZuBVZrA2YErc9lrlig==/base.apk,/system/framework/android.test.base.jar,/system_ext/framework/androidx.window.extensions.jar] mDisplayId=0 mOverrideConfig=v36 mCompatInfo={420dpi always-compat} mLoaders=[]}
05-09 06:05:23.532  1485  2110 D BackgroundInstallControlService: Package event received: 0
05-09 06:05:23.654  1485  3230 D ActivityManager: sync unfroze 748 com.mgoogle.android.gms for 7
05-09 06:05:23.655   748   748 D ActivityThread: Package [com.facebook.orca] reported as REPLACED, but missing application info. Assuming REMOVED.
05-09 06:05:23.656  1485  2110 D BackgroundInstallControlService: Package event received: 0
05-09 06:05:23.657   748   748 D ActivityThread: Package [com.facebook.orca] reported as REPLACED, but missing application info. Assuming REMOVED.
05-09 06:05:23.664  1485  1778 I AppsFilter: interaction: PackageSetting{6183ce9 com.google.android.microdroid.empty_payload/10365} -> PackageSetting{8ac3b9d com.facebook.orca/10281} BLOCKED
05-09 06:05:23.675  1485  2109 D ShortcutService: received package broadcast intent: Intent { act=android.intent.action.PACKAGE_CHANGED dat=package: flg=0x45000010 (has extras) }
05-09 06:05:23.675  1485  2109 D ShortcutService: changing package: com.facebook.orca userId=0
05-09 06:05:23.697  1485  4283 I DevicePolicyManager: Found incompatible accounts on any user, not allowing bypassing
05-09 06:05:23.701  1485  3786 W AppOpService: Ignored setUidMode call for runtime permission app op: uid = 1001, code = READ_SMS, mode = allow, callingUid = 1001, oldMode = allow
05-09 06:05:23.701  1485  3230 W AppOpService: Ignored setUidMode call for runtime permission app op: uid = 1001, code = RECEIVE_SMS, mode = allow, callingUid = 1001, oldMode = allow
05-09 06:05:23.701  1485  3230 W AppOpService: Ignored setUidMode call for runtime permission app op: uid = 1001, code = RECEIVE_WAP_PUSH, mode = allow, callingUid = 1001, oldMode = allow
05-09 06:05:23.701  1485  3230 W AppOpService: Ignored setUidMode call for runtime permission app op: uid = 1001, code = SEND_SMS, mode = allow, callingUid = 1001, oldMode = allow
05-09 06:05:23.701  1485  3230 W AppOpService: Ignored setUidMode call for runtime permission app op: uid = 1001, code = READ_CELL_BROADCASTS, mode = allow, callingUid = 1001, oldMode = allow
05-09 06:05:23.704  1485  4283 I DevicePolicyManager: Found incompatible accounts on any user, not allowing bypassing
05-09 06:05:23.714  1485  2109 D ShortcutService: received package broadcast intent: Intent { act=android.intent.action.PACKAGE_CHANGED dat=package: flg=0x45000010 (has extras) }
